(0: zhihu.com)
(1: google.com.au)
(2: empty)
(3: empty)
(4: google.co.th)
(5: empty)
(0: zhihu.com)
(1: google.com.au)
(2: empty)
(3: yahoo.co.jp)
(4: google.co.th)
(5: empty)
(0: google.co.kr)
(1: google.com.au)
(2: empty)
(3: yahoo.co.jp)
(4: google.co.th)
(5: aliexpress.com)
(6: empty)
(7: empty)
(0: google.co.kr)
(1: google.com.au)
(2: empty)
(3: yahoo.co.jp)
(4: google.co.th)
(5: instagram.com)
(6: empty)
(0: google.co.kr)
(1: google.com.au)
(2: empty)
(3: yahoo.co.jp)
(4: google.co.th)
(5: rakuten.co.jp)
(6: empty)
(7: empty)
(0: zhihu.com)
(1: google.com.au)
(2: empty)
(3: yahoo.co.jp)
(4: google.co.th)
(5: sohu.com)
(6: empty)
(7: empty)
(0: zhihu.com)
(1: google.com.au)
(2: empty)
(3: yahoo.co.jp)
(4: google.co.th)
(5: vk.com)
(6: empty)
(7: empty)
(8: taobao.com)
(9: empty)
(0: zhihu.com)
(1: google.com.au)
(2: empty)
(3: yahoo.co.jp)
(4: google.co.th)
(5: vk.com)
(6: empty)
(7: empty)
(8: taobao.com)
(9: empty)
(10: empty)
(0: zhihu.com)
(1: google.com.au)
(2: empty)
(3: yahoo.co.jp)
(4: google.co.th)
(5: vk.com)
(6: empty)
(7: empty)
(8: taobao.com)
(9: microsoft.com)
(10: empty)
(0: zhihu.com)
(1: google.com.au)
(2: empty)
(3: yahoo.co.jp)
(4: google.co.th)
(5: vk.com)
(6: empty)
(7: empty)
(8: taobao.com)
(9: microsoft.com)
(10: popads.net)
(11: empty)
(0: zhihu.com)
(1: google.com.au)
(2: empty)
(3: yahoo.co.jp)
(4: google.co.th)
(5: vk.com)
(6: empty)
(7: empty)
(8: taobao.com)
(9: microsoft.com)
(10: diply.com)
(11: empty)
(12: empty)
(13: 360.cn)
(0: zhihu.com)
(1: google.com.au)
(2: empty)
(3: yahoo.co.jp)
(4: google.co.th)
(5: vk.com)
(6: empty)
(7: empty)
(8: taobao.com)
(9: microsoft.com)
(10: diply.com)
(11: empty)
(12: empty)
(13: 360.cn)
(14: empty)
(15: empty)
(0: xinhuanet.com)
(1: google.com.au)
(2: tumblr.com)
(3: yahoo.co.jp)
(4: google.co.th)
(5: vk.com)
(6: empty)
(7: empty)
(8: taobao.com)
(9: microsoft.com)
(10: diply.com)
(11: empty)
(12: empty)
(13: 360.cn)
(14: empty)
(15: facebook.com)
(0: xinhuanet.com)
(1: fc2.com)
(2: tumblr.com)
(3: yahoo.co.jp)
(4: google.co.th)
(5: vk.com)
(6: empty)
(7: empty)
(8: taobao.com)
(9: microsoft.com)
(10: diply.com)
(11: empty)
(12: empty)
(13: 360.cn)
(14: empty)
