(0: gmw.cn)
(1: empty)
(2: empty)
(3: google.co.id)
(0: gmw.cn)
(1: empty)
(2: empty)
(3: google.co.id)
(4: empty)
(0: gmw.cn)
(1: empty)
(2: empty)
(3: google.co.id)
(4: empty)
(5: empty)
(0: gmw.cn)
(1: sohu.com)
(2: empty)
(3: google.co.id)
(4: empty)
(0: gmw.cn)
(1: googleweblight.com)
(2: empty)
(3: stackoverflow.com)
(4: empty)
(0: amazon.de)
(1: google.com.br)
(2: empty)
(3: google.co.id)
(4: empty)
(5: empty)
(0: alibaba.com)
(1: google.com.br)
(2: empty)
(3: google.co.id)
(4: empty)
(5: empty)
(6: empty)
(7: jd.com)
(8: empty)
(9: empty)
