(0: wordpress.com)
(1: empty)
(0: google.pl)
(1: google.fr)
(2: empty)
(0: onet.pl)
(1: google.fr)
(0: onet.pl)
(1: github.com)
(2: empty)
(0: onet.pl)
(1: imgur.com)
(0: yahoo.com)
(1: imgur.com)
(0: yahoo.com)
(1: imgur.com)
(2: google.co.in)
(0: yahoo.com)
(1: imgur.com)
(2: facebook.com)
(3: empty)
(0: yahoo.com)
(1: imgur.com)
(2: go.com)
(3: empty)
(4: empty)
(0: yahoo.com)
(1: imgur.com)
(2: go.com)
(3: empty)
(4: empty)
(5: empty)
(6: empty)
(0: 163.com)
(1: imgur.com)
(2: go.com)
(3: empty)
(4: empty)
(5: empty)
(6: cntv.cn)
(7: facebook.com)
(0: 163.com)
(1: imgur.com)
(2: netflix.com)
(3: empty)
(4: empty)
(5: empty)
(6: cntv.cn)
(7: facebook.com)
(8: empty)
(9: dropbox.com)
(0: 163.com)
(1: alipay.com)
(2: netflix.com)
(3: empty)
(4: empty)
(5: empty)
(6: cntv.cn)
(7: facebook.com)
(8: empty)
(9: dropbox.com)
(10: empty)
(11: empty)
(0: 163.com)
(1: alipay.com)
(2: netflix.com)
(3: empty)
(4: empty)
(5: empty)
(6: cntv.cn)
(7: facebook.com)
(8: empty)
(9: jd.com)
(10: empty)
(11: empty)
(12: weibo.com)
(0: 163.com)
(1: alipay.com)
(2: netflix.com)
(3: empty)
(4: empty)
(5: empty)
(6: cntv.cn)
(7: facebook.com)
(8: empty)
(9: jd.com)
(10: empty)
(11: empty)
(12: weibo.com)
(13: empty)
(14: empty)
(0: aliexpress.com)
(1: alipay.com)
(2: netflix.com)
(3: empty)
(4: empty)
(5: empty)
(6: cntv.cn)
(7: facebook.com)
(8: empty)
(9: jd.com)
(10: empty)
(11: empty)
(12: weibo.com)
(13: empty)
(14: empty)
(15: empty)
(0: aliexpress.com)
(1: alipay.com)
(2: netflix.com)
(3: empty)
(4: empty)
(5: empty)
(6: cntv.cn)
(7: facebook.com)
(8: booking.com)
(9: jd.com)
(10: empty)
(11: empty)
(12: weibo.com)
(13: empty)
(14: empty)
(15: empty)
(16: empty)
(17: chinadaily.com.cn)
(18: empty)
(0: google.es)
(1: alipay.com)
(2: netflix.com)
(3: empty)
(4: empty)
(5: empty)
(6: cntv.cn)
(7: facebook.com)
(8: booking.com)
(9: jd.com)
(10: empty)
(11: empty)
(12: weibo.com)
(13: empty)
(14: empty)
(15: empty)
(16: empty)
(17: chinadaily.com.cn)
(18: empty)
(0: google.es)
(1: alipay.com)
(2: netflix.com)
(3: empty)
(4: empty)
(5: empty)
(6: cntv.cn)
(7: facebook.com)
(8: booking.com)
(9: jd.com)
(10: empty)
(11: empty)
(12: weibo.com)
(13: empty)
(14: empty)
(15: empty)
(16: empty)
(17: chinadaily.com.cn)
(18: fc2.com)
(19: microsoft.com)
(0: google.es)
(1: alipay.com)
(2: netflix.com)
(3: empty)
(4: empty)
(5: empty)
(6: cntv.cn)
(7: facebook.com)
(8: booking.com)
(9: jd.com)
(10: empty)
(11: empty)
(12: weibo.com)
(13: empty)
(14: empty)
(15: empty)
(16: empty)
(17: chinadaily.com.cn)
(18: fc2.com)
(19: microsoft.com)
(20: dropbox.com)
(0: google.es)
(1: alipay.com)
(2: netflix.com)
(3: empty)
(4: empty)
(5: empty)
(6: cntv.cn)
(7: facebook.com)
(8: booking.com)
(9: jd.com)
(10: empty)
(11: empty)
(12: weibo.com)
(13: empty)
(14: empty)
(15: empty)
(16: empty)
(17: blogger.com)
(18: microsoftonline.com)
(19: microsoft.com)
(20: dropbox.com)
(21: empty)
(22: empty)
(23: empty)
(0: google.es)
(1: alipay.com)
(2: netflix.com)
(3: empty)
(4: empty)
(5: empty)
(6: cntv.cn)
(7: facebook.com)
(8: booking.com)
(9: jd.com)
(10: empty)
(11: empty)
(12: weibo.com)
(13: empty)
(14: empty)
(15: empty)
(16: empty)
(17: blogger.com)
(18: microsoftonline.com)
(19: microsoft.com)
(20: dropbox.com)
(21: empty)
(22: empty)
(23: facebook.com)
(24: google.pl)
(25: empty)
(26: empty)
(27: empty)
(28: empty)
(0: google.es)
(1: alipay.com)
(2: netflix.com)
(3: 360.cn)
(4: empty)
(5: empty)
(6: cntv.cn)
(7: facebook.com)
(8: booking.com)
(9: jd.com)
(10: empty)
(11: empty)
(12: weibo.com)
(13: empty)
(14: empty)
(15: empty)
(16: empty)
(17: blogger.com)
(18: microsoftonline.com)
(19: zhihu.com)
(20: dropbox.com)
(21: empty)
(22: empty)
(23: facebook.com)
(24: google.pl)
(25: empty)
(26: empty)
(0: google.es)
(1: google.de)
(2: netflix.com)
(3: 360.cn)
(4: empty)
(5: empty)
(6: cntv.cn)
(7: facebook.com)
(8: booking.com)
(9: jd.com)
(10: empty)
(11: empty)
(12: weibo.com)
(13: empty)
(14: empty)
(15: empty)
(16: empty)
(17: blogger.com)
(18: microsoftonline.com)
(19: zhihu.com)
(20: dropbox.com)
(21: empty)
(22: empty)
(23: facebook.com)
(24: google.pl)
(25: empty)
(26: empty)
(27: empty)
(0: google.es)
(1: google.de)
(2: netflix.com)
(3: 360.cn)
(4: empty)
(5: empty)
(6: cntv.cn)
(7: facebook.com)
(8: booking.com)
(9: jd.com)
(10: empty)
(11: empty)
(12: weibo.com)
(13: empty)
(14: empty)
(15: empty)
(16: empty)
(17: blogger.com)
(18: microsoftonline.com)
(19: zhihu.com)
(20: dropbox.com)
(21: empty)
(22: empty)
(23: facebook.com)
(24: google.pl)
(25: empty)
(26: empty)
(27: empty)
(28: qq.com)
(0: google.es)
(1: google.de)
(2: netflix.com)
(3: 360.cn)
(4: sina.com.cn)
(5: empty)
(6: cntv.cn)
(7: facebook.com)
(8: booking.com)
(9: jd.com)
(10: empty)
(11: empty)
(12: weibo.com)
(13: empty)
(14: empty)
(15: empty)
(16: empty)
(17: blogger.com)
(18: microsoftonline.com)
(19: zhihu.com)
(20: dropbox.com)
(21: empty)
(22: empty)
(23: facebook.com)
(24: google.pl)
(25: empty)
(26: empty)
(27: empty)
(28: yahoo.com)
(29: empty)
(0: google.es)
(1: google.de)
(2: netflix.com)
(3: 360.cn)
(4: sina.com.cn)
(5: empty)
(6: cntv.cn)
(7: facebook.com)
(8: booking.com)
(9: jd.com)
(10: empty)
(11: empty)
(12: weibo.com)
(13: empty)
(14: empty)
(15: empty)
(16: empty)
(17: blogger.com)
(18: microsoftonline.com)
(19: zhihu.com)
(20: dropbox.com)
(21: empty)
(22: empty)
(23: facebook.com)
(24: google.pl)
(25: empty)
(26: empty)
(27: empty)
(28: yahoo.com)
(0: google.es)
(1: google.de)
(2: netflix.com)
(3: 360.cn)
(4: sina.com.cn)
(5: empty)
(6: cntv.cn)
(7: facebook.com)
(8: booking.com)
(9: jd.com)
(10: empty)
(11: empty)
(12: weibo.com)
(13: empty)
(14: empty)
(15: empty)
(16: empty)
(17: blogger.com)
(18: microsoftonline.com)
(19: zhihu.com)
(20: dropbox.com)
(21: empty)
(22: empty)
(23: facebook.com)
(24: google.pl)
(25: empty)
(26: empty)
(27: empty)
(28: empty)
(29: empty)
(0: google.es)
(1: google.de)
(2: netflix.com)
(3: 360.cn)
(4: sina.com.cn)
(5: empty)
(6: cntv.cn)
(7: facebook.com)
(8: booking.com)
(9: jd.com)
(10: xinhuanet.com)
(11: google.co.th)
(12: weibo.com)
(13: empty)
(14: empty)
(15: empty)
(16: empty)
(17: blogger.com)
(18: microsoftonline.com)
(19: zhihu.com)
(20: dropbox.com)
(21: empty)
(22: empty)
(23: facebook.com)
(24: google.pl)
(25: empty)
(26: empty)
(27: empty)
(28: microsoft.com)
(29: msn.com)
(0: google.es)
(1: google.de)
(2: netflix.com)
(3: 360.cn)
(4: sina.com.cn)
(5: empty)
(6: cntv.cn)
(7: facebook.com)
(8: booking.com)
(9: jd.com)
(10: xinhuanet.com)
(11: google.co.th)
(12: weibo.com)
(13: empty)
(14: empty)
(15: empty)
(16: empty)
(17: blogger.com)
(18: microsoftonline.com)
(19: zhihu.com)
(20: dropbox.com)
(21: empty)
(22: empty)
(23: facebook.com)
(24: google.pl)
(25: empty)
(26: empty)
(27: empty)
(28: microsoft.com)
(29: empty)
(30: empty)
(31: empty)
(32: empty)
(0: google.es)
(1: google.de)
(2: netflix.com)
(3: 360.cn)
(4: sina.com.cn)
(5: empty)
(6: cntv.cn)
(7: facebook.com)
(8: booking.com)
(9: jd.com)
(10: xinhuanet.com)
(11: google.co.th)
(12: weibo.com)
(13: aliexpress.com)
(14: empty)
(15: empty)
(16: empty)
(17: blogger.com)
(18: microsoftonline.com)
(19: zhihu.com)
(20: dropbox.com)
(21: empty)
(22: empty)
(23: facebook.com)
(24: google.pl)
(25: empty)
(26: empty)
(27: empty)
(28: microsoft.com)
(29: empty)
(30: empty)
(31: empty)
(32: empty)
(33: empty)
(0: google.es)
(1: google.de)
(2: netflix.com)
(3: 360.cn)
(4: sina.com.cn)
(5: empty)
(6: cntv.cn)
(7: facebook.com)
(8: gmw.cn)
(9: jd.com)
(10: xinhuanet.com)
(11: google.co.th)
(12: weibo.com)
(13: aliexpress.com)
(14: empty)
(15: empty)
(16: empty)
(17: blogger.com)
(18: microsoftonline.com)
(19: zhihu.com)
(20: dropbox.com)
(21: empty)
(22: empty)
(23: facebook.com)
(24: google.pl)
(25: empty)
(26: empty)
(27: empty)
(28: microsoft.com)
(29: empty)
(30: empty)
(31: empty)
(32: empty)
(33: empty)
(34: cntv.cn)
(0: google.es)
(1: google.de)
(2: netflix.com)
(3: 360.cn)
(4: sina.com.cn)
(5: empty)
(6: cntv.cn)
(7: facebook.com)
(8: gmw.cn)
(9: jd.com)
(10: xinhuanet.com)
(11: google.co.th)
(12: weibo.com)
(13: aliexpress.com)
(14: twitch.tv)
(15: empty)
(16: empty)
(17: blogger.com)
(18: microsoftonline.com)
(19: zhihu.com)
(20: dropbox.com)
(21: empty)
(22: empty)
(23: facebook.com)
(24: google.pl)
(25: linkedin.com)
(26: empty)
(27: empty)
(28: microsoft.com)
(29: empty)
(30: empty)
(31: empty)
(32: empty)
(33: empty)
(34: blogspot.com)
(0: google.es)
(1: google.de)
(2: netflix.com)
(3: 360.cn)
(4: sina.com.cn)
(5: empty)
(6: cntv.cn)
(7: facebook.com)
(8: gmw.cn)
(9: jd.com)
(10: xinhuanet.com)
(11: google.co.th)
(12: weibo.com)
(13: aliexpress.com)
(14: twitch.tv)
(15: empty)
(16: empty)
(17: blogger.com)
(18: microsoftonline.com)
(19: zhihu.com)
(20: dropbox.com)
(21: empty)
(22: empty)
(23: facebook.com)
(24: google.pl)
(25: linkedin.com)
(26: empty)
(27: empty)
(28: microsoft.com)
(29: soso.com)
(30: empty)
(31: empty)
(32: empty)
(33: empty)
(34: blogspot.com)
(35: empty)
(0: google.es)
(1: google.de)
(2: netflix.com)
(3: 360.cn)
(4: sina.com.cn)
(5: empty)
(6: cntv.cn)
(7: facebook.com)
(8: gmw.cn)
(9: jd.com)
(10: xinhuanet.com)
(11: google.co.th)
(12: weibo.com)
(13: aliexpress.com)
(14: twitch.tv)
(15: empty)
(16: empty)
(17: blogger.com)
(18: microsoftonline.com)
(19: zhihu.com)
(20: dropbox.com)
(21: empty)
(22: empty)
(23: facebook.com)
(24: google.pl)
(25: linkedin.com)
(26: empty)
(27: empty)
(28: microsoft.com)
(29: soso.com)
(30: empty)
(31: empty)
(32: empty)
(33: empty)
(34: blogspot.com)
(35: empty)
(36: t.co)
(37: empty)
(0: google.es)
(1: google.de)
(2: netflix.com)
(3: 360.cn)
(4: sina.com.cn)
(5: empty)
(6: cntv.cn)
(7: facebook.com)
(8: gmw.cn)
(9: jd.com)
(10: xinhuanet.com)
(11: google.co.th)
(12: weibo.com)
(13: wordpress.com)
(14: twitch.tv)
(15: empty)
(16: empty)
(17: blogger.com)
(18: microsoftonline.com)
(19: zhihu.com)
(20: dropbox.com)
(21: empty)
(22: empty)
(23: facebook.com)
(24: google.pl)
(25: linkedin.com)
(26: empty)
(27: empty)
(28: microsoft.com)
(29: soso.com)
(30: empty)
(31: empty)
(32: empty)
(33: empty)
(34: blogspot.com)
(35: empty)
(36: t.co)
(37: empty)
(0: google.es)
(1: google.de)
(2: netflix.com)
(3: 360.cn)
(4: sina.com.cn)
(5: empty)
(6: cntv.cn)
(7: facebook.com)
(8: gmw.cn)
(9: jd.com)
(10: xinhuanet.com)
(11: google.co.th)
(12: weibo.com)
(13: wordpress.com)
(14: twitch.tv)
(15: empty)
(16: empty)
(17: blogger.com)
(18: microsoftonline.com)
(19: zhihu.com)
(20: dropbox.com)
(21: empty)
(22: empty)
(23: facebook.com)
(24: google.pl)
(25: linkedin.com)
(26: empty)
(27: empty)
(28: microsoft.com)
(29: soso.com)
(30: empty)
(31: empty)
(32: empty)
(33: empty)
(34: blogspot.com)
(35: empty)
(36: fc2.com)
(37: sina.com.cn)
(0: google.es)
(1: google.de)
(2: netflix.com)
(3: 360.cn)
(4: sina.com.cn)
(5: empty)
(6: cntv.cn)
(7: facebook.com)
(8: gmw.cn)
(9: jd.com)
(10: xinhuanet.com)
(11: google.co.th)
(12: weibo.com)
(13: wordpress.com)
(14: twitch.tv)
(15: googleusercontent.com)
(16: empty)
(17: blogger.com)
(18: microsoftonline.com)
(19: zhihu.com)
(20: dropbox.com)
(21: empty)
(22: empty)
(23: facebook.com)
(24: google.pl)
(25: linkedin.com)
(26: empty)
(27: empty)
(28: microsoft.com)
(29: soso.com)
(30: empty)
(31: empty)
(32: empty)
(33: empty)
(34: blogspot.com)
(35: empty)
(36: fc2.com)
(37: sina.com.cn)
(38: empty)
(39: empty)
(40: empty)
(41: empty)
(0: google.es)
(1: google.de)
(2: netflix.com)
(3: 360.cn)
(4: sina.com.cn)
(5: empty)
(6: cntv.cn)
(7: facebook.com)
(8: gmw.cn)
(9: jd.com)
(10: xinhuanet.com)
(11: google.co.th)
(12: weibo.com)
(13: wordpress.com)
(14: twitch.tv)
(15: googleusercontent.com)
(16: empty)
(17: blogger.com)
(18: microsoftonline.com)
(19: zhihu.com)
(20: dropbox.com)
(21: empty)
(22: empty)
(23: facebook.com)
(24: google.pl)
(25: linkedin.com)
(26: empty)
(27: empty)
(28: microsoft.com)
(29: soso.com)
(30: empty)
(31: empty)
(32: empty)
(33: empty)
(34: blogspot.com)
(35: empty)
(36: fc2.com)
(37: sina.com.cn)
(38: empty)
(39: empty)
(40: empty)
(41: empty)
(42: empty)
(43: empty)
(44: t.co)
(45: empty)
(0: google.es)
(1: google.de)
(2: netflix.com)
(3: 360.cn)
(4: sina.com.cn)
(5: empty)
(6: cntv.cn)
(7: facebook.com)
(8: gmw.cn)
(9: jd.com)
(10: xinhuanet.com)
(11: google.co.th)
(12: weibo.com)
(13: wordpress.com)
(14: twitch.tv)
(15: googleusercontent.com)
(16: empty)
(17: blogger.com)
(18: microsoftonline.com)
(19: zhihu.com)
(20: dropbox.com)
(21: empty)
(22: empty)
(23: facebook.com)
(24: google.pl)
(25: linkedin.com)
(26: empty)
(27: empty)
(28: microsoft.com)
(29: soso.com)
(30: empty)
(31: empty)
(32: empty)
(33: empty)
(34: blogspot.com)
(35: empty)
(36: fc2.com)
(37: sina.com.cn)
(38: empty)
(39: empty)
(40: empty)
(41: empty)
(42: empty)
(43: empty)
(44: aliexpress.com)
(45: empty)
(46: taobao.com)
(0: google.es)
(1: google.de)
(2: netflix.com)
(3: 360.cn)
(4: sina.com.cn)
(5: empty)
(6: cntv.cn)
(7: facebook.com)
(8: gmw.cn)
(9: jd.com)
(10: xinhuanet.com)
(11: google.co.th)
(12: weibo.com)
(13: wordpress.com)
(14: twitch.tv)
(15: googleusercontent.com)
(16: empty)
(17: blogger.com)
(18: microsoftonline.com)
(19: zhihu.com)
(20: dropbox.com)
(21: empty)
(22: empty)
(23: facebook.com)
(24: google.pl)
(25: linkedin.com)
(26: empty)
(27: empty)
(28: microsoft.com)
(29: soso.com)
(30: empty)
(31: empty)
(32: empty)
(33: empty)
(34: blogspot.com)
(35: empty)
(36: fc2.com)
(37: sina.com.cn)
(38: empty)
(39: empty)
(40: empty)
(41: empty)
(42: empty)
(43: empty)
(44: aliexpress.com)
(45: empty)
(46: yahoo.co.jp)
(47: empty)
(48: empty)
(0: google.es)
(1: google.de)
(2: netflix.com)
(3: 360.cn)
(4: sina.com.cn)
(5: empty)
(6: cntv.cn)
(7: facebook.com)
(8: gmw.cn)
(9: jd.com)
(10: xinhuanet.com)
(11: google.co.th)
(12: weibo.com)
(13: wordpress.com)
(14: twitch.tv)
(15: googleusercontent.com)
(16: empty)
(17: blogger.com)
(18: microsoftonline.com)
(19: zhihu.com)
(20: dropbox.com)
(21: empty)
(22: empty)
(23: facebook.com)
(24: onet.pl)
(25: linkedin.com)
(26: empty)
(27: empty)
(28: microsoft.com)
(29: soso.com)
(30: empty)
(31: empty)
(32: empty)
(33: empty)
(34: blogspot.com)
(35: empty)
(36: fc2.com)
(37: sina.com.cn)
(38: empty)
(39: empty)
(40: empty)
(41: empty)
(42: empty)
(43: empty)
(44: aliexpress.com)
(45: empty)
(46: yahoo.co.jp)
(47: empty)
(48: stackoverflow.com)
(49: empty)
(0: google.es)
(1: google.de)
(2: netflix.com)
(3: 360.cn)
(4: sina.com.cn)
(5: empty)
(6: cntv.cn)
(7: facebook.com)
(8: gmw.cn)
(9: jd.com)
(10: xinhuanet.com)
(11: google.co.th)
(12: aliexpress.com)
(13: wordpress.com)
(14: twitch.tv)
(15: googleusercontent.com)
(16: empty)
(17: blogger.com)
(18: microsoftonline.com)
(19: zhihu.com)
(20: youku.com)
(21: empty)
(22: empty)
(23: facebook.com)
(24: onet.pl)
(25: linkedin.com)
(26: empty)
(27: empty)
(28: microsoft.com)
(29: soso.com)
(30: empty)
(31: empty)
(32: empty)
(33: empty)
(34: blogspot.com)
(35: empty)
(36: fc2.com)
(37: sina.com.cn)
(38: empty)
(39: empty)
(40: empty)
(41: empty)
(42: empty)
(43: empty)
(44: aliexpress.com)
(45: empty)
(46: yahoo.co.jp)
(47: empty)
(48: microsoft.com)
(49: empty)
(0: google.es)
(1: google.de)
(2: netflix.com)
(3: 360.cn)
(4: sina.com.cn)
(5: empty)
(6: cntv.cn)
(7: facebook.com)
(8: gmw.cn)
(9: jd.com)
(10: xinhuanet.com)
(11: google.co.th)
(12: aliexpress.com)
(13: wordpress.com)
(14: twitch.tv)
(15: googleusercontent.com)
(16: empty)
(17: blogger.com)
(18: microsoftonline.com)
(19: zhihu.com)
(20: youku.com)
(21: empty)
(22: empty)
(23: facebook.com)
(24: onet.pl)
(25: linkedin.com)
(26: empty)
(27: empty)
(28: microsoft.com)
(29: soso.com)
(30: empty)
(31: empty)
(32: empty)
(33: empty)
(34: blogspot.com)
(35: empty)
(36: fc2.com)
(37: sina.com.cn)
(38: empty)
(39: empty)
(40: empty)
(41: empty)
(42: empty)
(43: empty)
(44: aliexpress.com)
(45: empty)
(46: yahoo.co.jp)
(47: empty)
(48: microsoft.com)
(49: coccoc.com)
(0: google.es)
(1: google.de)
(2: netflix.com)
(3: google.co.in)
(4: reddit.com)
(5: empty)
(6: cntv.cn)
(7: facebook.com)
(8: gmw.cn)
(9: jd.com)
(10: xinhuanet.com)
(11: google.co.th)
(12: aliexpress.com)
(13: wordpress.com)
(14: twitch.tv)
(15: googleusercontent.com)
(16: empty)
(17: blogger.com)
(18: microsoftonline.com)
(19: zhihu.com)
(20: youku.com)
(21: empty)
(22: empty)
(23: facebook.com)
(24: onet.pl)
(25: linkedin.com)
(26: empty)
(27: empty)
(28: microsoft.com)
(29: soso.com)
(30: empty)
(31: empty)
(32: empty)
(33: empty)
(34: blogspot.com)
(35: empty)
(36: fc2.com)
(37: sina.com.cn)
(38: empty)
(39: empty)
(40: empty)
(41: empty)
(42: empty)
(43: empty)
(44: aliexpress.com)
(45: empty)
(46: yahoo.co.jp)
(47: empty)
(48: microsoft.com)
(49: coccoc.com)
(0: google.es)
(1: google.de)
(2: netflix.com)
(3: google.co.in)
(4: reddit.com)
(5: empty)
(6: cntv.cn)
(7: facebook.com)
(8: gmw.cn)
(9: jd.com)
(10: xinhuanet.com)
(11: google.co.th)
(12: aliexpress.com)
(13: wordpress.com)
(14: twitch.tv)
(15: googleusercontent.com)
(16: empty)
(17: blogger.com)
(18: microsoftonline.com)
(19: zhihu.com)
(20: youku.com)
(21: empty)
(22: empty)
(23: facebook.com)
(24: onet.pl)
(25: linkedin.com)
(26: empty)
(27: empty)
(28: microsoft.com)
(29: soso.com)
(30: empty)
(31: empty)
(32: empty)
(33: empty)
(34: blogspot.com)
(35: empty)
(36: fc2.com)
(37: sina.com.cn)
(38: empty)
(39: empty)
(40: empty)
(41: empty)
(42: empty)
(43: empty)
(44: aliexpress.com)
(45: empty)
(46: dropbox.com)
(47: empty)
(48: microsoft.com)
(49: gmw.cn)
(50: empty)
(51: empty)
(52: apple.com)
(0: google.es)
(1: google.de)
(2: netflix.com)
(3: google.co.in)
(4: reddit.com)
(5: empty)
(6: cntv.cn)
(7: facebook.com)
(8: gmw.cn)
(9: jd.com)
(10: xinhuanet.com)
(11: google.co.th)
(12: aliexpress.com)
(13: wordpress.com)
(14: twitch.tv)
(15: googleusercontent.com)
(16: empty)
(17: blogger.com)
(18: microsoftonline.com)
(19: rakuten.co.jp)
(20: youku.com)
(21: empty)
(22: empty)
(23: facebook.com)
(24: onet.pl)
(25: linkedin.com)
(26: empty)
(27: empty)
(28: microsoft.com)
(29: soso.com)
(30: empty)
(31: empty)
(32: empty)
(33: empty)
(34: blogspot.com)
(35: empty)
(36: fc2.com)
(37: sina.com.cn)
(38: empty)
(39: empty)
(40: empty)
(41: empty)
(42: empty)
(43: empty)
(44: aliexpress.com)
(45: empty)
(46: dropbox.com)
(47: empty)
(48: microsoft.com)
(49: gmw.cn)
(50: empty)
(51: empty)
(52: apple.com)
(0: google.es)
(1: google.de)
(2: netflix.com)
(3: google.co.in)
(4: reddit.com)
(5: empty)
(6: cntv.cn)
(7: facebook.com)
(8: gmw.cn)
(9: jd.com)
(10: xinhuanet.com)
(11: google.co.th)
(12: aliexpress.com)
(13: wordpress.com)
(14: twitch.tv)
(15: googleusercontent.com)
(16: empty)
(17: blogger.com)
(18: microsoftonline.com)
(19: rakuten.co.jp)
(20: youku.com)
(21: empty)
(22: empty)
(23: facebook.com)
(24: onet.pl)
(25: linkedin.com)
(26: empty)
(27: empty)
(28: microsoft.com)
(29: soso.com)
(30: empty)
(31: empty)
(32: empty)
(33: empty)
(34: blogspot.com)
(35: empty)
(36: fc2.com)
(37: sina.com.cn)
(38: empty)
(39: empty)
(40: empty)
(41: empty)
(42: empty)
(43: empty)
(44: aliexpress.com)
(45: empty)
(46: dropbox.com)
(47: empty)
(48: microsoft.com)
(49: gmw.cn)
(50: empty)
(51: empty)
(52: apple.com)
(53: empty)
(54: empty)
(0: google.es)
(1: google.de)
(2: netflix.com)
(3: google.co.in)
(4: reddit.com)
(5: empty)
(6: cntv.cn)
(7: facebook.com)
(8: gmw.cn)
(9: jd.com)
(10: cntv.cn)
(11: google.co.th)
(12: aliexpress.com)
(13: wordpress.com)
(14: twitch.tv)
(15: googleusercontent.com)
(16: empty)
(17: blogger.com)
(18: microsoftonline.com)
(19: rakuten.co.jp)
(20: youku.com)
(21: empty)
(22: empty)
(23: facebook.com)
(24: onet.pl)
(25: linkedin.com)
(26: empty)
(27: empty)
(28: microsoft.com)
(29: soso.com)
(30: empty)
(31: empty)
(32: empty)
(33: empty)
(34: blogspot.com)
(35: empty)
(36: fc2.com)
(37: sina.com.cn)
(38: empty)
(39: empty)
(40: empty)
(41: empty)
(42: empty)
(43: empty)
(44: aliexpress.com)
(45: empty)
(46: dropbox.com)
(47: booking.com)
(48: microsoft.com)
(49: gmw.cn)
(50: empty)
(51: empty)
(52: apple.com)
(53: empty)
(54: empty)
(55: empty)
(56: empty)
(57: google.fr)
(58: naver.com)
(59: empty)
(60: empty)
(0: google.es)
(1: google.de)
(2: netflix.com)
(3: google.co.in)
(4: reddit.com)
(5: empty)
(6: cntv.cn)
(7: facebook.com)
(8: gmw.cn)
(9: jd.com)
(10: cntv.cn)
(11: google.co.th)
(12: aliexpress.com)
(13: wordpress.com)
(14: twitch.tv)
(15: googleusercontent.com)
(16: empty)
(17: blogger.com)
(18: microsoftonline.com)
(19: rakuten.co.jp)
(20: youku.com)
(21: empty)
(22: empty)
(23: facebook.com)
(24: onet.pl)
(25: linkedin.com)
(26: empty)
(27: empty)
(28: microsoft.com)
(29: soso.com)
(30: empty)
(31: empty)
(32: empty)
(33: empty)
(34: blogspot.com)
(35: empty)
(36: fc2.com)
(37: sina.com.cn)
(38: empty)
(39: empty)
(40: empty)
(41: empty)
(42: empty)
(43: empty)
(44: aliexpress.com)
(45: empty)
(46: dropbox.com)
(47: booking.com)
(48: microsoft.com)
(49: gmw.cn)
(50: empty)
(51: empty)
(52: apple.com)
(53: empty)
(54: empty)
(55: empty)
(56: empty)
(57: google.fr)
(58: naver.com)
(59: empty)
(60: empty)
(61: empty)
(62: stackoverflow.com)
(63: empty)
(0: google.es)
(1: google.de)
(2: netflix.com)
(3: google.co.in)
(4: reddit.com)
(5: empty)
(6: cntv.cn)
(7: facebook.com)
(8: gmw.cn)
(9: jd.com)
(10: cntv.cn)
(11: google.co.th)
(12: aliexpress.com)
(13: wordpress.com)
(14: twitch.tv)
(15: googleusercontent.com)
(16: empty)
(17: blogger.com)
(18: microsoftonline.com)
(19: rakuten.co.jp)
(20: youku.com)
(21: empty)
(22: empty)
(23: facebook.com)
(24: onet.pl)
(25: linkedin.com)
(26: empty)
(27: empty)
(28: microsoft.com)
(29: soso.com)
(30: empty)
(31: empty)
(32: empty)
(33: empty)
(34: twitch.tv)
(35: empty)
(36: fc2.com)
(37: sina.com.cn)
(38: empty)
(39: empty)
(40: empty)
(41: empty)
(42: empty)
(43: empty)
(44: google.co.kr)
(45: empty)
(46: dropbox.com)
(47: booking.com)
(48: microsoft.com)
(49: gmw.cn)
(50: empty)
(51: empty)
(52: apple.com)
(53: empty)
(54: empty)
(55: empty)
(56: empty)
(57: google.fr)
(58: naver.com)
(59: empty)
(60: empty)
(61: empty)
(62: stackoverflow.com)
(63: alibaba.com)
(0: google.es)
(1: google.de)
(2: netflix.com)
(3: google.co.in)
(4: reddit.com)
(5: empty)
(6: cntv.cn)
(7: facebook.com)
(8: gmw.cn)
(9: jd.com)
(10: cntv.cn)
(11: google.co.th)
(12: aliexpress.com)
(13: wordpress.com)
(14: twitch.tv)
(15: googleusercontent.com)
(16: empty)
(17: blogger.com)
(18: microsoftonline.com)
(19: bilibili.com)
(20: youku.com)
(21: empty)
(22: empty)
(23: facebook.com)
(24: onet.pl)
(25: linkedin.com)
(26: empty)
(27: empty)
(28: microsoft.com)
(29: soso.com)
(30: empty)
(31: empty)
(32: empty)
(33: empty)
(34: twitch.tv)
(35: empty)
(36: fc2.com)
(37: sina.com.cn)
(38: empty)
(39: empty)
(40: empty)
(41: empty)
(42: empty)
(43: empty)
(44: google.co.kr)
(45: empty)
(46: dropbox.com)
(47: booking.com)
(48: microsoft.com)
(49: gmw.cn)
(50: empty)
(51: empty)
(52: apple.com)
(53: empty)
(54: empty)
(55: empty)
(56: empty)
(57: google.fr)
(58: naver.com)
(59: empty)
(60: empty)
(61: empty)
(62: stackoverflow.com)
(63: alibaba.com)
(64: google.es)
(65: empty)
(66: empty)
(67: empty)
(68: empty)
(0: google.es)
(1: google.de)
(2: netflix.com)
(3: google.co.in)
(4: reddit.com)
(5: empty)
(6: cntv.cn)
(7: facebook.com)
(8: gmw.cn)
(9: jd.com)
(10: cntv.cn)
(11: google.co.th)
(12: aliexpress.com)
(13: wordpress.com)
(14: twitch.tv)
(15: googleusercontent.com)
(16: empty)
(17: blogger.com)
(18: microsoftonline.com)
(19: bilibili.com)
(20: youku.com)
(21: empty)
(22: empty)
(23: facebook.com)
(24: onet.pl)
(25: linkedin.com)
(26: empty)
(27: empty)
(28: microsoft.com)
(29: soso.com)
(30: empty)
(31: empty)
(32: empty)
(33: empty)
(34: twitch.tv)
(35: empty)
(36: soso.com)
(37: sina.com.cn)
(38: empty)
(39: empty)
(40: empty)
(41: empty)
(42: empty)
(43: empty)
(44: google.co.kr)
(45: empty)
(46: dropbox.com)
(47: booking.com)
(48: microsoft.com)
(49: gmw.cn)
(50: empty)
(51: empty)
(52: apple.com)
(53: empty)
(54: empty)
(55: google.ru)
(56: empty)
(57: google.fr)
(58: naver.com)
(59: empty)
(60: empty)
(61: empty)
(62: stackoverflow.com)
(63: alibaba.com)
(64: google.es)
(65: empty)
(66: empty)
(67: empty)
(68: empty)
(69: empty)
(70: empty)
(0: google.es)
(1: google.de)
(2: netflix.com)
(3: google.co.in)
(4: reddit.com)
(5: empty)
(6: cntv.cn)
(7: facebook.com)
(8: gmw.cn)
(9: jd.com)
(10: cntv.cn)
(11: google.co.th)
(12: aliexpress.com)
(13: wordpress.com)
(14: twitch.tv)
(15: googleusercontent.com)
(16: empty)
(17: blogger.com)
(18: microsoftonline.com)
(19: bilibili.com)
(20: youku.com)
(21: empty)
(22: empty)
(23: facebook.com)
(24: onet.pl)
(25: linkedin.com)
(26: linkedin.com)
(27: empty)
(28: microsoft.com)
(29: soso.com)
(30: empty)
(31: empty)
(32: empty)
(33: empty)
(34: twitch.tv)
(35: empty)
(36: soso.com)
(37: sina.com.cn)
(38: empty)
(39: empty)
(40: empty)
(41: empty)
(42: empty)
(43: empty)
(44: google.co.kr)
(45: empty)
(46: dropbox.com)
(47: booking.com)
(48: microsoft.com)
(49: gmw.cn)
(50: empty)
(51: empty)
(52: apple.com)
(53: empty)
(54: empty)
(55: google.ru)
(56: empty)
(57: google.fr)
(58: naver.com)
(59: empty)
(60: empty)
(61: empty)
(62: stackoverflow.com)
(63: alibaba.com)
(64: google.es)
(65: empty)
(66: empty)
(67: empty)
(68: empty)
(69: empty)
(70: empty)
(71: empty)
(72: alipay.com)
(73: empty)
(0: google.es)
(1: google.de)
(2: netflix.com)
(3: google.co.in)
(4: reddit.com)
(5: empty)
(6: cntv.cn)
(7: facebook.com)
(8: gmw.cn)
(9: jd.com)
(10: cntv.cn)
(11: google.co.th)
(12: aliexpress.com)
(13: wordpress.com)
(14: twitch.tv)
(15: googleusercontent.com)
(16: empty)
(17: blogger.com)
(18: microsoftonline.com)
(19: bilibili.com)
(20: youku.com)
(21: empty)
(22: empty)
(23: facebook.com)
(24: onet.pl)
(25: linkedin.com)
(26: linkedin.com)
(27: empty)
(28: microsoft.com)
(29: soso.com)
(30: empty)
(31: empty)
(32: empty)
(33: empty)
(34: twitch.tv)
(35: empty)
(36: soso.com)
(37: sina.com.cn)
(38: empty)
(39: empty)
(40: empty)
(41: empty)
(42: empty)
(43: empty)
(44: google.co.kr)
(45: empty)
(46: dropbox.com)
(47: booking.com)
(48: microsoft.com)
(49: gmw.cn)
(50: empty)
(51: empty)
(52: apple.com)
(53: empty)
(54: empty)
(55: google.ru)
(56: empty)
(57: google.fr)
(58: naver.com)
(59: empty)
(60: empty)
(61: empty)
(62: stackoverflow.com)
(63: alibaba.com)
(64: google.es)
(65: empty)
(66: empty)
(67: empty)
(68: empty)
(69: empty)
(70: empty)
(71: empty)
(72: alipay.com)
(73: youku.com)
(0: google.es)
(1: google.de)
(2: netflix.com)
(3: google.co.in)
(4: reddit.com)
(5: empty)
(6: cntv.cn)
(7: facebook.com)
(8: gmw.cn)
(9: jd.com)
(10: cntv.cn)
(11: google.co.th)
(12: aliexpress.com)
(13: wordpress.com)
(14: twitch.tv)
(15: googleusercontent.com)
(16: empty)
(17: blogger.com)
(18: microsoftonline.com)
(19: bilibili.com)
(20: youku.com)
(21: empty)
(22: empty)
(23: facebook.com)
(24: onet.pl)
(25: linkedin.com)
(26: linkedin.com)
(27: empty)
(28: microsoft.com)
(29: soso.com)
(30: empty)
(31: empty)
(32: empty)
(33: empty)
(34: twitch.tv)
(35: empty)
(36: soso.com)
(37: sina.com.cn)
(38: empty)
(39: empty)
(40: empty)
(41: empty)
(42: empty)
(43: empty)
(44: google.co.kr)
(45: empty)
(46: dropbox.com)
(47: booking.com)
(48: microsoft.com)
(49: gmw.cn)
(50: empty)
(51: empty)
(52: apple.com)
(53: empty)
(54: empty)
(55: google.ru)
(56: empty)
(57: google.fr)
(58: naver.com)
(59: empty)
(60: empty)
(61: empty)
(62: stackoverflow.com)
(63: alibaba.com)
(64: google.es)
(65: empty)
(66: empty)
(67: empty)
(68: empty)
(69: empty)
(70: empty)
(71: empty)
(72: alipay.com)
(73: msn.com)
(74: empty)
