google.co.kr
rakuten.co.jp
amazon.com
rakuten.co.jp
youtube.com
tmall.com
google.co.id
zhihu.com
(0: zhihu.com)
(1: empty)
(0: zhihu.com)
(1: empty)
(2: empty)
(3: outbrain.com)
(0: zhihu.com)
(1: empty)
(2: empty)
(3: bbc.co.uk)
(4: empty)
(0: zhihu.com)
(1: empty)
(2: empty)
(3: bbc.co.uk)
(4: wikipedia.org)
