cnn.com
baidu.com
soso.com
googleweblight.com
(0: soso.com)
(1: empty)
(2: googleweblight.com)
(3: empty)
soso.com
googleweblight.com
blogger.com
(0: soso.com)
(1: reddit.com)
(2: googleweblight.com)
soso.com
googleweblight.com
blogger.com
ebay.com
reddit.com
(0: soso.com)
(1: google.com.au)
googleweblight.com
blogger.com
ebay.com
reddit.com
google.ca
google.com.au
accuweather.com
(0: accuweather.com)
blogger.com
ebay.com
reddit.com
google.ca
google.com.au
accuweather.com
whatsapp.com
google.co.uk
(0: google.co.uk)
(1: empty)
(2: empty)
(3: empty)
(4: empty)
blogger.com
ebay.com
reddit.com
google.ca
google.com.au
accuweather.com
whatsapp.com
google.co.uk
(0: google.co.uk)
(1: empty)
(2: empty)
(3: empty)
(4: tianya.cn)
(5: empty)
(6: empty)
(7: empty)
(0: google.co.uk)
(1: empty)
(2: empty)
(3: empty)
(4: tianya.cn)
(5: empty)
(6: empty)
(7: empty)
(8: empty)
(9: empty)
(0: google.co.uk)
(1: empty)
(2: empty)
(3: jd.com)
(4: tianya.cn)
(5: empty)
(6: empty)
(7: empty)
(8: empty)
(9: empty)
(10: empty)
(11: empty)
(0: google.co.uk)
(1: empty)
(2: empty)
(3: jd.com)
(4: tianya.cn)
(5: empty)
(6: empty)
(7: empty)
(8: google.com.ph)
(9: empty)
(10: empty)
(11: empty)
whatsapp.com
(0: google.co.uk)
(1: empty)
(2: empty)
(3: jd.com)
(4: tianya.cn)
(5: empty)
(6: empty)
(7: empty)
(8: google.com.ph)
(9: empty)
(10: empty)
(11: empty)
(12: nicovideo.jp)
(13: blogspot.com)
blogspot.com
(0: google.co.uk)
(1: empty)
(2: empty)
(3: jd.com)
(4: tianya.cn)
(5: empty)
(6: empty)
(7: empty)
(8: google.com.ph)
(9: empty)
(10: empty)
(11: empty)
(12: nicovideo.jp)
(13: blogspot.com)
(14: youku.com)
youku.com
(0: google.co.uk)
(1: empty)
(2: empty)
(3: jd.com)
(4: tianya.cn)
(5: alipay.com)
(6: empty)
(7: empty)
(8: google.com.ph)
(9: empty)
(10: empty)
(11: empty)
(12: nicovideo.jp)
(13: blogspot.com)
(14: empty)
(0: google.co.uk)
(1: empty)
(2: empty)
(3: jd.com)
(4: tianya.cn)
(5: alipay.com)
(6: empty)
(7: empty)
(8: google.com.ph)
(9: empty)
(10: empty)
(11: ebay.com)
(12: nicovideo.jp)
(13: ebay.com)
google.pl
(0: google.co.uk)
(1: empty)
(2: empty)
(3: jd.com)
(4: tianya.cn)
(5: alipay.com)
(6: empty)
(7: empty)
(8: google.com.ph)
(9: empty)
(10: empty)
(11: ebay.com)
(12: nicovideo.jp)
google.pl
youku.com
office.com
google.pl
youku.com
office.com
doubleclick.net
blogger.com
zhihu.com
youku.com
office.com
doubleclick.net
blogger.com
zhihu.com
wordpress.com
pixnet.net
(0: youku.com)
(1: empty)
(2: empty)
(3: jd.com)
(4: tianya.cn)
(5: alipay.com)
(6: empty)
(7: empty)
(8: google.com.ph)
(9: pixnet.net)
(10: empty)
(11: ok.ru)
(12: doubleclick.net)
(13: empty)
gmw.cn
(0: youku.com)
(1: empty)
(2: empty)
(3: jd.com)
(4: tianya.cn)
(5: alipay.com)
(6: empty)
(7: empty)
(8: gmw.cn)
(9: pixnet.net)
(10: empty)
(11: ok.ru)
(12: doubleclick.net)
(13: empty)
(14: empty)
(0: youku.com)
(1: empty)
(2: empty)
(3: jd.com)
(4: tianya.cn)
(5: alipay.com)
(6: empty)
(7: empty)
(8: gmw.cn)
(9: pixnet.net)
(10: empty)
(11: ok.ru)
(12: doubleclick.net)
(13: empty)
(14: empty)
(15: empty)
(16: empty)
(0: youku.com)
(1: empty)
(2: empty)
(3: jd.com)
(4: tianya.cn)
(5: blogger.com)
(6: empty)
(7: empty)
(8: gmw.cn)
(9: pixnet.net)
(10: empty)
(11: ok.ru)
(12: doubleclick.net)
(13: empty)
(14: empty)
(15: empty)
(16: empty)
(17: empty)
(18: empty)
(19: empty)
(0: youku.com)
(1: empty)
(2: empty)
(3: jd.com)
(4: tianya.cn)
(5: blogger.com)
(6: empty)
(7: empty)
(8: gmw.cn)
(9: pixnet.net)
(10: empty)
(11: ok.ru)
(12: doubleclick.net)
(13: empty)
(14: empty)
(15: empty)
(16: empty)
(17: empty)
(18: empty)
(19: empty)
(20: dropbox.com)
(21: empty)
coccoc.com
amazon.com
(0: youku.com)
(1: empty)
(2: amazon.com)
(3: jd.com)
(4: tianya.cn)
(5: blogger.com)
(6: empty)
(7: empty)
(8: gmw.cn)
(9: pixnet.net)
(10: empty)
(11: ok.ru)
(12: doubleclick.net)
(13: empty)
(14: empty)
(15: empty)
(16: empty)
(17: empty)
(18: empty)
(19: empty)
(20: dropbox.com)
(0: youku.com)
(1: empty)
(2: facebook.com)
(3: jd.com)
(4: tianya.cn)
(5: blogger.com)
(6: empty)
(7: empty)
(8: gmw.cn)
(9: pixnet.net)
(10: empty)
(11: ok.ru)
(12: doubleclick.net)
(13: empty)
(14: empty)
(15: empty)
(16: empty)
(17: empty)
(18: empty)
(19: empty)
yahoo.com
pinterest.com
(0: youku.com)
(1: empty)
(2: pinterest.com)
(3: jd.com)
(4: tianya.cn)
(5: blogger.com)
(6: empty)
(7: empty)
(8: gmw.cn)
(9: pixnet.net)
(10: empty)
(11: ok.ru)
(12: doubleclick.net)
(13: empty)
(14: empty)
(15: empty)
(16: empty)
(17: empty)
(18: empty)
alibaba.com
wikia.com
(0: youku.com)
(1: empty)
(2: alibaba.com)
(3: jd.com)
(4: tianya.cn)
(5: blogger.com)
(6: empty)
(7: empty)
(8: gmw.cn)
(9: pixnet.net)
(10: empty)
(11: ok.ru)
(12: doubleclick.net)
(13: empty)
(14: empty)
(15: empty)
(16: wikia.com)
(17: empty)
(18: empty)
(19: empty)
(0: youku.com)
(1: empty)
(2: alibaba.com)
(3: jd.com)
(4: tianya.cn)
(5: blogger.com)
(6: empty)
(7: empty)
(8: gmw.cn)
(9: pixnet.net)
(10: empty)
(11: ok.ru)
(12: doubleclick.net)
(13: empty)
(14: empty)
(15: empty)
(16: wikia.com)
(17: empty)
(18: empty)
(19: empty)
amazon.co.uk
(0: youku.com)
(1: empty)
(2: alibaba.com)
(3: jd.com)
(4: tianya.cn)
(5: blogger.com)
(6: empty)
(7: empty)
(8: gmw.cn)
(9: pixnet.net)
(10: amazon.co.uk)
(11: ok.ru)
(12: doubleclick.net)
(13: empty)
(14: empty)
(15: empty)
(16: wikia.com)
(17: empty)
(18: empty)
(19: empty)
(20: google.co.uk)
wordpress.com
(0: youku.com)
(1: empty)
(2: alibaba.com)
(3: jd.com)
(4: tianya.cn)
(5: blogger.com)
(6: empty)
(7: empty)
(8: gmw.cn)
(9: pixnet.net)
(10: amazon.co.uk)
(11: ok.ru)
(12: doubleclick.net)
(13: empty)
(14: empty)
(15: empty)
(16: wikia.com)
(17: empty)
(18: empty)
(19: empty)
360.cn
(0: youku.com)
(1: empty)
(2: alibaba.com)
(3: jd.com)
(4: tianya.cn)
(5: blogger.com)
(6: empty)
(7: empty)
(8: 360.cn)
(9: pixnet.net)
(10: amazon.co.uk)
(11: ok.ru)
(12: doubleclick.net)
(13: empty)
(14: empty)
(15: empty)
(16: wikia.com)
(17: empty)
(18: empty)
(19: empty)
cnn.com
(0: youku.com)
(1: empty)
(2: alibaba.com)
(3: jd.com)
(4: tianya.cn)
(5: rakuten.co.jp)
(6: empty)
(7: empty)
(8: 360.cn)
(9: pixnet.net)
(10: amazon.co.uk)
(11: ok.ru)
(12: doubleclick.net)
(13: empty)
(14: empty)
(15: empty)
(16: wikia.com)
(17: empty)
(18: empty)
(19: empty)
(20: cnn.com)
(21: empty)
weibo.com
rakuten.co.jp
go.com
sina.com.cn
(0: youku.com)
(1: empty)
(2: alibaba.com)
(3: jd.com)
(4: tianya.cn)
(5: rakuten.co.jp)
(6: empty)
(7: empty)
(8: 360.cn)
(9: pixnet.net)
(10: amazon.co.uk)
(11: ok.ru)
(12: doubleclick.net)
(13: empty)
(14: empty)
(15: empty)
(16: wikia.com)
(17: empty)
(18: empty)
(19: weibo.com)
(20: imdb.com)
(21: empty)
(22: empty)
(23: empty)
(24: sina.com.cn)
(0: youku.com)
(1: empty)
(2: alibaba.com)
(3: jd.com)
(4: tianya.cn)
(5: rakuten.co.jp)
(6: empty)
(7: empty)
(8: 360.cn)
(9: pixnet.net)
(10: amazon.co.uk)
(11: ok.ru)
(12: doubleclick.net)
(13: empty)
(14: empty)
(15: empty)
(16: wikia.com)
(17: empty)
(18: empty)
(19: weibo.com)
(20: imdb.com)
(21: empty)
(22: empty)
(23: empty)
(24: aliexpress.com)
(25: empty)
(0: youku.com)
(1: empty)
(2: alibaba.com)
(3: jd.com)
(4: tianya.cn)
(5: rakuten.co.jp)
(6: empty)
(7: empty)
(8: 360.cn)
(9: pixnet.net)
(10: amazon.co.uk)
(11: ok.ru)
(12: doubleclick.net)
(13: empty)
(14: empty)
(15: empty)
(16: wikia.com)
(17: empty)
(18: empty)
(19: weibo.com)
(20: imdb.com)
(21: empty)
(22: empty)
(23: empty)
(24: accuweather.com)
(0: youku.com)
(1: empty)
(2: alibaba.com)
(3: jd.com)
(4: tianya.cn)
(5: rakuten.co.jp)
(6: empty)
(7: empty)
(8: 360.cn)
(9: pixnet.net)
(10: amazon.co.uk)
(11: ok.ru)
(12: doubleclick.net)
(13: blogger.com)
(14: empty)
(15: empty)
(16: wikia.com)
(17: empty)
(18: empty)
(19: weibo.com)
(20: imdb.com)
(21: empty)
(22: empty)
(23: empty)
(24: accuweather.com)
(25: empty)
(26: empty)
(0: youku.com)
(1: empty)
(2: alibaba.com)
(3: jd.com)
(4: tianya.cn)
(5: rakuten.co.jp)
(6: empty)
(7: empty)
(8: 360.cn)
(9: pixnet.net)
(10: googleweblight.com)
(11: ok.ru)
(12: doubleclick.net)
(13: blogger.com)
(14: empty)
(15: empty)
(16: wikia.com)
(17: empty)
(18: empty)
(19: weibo.com)
(20: imdb.com)
(21: empty)
(22: empty)
(23: empty)
(24: accuweather.com)
(25: empty)
(26: empty)
instagram.com
yahoo.com
yahoo.co.jp
google.com.au
(0: youku.com)
(1: empty)
(2: alibaba.com)
(3: jd.com)
(4: tianya.cn)
(5: rakuten.co.jp)
(6: empty)
(7: empty)
(8: 360.cn)
(9: pixnet.net)
(10: amazon.co.uk)
(11: ok.ru)
(12: doubleclick.net)
(13: blogger.com)
(14: empty)
(15: empty)
(16: baidu.com)
(17: empty)
(18: empty)
(19: weibo.com)
(20: imdb.com)
(21: empty)
(22: empty)
(23: tmall.com)
(24: google.com.au)
(25: empty)
(26: empty)
(27: empty)
(28: yahoo.com)
(29: empty)
tmall.com
tmall.com
google.de
(0: youku.com)
(1: empty)
(2: alibaba.com)
(3: jd.com)
(4: tianya.cn)
(5: rakuten.co.jp)
(6: empty)
(7: empty)
(8: google.de)
(9: pixnet.net)
(10: amazon.co.uk)
(11: ok.ru)
(12: doubleclick.net)
(13: blogger.com)
(14: empty)
(15: empty)
(16: baidu.com)
(17: empty)
(18: empty)
(19: weibo.com)
(20: imdb.com)
(21: empty)
(22: empty)
(23: tmall.com)
(24: google.com.au)
(25: empty)
(26: empty)
(27: empty)
(28: google.co.th)
(29: empty)
(30: empty)
(31: empty)
(32: empty)
google.de
outbrain.com
google.co.th
google.de
outbrain.com
google.co.th
youku.com
google.ca
popads.net
(0: youku.com)
(1: empty)
(2: alibaba.com)
(3: jd.com)
(4: tianya.cn)
(5: rakuten.co.jp)
(6: empty)
(7: empty)
(8: google.de)
(9: pixnet.net)
(10: amazon.co.uk)
(11: ok.ru)
(12: doubleclick.net)
(13: blogger.com)
(14: empty)
(15: empty)
(16: baidu.com)
(17: empty)
(18: empty)
(19: weibo.com)
(20: imdb.com)
(21: empty)
(22: empty)
(23: tmall.com)
(24: google.com.au)
(25: empty)
(26: empty)
(27: empty)
(28: google.co.th)
(29: empty)
(30: empty)
(31: empty)
(32: google.ca)
(33: empty)
(34: empty)
fc2.com
fc2.com
yahoo.co.jp
google.com.au
imgur.com
google.com.br
(0: google.com.au)
(1: empty)
(2: alibaba.com)
(3: jd.com)
(4: tianya.cn)
(5: rakuten.co.jp)
(6: empty)
(7: empty)
(8: google.de)
(9: pixnet.net)
(10: amazon.co.uk)
(11: ok.ru)
(12: doubleclick.net)
(13: blogger.com)
(14: fc2.com)
(15: empty)
(16: baidu.com)
(17: empty)
(18: empty)
(19: weibo.com)
(20: imdb.com)
(21: empty)
(22: empty)
(23: tmall.com)
(24: google.com.au)
(25: empty)
(26: empty)
(27: empty)
(28: google.co.th)
(29: empty)
(30: empty)
(31: empty)
(32: google.ca)
(33: empty)
(34: empty)
fc2.com
yahoo.co.jp
google.com.au
imgur.com
google.com.br
google.com.au
(0: google.com.au)
(1: empty)
(2: alibaba.com)
(3: jd.com)
(4: tianya.cn)
(5: rakuten.co.jp)
(6: empty)
(7: google.com.au)
(8: google.de)
(9: pixnet.net)
(10: amazon.co.uk)
(11: ok.ru)
(12: doubleclick.net)
(13: blogger.com)
(14: fc2.com)
(15: empty)
(16: baidu.com)
(17: empty)
(18: empty)
(19: weibo.com)
(20: imdb.com)
(21: empty)
(22: empty)
(23: tmall.com)
(24: google.com.au)
(25: empty)
(26: empty)
(27: empty)
(28: google.co.th)
(29: empty)
(30: empty)
(31: empty)
(32: google.ca)
(33: empty)
(34: empty)
(35: 163.com)
(0: google.com.au)
(1: empty)
(2: alibaba.com)
(3: jd.com)
(4: tianya.cn)
(5: rakuten.co.jp)
(6: empty)
(7: google.com.au)
(8: google.de)
(9: pixnet.net)
(10: amazon.co.uk)
(11: ok.ru)
(12: doubleclick.net)
(13: blogger.com)
(14: fc2.com)
(15: empty)
(16: baidu.com)
(17: empty)
(18: empty)
(19: weibo.com)
(20: imdb.com)
(21: empty)
(22: empty)
(23: tmall.com)
(24: google.com.au)
(25: empty)
(26: empty)
(27: empty)
(28: google.co.th)
(29: empty)
(30: empty)
(31: empty)
(32: google.ca)
(33: empty)
(34: amazon.in)
(0: google.com.au)
(1: empty)
(2: alibaba.com)
(3: jd.com)
(4: tianya.cn)
(5: naver.com)
(6: empty)
(7: google.com.au)
(8: google.de)
(9: pixnet.net)
(10: amazon.co.uk)
(11: ok.ru)
(12: doubleclick.net)
(13: blogger.com)
(14: imgur.com)
(15: empty)
(16: baidu.com)
(17: empty)
(18: empty)
(19: weibo.com)
(20: imdb.com)
(21: empty)
(22: empty)
(23: tmall.com)
(24: google.com.au)
(25: empty)
(26: empty)
(27: empty)
(28: google.co.th)
(29: empty)
(30: empty)
(31: empty)
(32: google.ca)
(33: empty)
(34: amazon.in)
(35: empty)
(36: google.fr)
(37: empty)
(0: google.com.au)
(1: empty)
(2: alibaba.com)
(3: jd.com)
(4: tianya.cn)
(5: naver.com)
(6: empty)
(7: google.com.au)
(8: google.de)
(9: pixnet.net)
(10: amazon.co.uk)
(11: ok.ru)
(12: doubleclick.net)
(13: blogger.com)
(14: imgur.com)
(15: empty)
(16: baidu.com)
(17: empty)
(18: empty)
(19: weibo.com)
(20: imdb.com)
(21: empty)
(22: empty)
(23: tmall.com)
(24: google.com.au)
(25: empty)
(26: empty)
(27: empty)
(28: google.co.th)
(29: empty)
(30: empty)
(31: empty)
(32: google.ca)
(33: empty)
(34: amazon.in)
(35: empty)
(36: google.fr)
(37: empty)
(38: empty)
(0: google.com.au)
(1: empty)
(2: alibaba.com)
(3: jd.com)
(4: tianya.cn)
(5: naver.com)
(6: empty)
(7: google.com.au)
(8: google.de)
(9: pixnet.net)
(10: amazon.co.uk)
(11: ok.ru)
(12: doubleclick.net)
(13: blogger.com)
(14: imgur.com)
(15: empty)
(16: baidu.com)
(17: empty)
(18: empty)
(19: weibo.com)
(20: imdb.com)
(21: empty)
(22: empty)
(23: tmall.com)
(24: google.com.au)
(25: empty)
(26: empty)
(27: empty)
(28: google.co.th)
(29: empty)
(30: craigslist.org)
(31: empty)
(32: google.ca)
(33: empty)
(34: amazon.in)
(35: empty)
(36: google.fr)
(37: empty)
(38: empty)
chinadaily.com.cn
craigslist.org
imdb.com
(0: google.com.au)
(1: empty)
(2: alibaba.com)
(3: jd.com)
(4: tianya.cn)
(5: naver.com)
(6: empty)
(7: google.com.au)
(8: google.de)
(9: pixnet.net)
(10: amazon.co.uk)
(11: stackoverflow.com)
(12: doubleclick.net)
(13: blogger.com)
(14: imgur.com)
(15: empty)
(16: baidu.com)
(17: empty)
(18: empty)
(19: weibo.com)
(20: imdb.com)
(21: empty)
(22: empty)
(23: tmall.com)
(24: google.com.au)
(25: empty)
(26: empty)
(27: empty)
(28: google.co.th)
(29: empty)
(30: craigslist.org)
(31: empty)
(32: google.ca)
(33: empty)
(34: amazon.in)
(35: empty)
(36: google.fr)
(37: empty)
(38: empty)
(39: empty)
(40: microsoftonline.com)
imdb.com
stackoverflow.com
microsoftonline.com
(0: google.com.au)
(1: empty)
(2: alibaba.com)
(3: jd.com)
(4: tianya.cn)
(5: naver.com)
(6: empty)
(7: google.com.au)
(8: google.de)
(9: pixnet.net)
(10: amazon.co.uk)
(11: stackoverflow.com)
(12: doubleclick.net)
(13: blogger.com)
(14: imgur.com)
(15: empty)
(16: baidu.com)
(17: empty)
(18: empty)
(19: weibo.com)
(20: imdb.com)
(21: empty)
(22: empty)
(23: tmall.com)
(24: google.com.au)
(25: empty)
(26: empty)
(27: empty)
(28: google.co.th)
(29: empty)
(30: craigslist.org)
(31: empty)
(32: google.ca)
(33: empty)
(34: amazon.in)
(35: empty)
(36: google.fr)
(37: empty)
(38: empty)
(39: empty)
(0: google.com.au)
(1: empty)
(2: alibaba.com)
(3: jd.com)
(4: tianya.cn)
(5: naver.com)
(6: empty)
(7: google.com.au)
(8: google.de)
(9: pixnet.net)
(10: amazon.co.uk)
(11: stackoverflow.com)
(12: doubleclick.net)
(13: blogger.com)
(14: imgur.com)
(15: empty)
(16: baidu.com)
(17: empty)
(18: empty)
(19: weibo.com)
(20: imdb.com)
(21: empty)
(22: empty)
(23: tmall.com)
(24: google.com.au)
(25: empty)
(26: empty)
(27: empty)
(28: google.co.th)
(29: empty)
(30: craigslist.org)
(31: empty)
(32: google.ca)
(33: empty)
(34: amazon.in)
(35: empty)
(36: google.fr)
(37: empty)
(38: empty)
(39: popads.net)
ebay.com
(0: google.com.au)
(1: empty)
(2: alibaba.com)
(3: jd.com)
(4: tianya.cn)
(5: naver.com)
(6: empty)
(7: google.com.au)
(8: google.de)
(9: pixnet.net)
(10: amazon.co.uk)
(11: stackoverflow.com)
(12: doubleclick.net)
(13: blogger.com)
(14: imgur.com)
(15: empty)
(16: baidu.com)
(17: google.de)
(18: empty)
(19: weibo.com)
(20: imdb.com)
(21: empty)
(22: empty)
(23: tmall.com)
(24: google.com.au)
(25: empty)
(26: empty)
(27: empty)
(28: google.co.th)
(29: empty)
(30: craigslist.org)
(31: empty)
(32: google.ca)
(33: empty)
(34: amazon.in)
(35: empty)
(36: google.fr)
(37: empty)
(38: empty)
(39: empty)
google.de
twitter.com
(0: google.com.au)
(1: empty)
(2: alibaba.com)
(3: jd.com)
(4: tianya.cn)
(5: naver.com)
(6: empty)
(7: google.com.au)
(8: google.de)
(9: pixnet.net)
(10: amazon.co.uk)
(11: stackoverflow.com)
(12: doubleclick.net)
(13: blogger.com)
(14: imgur.com)
(15: empty)
(16: baidu.com)
(17: twitter.com)
(18: empty)
(19: weibo.com)
(20: imdb.com)
(21: empty)
(22: empty)
(23: tmall.com)
(24: google.com.au)
(25: empty)
(26: empty)
(27: empty)
(28: google.co.th)
(29: empty)
(30: craigslist.org)
(31: empty)
(32: google.ca)
(33: empty)
(34: amazon.in)
(35: empty)
(36: google.fr)
(37: empty)
(38: empty)
(39: empty)
(0: google.com.au)
(1: empty)
(2: alibaba.com)
(3: jd.com)
(4: tianya.cn)
(5: naver.com)
(6: empty)
(7: google.com.au)
(8: google.de)
(9: pixnet.net)
(10: amazon.co.uk)
(11: stackoverflow.com)
(12: doubleclick.net)
(13: blogger.com)
(14: imgur.com)
(15: empty)
(16: baidu.com)
(17: twitter.com)
(18: empty)
(19: weibo.com)
(20: imdb.com)
(21: empty)
(22: empty)
(23: tmall.com)
(24: google.com.au)
(25: empty)
(26: empty)
(27: empty)
(28: google.co.th)
(29: empty)
(30: craigslist.org)
(31: empty)
(32: google.ca)
(33: empty)
(34: amazon.in)
(35: empty)
(36: google.fr)
(37: empty)
(38: empty)
(39: sohu.com)
(40: empty)
live.com
(0: google.com.au)
(1: empty)
(2: alibaba.com)
(3: jd.com)
(4: tianya.cn)
(5: naver.com)
(6: empty)
(7: google.com.au)
(8: google.de)
(9: pixnet.net)
(10: amazon.co.uk)
(11: stackoverflow.com)
(12: doubleclick.net)
(13: blogger.com)
(14: imgur.com)
(15: empty)
(16: baidu.com)
(17: twitter.com)
(18: empty)
(19: weibo.com)
(20: imdb.com)
(21: empty)
(22: empty)
(23: tmall.com)
(24: google.com.au)
(25: empty)
(26: empty)
(27: empty)
(28: google.co.th)
(29: empty)
(30: craigslist.org)
(31: empty)
(32: google.ca)
(33: empty)
(34: amazon.in)
(35: empty)
(36: google.fr)
(37: empty)
(38: empty)
(39: sohu.com)
(40: sohu.com)
(0: google.com.au)
(1: empty)
(2: alibaba.com)
(3: jd.com)
(4: tianya.cn)
(5: naver.com)
(6: empty)
(7: google.com.au)
(8: google.de)
(9: pixnet.net)
(10: amazon.co.uk)
(11: aliexpress.com)
(12: doubleclick.net)
(13: blogger.com)
(14: imgur.com)
(15: empty)
(16: baidu.com)
(17: twitter.com)
(18: empty)
(19: weibo.com)
(20: imdb.com)
(21: empty)
(22: empty)
(23: tmall.com)
(24: google.com.au)
(25: empty)
(26: empty)
(27: empty)
(28: google.co.th)
(29: empty)
(30: craigslist.org)
(31: empty)
(32: google.ca)
(33: empty)
(34: amazon.in)
(35: empty)
(36: google.fr)
(37: empty)
(38: empty)
(39: sohu.com)
(40: empty)
paypal.com
google.com.br
aliexpress.com
(0: google.com.au)
(1: empty)
(2: alibaba.com)
(3: jd.com)
(4: tianya.cn)
(5: naver.com)
(6: empty)
(7: google.com.au)
(8: google.de)
(9: pixnet.net)
(10: amazon.co.uk)
(11: aliexpress.com)
(12: doubleclick.net)
(13: blogger.com)
(14: imgur.com)
(15: empty)
(16: baidu.com)
(17: twitter.com)
(18: empty)
(19: weibo.com)
(20: imdb.com)
(21: empty)
(22: empty)
(23: tmall.com)
(24: google.com.au)
(25: empty)
(26: empty)
(27: empty)
(28: google.co.th)
(29: empty)
(30: craigslist.org)
(31: empty)
(32: google.ca)
(33: onet.pl)
(34: amazon.in)
(35: empty)
(36: google.fr)
(37: empty)
(38: empty)
(39: sohu.com)
(40: empty)
bilibili.com
(0: google.com.au)
(1: empty)
(2: alibaba.com)
(3: jd.com)
(4: tianya.cn)
(5: naver.com)
(6: empty)
(7: google.com.au)
(8: google.de)
(9: pixnet.net)
(10: amazon.co.uk)
(11: aliexpress.com)
(12: doubleclick.net)
(13: blogger.com)
(14: imgur.com)
(15: empty)
(16: baidu.com)
(17: twitter.com)
(18: empty)
(19: weibo.com)
(20: imdb.com)
(21: empty)
(22: empty)
(23: tmall.com)
(24: google.com.au)
(25: empty)
(26: empty)
(27: empty)
(28: google.co.th)
(29: empty)
(30: craigslist.org)
(31: empty)
(32: google.ca)
(33: onet.pl)
(34: amazon.in)
(35: empty)
(36: google.fr)
(37: empty)
(38: empty)
(39: sohu.com)
(40: empty)
(41: bilibili.com)
google.com.au
go.com
imdb.com
google.com.au
go.com
imdb.com
weibo.com
dropbox.com
(0: google.com.au)
(1: empty)
(2: alibaba.com)
(3: jd.com)
(4: tianya.cn)
(5: naver.com)
(6: empty)
(7: google.com.au)
(8: google.de)
(9: pixnet.net)
(10: amazon.co.uk)
(11: aliexpress.com)
(12: doubleclick.net)
(13: blogger.com)
(14: imgur.com)
(15: empty)
(16: baidu.com)
(17: twitter.com)
(18: empty)
(19: weibo.com)
(20: imdb.com)
(21: empty)
(22: empty)
(23: tmall.com)
(24: google.com.au)
(25: empty)
(26: empty)
(27: empty)
(28: google.co.th)
(29: empty)
(30: craigslist.org)
(31: dropbox.com)
(32: google.ca)
(33: onet.pl)
(34: amazon.in)
(35: empty)
(36: google.fr)
(37: empty)
(38: empty)
(39: sohu.com)
(40: empty)
(41: google.com.au)
(42: vk.com)
(43: empty)
imdb.com
tianya.cn
cnn.com
xinhuanet.com
baidu.com
(0: google.com.au)
(1: empty)
(2: alibaba.com)
(3: jd.com)
(4: tianya.cn)
(5: naver.com)
(6: empty)
(7: google.com.au)
(8: google.de)
(9: pixnet.net)
(10: amazon.co.uk)
(11: aliexpress.com)
(12: doubleclick.net)
(13: blogger.com)
(14: imgur.com)
(15: empty)
(16: baidu.com)
(17: twitter.com)
(18: empty)
(19: weibo.com)
(20: imdb.com)
(21: empty)
(22: empty)
(23: tmall.com)
(24: google.com.au)
(25: empty)
(26: empty)
(27: empty)
(28: google.co.th)
(29: empty)
(30: craigslist.org)
(31: dropbox.com)
(32: google.ca)
(33: onet.pl)
(34: xinhuanet.com)
(35: empty)
(36: google.fr)
(37: empty)
(38: empty)
(39: sohu.com)
(40: empty)
(41: google.com.au)
(42: vk.com)
(43: cnn.com)
(44: baidu.com)
(45: empty)
(46: empty)
google.co.in
(0: google.com.au)
(1: empty)
(2: alibaba.com)
(3: jd.com)
(4: tianya.cn)
(5: naver.com)
(6: empty)
(7: google.com.au)
(8: google.de)
(9: pixnet.net)
(10: amazon.co.uk)
(11: aliexpress.com)
(12: doubleclick.net)
(13: blogger.com)
(14: imgur.com)
(15: empty)
(16: baidu.com)
(17: twitter.com)
(18: empty)
(19: weibo.com)
(20: imdb.com)
(21: empty)
(22: empty)
(23: tmall.com)
(24: google.com.au)
(25: empty)
(26: empty)
(27: empty)
(28: google.co.th)
(29: empty)
(30: craigslist.org)
(31: dropbox.com)
(32: outbrain.com)
(33: onet.pl)
(34: xinhuanet.com)
(35: empty)
(36: google.fr)
(37: empty)
(38: empty)
(39: sohu.com)
(40: empty)
(41: google.com.au)
(42: vk.com)
(43: cnn.com)
(44: baidu.com)
(45: empty)
(46: empty)
(47: google.com.ph)
(48: empty)
(49: empty)
(50: cntv.cn)
(51: empty)
cntv.cn
pixnet.net
(0: google.com.au)
(1: empty)
(2: alibaba.com)
(3: jd.com)
(4: tianya.cn)
(5: naver.com)
(6: empty)
(7: google.com.au)
(8: google.de)
(9: pixnet.net)
(10: amazon.co.uk)
(11: aliexpress.com)
(12: doubleclick.net)
(13: blogger.com)
(14: imgur.com)
(15: empty)
(16: baidu.com)
(17: twitter.com)
(18: empty)
(19: weibo.com)
(20: imdb.com)
(21: empty)
(22: empty)
(23: tmall.com)
(24: google.com.au)
(25: empty)
(26: empty)
(27: empty)
(28: google.co.th)
(29: empty)
(30: craigslist.org)
(31: dropbox.com)
(32: outbrain.com)
(33: onet.pl)
(34: xinhuanet.com)
(35: empty)
(36: google.fr)
(37: empty)
(38: empty)
(39: sohu.com)
(40: empty)
(41: google.com.au)
(42: vk.com)
(43: cnn.com)
(44: baidu.com)
(45: empty)
(46: empty)
(47: google.com.ph)
(48: empty)
(49: empty)
(0: google.com.au)
(1: empty)
(2: alibaba.com)
(3: jd.com)
(4: tianya.cn)
(5: naver.com)
(6: empty)
(7: google.com.au)
(8: google.de)
(9: pixnet.net)
(10: amazon.co.uk)
(11: aliexpress.com)
(12: doubleclick.net)
(13: blogger.com)
(14: imgur.com)
(15: empty)
(16: baidu.com)
(17: twitter.com)
(18: empty)
(19: weibo.com)
(20: imdb.com)
(21: empty)
(22: empty)
(23: tmall.com)
(24: google.com.au)
(25: empty)
(26: empty)
(27: empty)
(28: google.co.th)
(29: empty)
(30: craigslist.org)
(31: dropbox.com)
(32: outbrain.com)
(33: onet.pl)
(34: xinhuanet.com)
(35: empty)
(36: google.fr)
(37: empty)
(38: empty)
(39: sohu.com)
(40: empty)
(41: google.com.au)
(42: vk.com)
(43: cnn.com)
(44: baidu.com)
(45: empty)
(46: empty)
(47: google.com.ph)
(48: empty)
(49: empty)
(50: wordpress.com)
wordpress.com
(0: google.com.au)
(1: empty)
(2: alibaba.com)
(3: jd.com)
(4: tianya.cn)
(5: naver.com)
(6: empty)
(7: google.com.au)
(8: google.de)
(9: pixnet.net)
(10: amazon.co.uk)
(11: aliexpress.com)
(12: doubleclick.net)
(13: blogger.com)
(14: imgur.com)
(15: empty)
(16: baidu.com)
(17: twitter.com)
(18: empty)
(19: weibo.com)
(20: imdb.com)
(21: empty)
(22: empty)
(23: tmall.com)
(24: google.com.au)
(25: empty)
(26: empty)
(27: empty)
(28: google.co.th)
(29: empty)
(30: craigslist.org)
(31: dropbox.com)
(32: outbrain.com)
(33: onet.pl)
(34: xinhuanet.com)
(35: empty)
(36: google.fr)
(37: empty)
(38: empty)
(39: sohu.com)
(40: empty)
(41: google.com.au)
(42: vk.com)
(43: cnn.com)
(44: baidu.com)
(45: empty)
(46: empty)
(47: google.com.ph)
(48: empty)
(49: empty)
(50: amazon.in)
amazon.in
(0: google.com.au)
(1: empty)
(2: alibaba.com)
(3: jd.com)
(4: tianya.cn)
(5: naver.com)
(6: empty)
(7: google.com.au)
(8: google.de)
(9: pixnet.net)
(10: amazon.co.uk)
(11: aliexpress.com)
(12: doubleclick.net)
(13: blogger.com)
(14: imgur.com)
(15: empty)
(16: baidu.com)
(17: twitter.com)
(18: empty)
(19: weibo.com)
(20: imdb.com)
(21: empty)
(22: empty)
(23: tmall.com)
(24: google.com.au)
(25: empty)
(26: empty)
(27: empty)
(28: google.co.th)
(29: empty)
(30: craigslist.org)
(31: dropbox.com)
(32: outbrain.com)
(33: onet.pl)
(34: xinhuanet.com)
(35: empty)
(36: google.fr)
(37: empty)
(38: empty)
(39: sohu.com)
(40: empty)
(41: google.com.au)
(42: vk.com)
(43: cnn.com)
(44: baidu.com)
(45: empty)
(46: empty)
(47: google.com.ph)
(48: empty)
(49: ebay.com)
(0: google.com.au)
(1: empty)
(2: alibaba.com)
(3: jd.com)
(4: tianya.cn)
(5: naver.com)
(6: empty)
(7: google.com.au)
(8: google.de)
(9: pixnet.net)
(10: amazon.co.uk)
(11: aliexpress.com)
(12: doubleclick.net)
(13: blogger.com)
(14: imgur.com)
(15: empty)
(16: baidu.com)
(17: twitter.com)
(18: empty)
(19: weibo.com)
(20: imdb.com)
(21: empty)
(22: empty)
(23: tmall.com)
(24: google.com.au)
(25: empty)
(26: empty)
(27: empty)
(28: google.co.th)
(29: empty)
(30: craigslist.org)
(31: dropbox.com)
(32: outbrain.com)
(33: onet.pl)
(34: xinhuanet.com)
(35: empty)
(36: google.fr)
(37: empty)
(38: empty)
(39: sohu.com)
(40: empty)
(41: google.com.au)
(42: vk.com)
(43: cnn.com)
(44: baidu.com)
(45: empty)
(46: empty)
(47: google.com.ph)
(48: empty)
(49: ebay.com)
tianya.cn
netflix.com
rakuten.co.jp
(0: google.com.au)
(1: empty)
(2: alibaba.com)
(3: jd.com)
(4: tianya.cn)
(5: naver.com)
(6: empty)
(7: google.com.au)
(8: google.de)
(9: pixnet.net)
(10: amazon.co.uk)
(11: rakuten.co.jp)
(12: doubleclick.net)
(13: blogger.com)
(14: imgur.com)
(15: empty)
(16: baidu.com)
(17: twitter.com)
(18: empty)
(19: weibo.com)
(20: cnn.com)
(21: empty)
(22: empty)
(23: tmall.com)
(24: google.com.au)
(25: empty)
(26: empty)
(27: empty)
(28: google.co.th)
(29: empty)
(30: craigslist.org)
(31: netflix.com)
(32: outbrain.com)
(33: onet.pl)
(34: xinhuanet.com)
(35: empty)
(36: google.fr)
(37: empty)
(38: empty)
(39: sohu.com)
(40: empty)
(41: google.com.au)
(42: vk.com)
(43: cnn.com)
(44: booking.com)
(45: empty)
(46: empty)
(47: google.com.ph)
(48: empty)
(49: ebay.com)
(0: google.com.au)
(1: empty)
(2: alibaba.com)
(3: jd.com)
(4: tianya.cn)
(5: naver.com)
(6: empty)
(7: google.com.au)
(8: google.de)
(9: pixnet.net)
(10: amazon.co.uk)
(11: rakuten.co.jp)
(12: doubleclick.net)
(13: blogger.com)
(14: imgur.com)
(15: empty)
(16: baidu.com)
(17: twitter.com)
(18: empty)
(19: weibo.com)
(20: cnn.com)
(21: empty)
(22: empty)
(23: tmall.com)
(24: google.com.au)
(25: empty)
(26: empty)
(27: empty)
(28: google.co.th)
(29: empty)
(30: craigslist.org)
(31: netflix.com)
(32: outbrain.com)
(33: onet.pl)
(34: xinhuanet.com)
(35: empty)
(36: google.fr)
(37: empty)
(38: empty)
(39: sohu.com)
(40: empty)
(41: google.com.au)
(42: vk.com)
(43: cnn.com)
(44: baidu.com)
(45: empty)
(46: empty)
(47: google.com.ph)
(48: empty)
(49: empty)
booking.com
reddit.com
wikipedia.org
(0: google.com.au)
(1: empty)
(2: alibaba.com)
(3: jd.com)
(4: tianya.cn)
(5: naver.com)
(6: empty)
(7: google.com.au)
(8: google.de)
(9: pixnet.net)
(10: amazon.co.uk)
(11: rakuten.co.jp)
(12: doubleclick.net)
(13: blogger.com)
(14: imgur.com)
(15: empty)
(16: baidu.com)
(17: twitter.com)
(18: empty)
(19: weibo.com)
(20: cnn.com)
(21: empty)
(22: empty)
(23: tmall.com)
(24: google.com.au)
(25: empty)
(26: empty)
(27: empty)
(28: google.co.th)
(29: empty)
(30: craigslist.org)
(31: netflix.com)
(32: outbrain.com)
(33: onet.pl)
(34: xinhuanet.com)
(35: empty)
(36: google.fr)
(37: empty)
(38: empty)
(39: sohu.com)
(40: empty)
(41: google.com.au)
(42: vk.com)
(43: cnn.com)
(44: baidu.com)
(45: empty)
(46: empty)
(47: google.com.ph)
(48: wikipedia.org)
(49: empty)
(50: twitter.com)
(51: empty)
booking.com
reddit.com
wikipedia.org
google.ru
twitter.com
(0: google.com.au)
(1: empty)
(2: alibaba.com)
(3: jd.com)
(4: tianya.cn)
(5: naver.com)
(6: empty)
(7: google.com.au)
(8: google.de)
(9: pixnet.net)
(10: amazon.co.uk)
(11: rakuten.co.jp)
(12: doubleclick.net)
(13: blogger.com)
(14: imgur.com)
(15: empty)
(16: baidu.com)
(17: twitter.com)
(18: empty)
(19: weibo.com)
(20: cnn.com)
(21: empty)
(22: empty)
(23: tmall.com)
(24: google.com.au)
(25: empty)
(26: empty)
(27: empty)
(28: google.co.th)
(29: empty)
(30: craigslist.org)
(31: netflix.com)
(32: outbrain.com)
(33: onet.pl)
(34: xinhuanet.com)
(35: empty)
(36: google.fr)
(37: empty)
(38: empty)
(39: sohu.com)
(40: empty)
(41: google.com.au)
(42: vk.com)
(43: cnn.com)
(44: baidu.com)
(45: empty)
(46: empty)
(47: google.com.ph)
(48: wikipedia.org)
(49: empty)
(50: twitter.com)
(51: empty)
(0: google.com.au)
(1: empty)
(2: alibaba.com)
(3: jd.com)
(4: tianya.cn)
(5: naver.com)
(6: empty)
(7: google.com.au)
(8: google.de)
(9: pixnet.net)
(10: amazon.co.uk)
(11: rakuten.co.jp)
(12: doubleclick.net)
(13: blogger.com)
(14: imgur.com)
(15: empty)
(16: baidu.com)
(17: twitter.com)
(18: empty)
(19: weibo.com)
(20: cnn.com)
(21: empty)
(22: empty)
(23: tmall.com)
(24: google.com.au)
(25: empty)
(26: empty)
(27: empty)
(28: google.co.th)
(29: empty)
(30: craigslist.org)
(31: netflix.com)
(32: outbrain.com)
(33: onet.pl)
(34: xinhuanet.com)
(35: empty)
(36: google.fr)
(37: empty)
(38: empty)
(39: sohu.com)
(40: empty)
(41: google.com.au)
(42: vk.com)
(43: cnn.com)
(44: baidu.com)
(45: empty)
(46: empty)
(47: google.com.ph)
(48: wikipedia.org)
(49: empty)
(50: twitter.com)
(51: empty)
(52: empty)
(53: empty)
(0: google.com.au)
(1: empty)
(2: alibaba.com)
(3: jd.com)
(4: tianya.cn)
(5: naver.com)
(6: empty)
(7: google.com.au)
(8: google.de)
(9: pixnet.net)
(10: amazon.co.uk)
(11: rakuten.co.jp)
(12: doubleclick.net)
(13: blogger.com)
(14: imgur.com)
(15: empty)
(16: baidu.com)
(17: twitter.com)
(18: empty)
(19: weibo.com)
(20: cnn.com)
(21: empty)
(22: empty)
(23: tmall.com)
(24: google.com.au)
(25: empty)
(26: empty)
(27: empty)
(28: google.co.th)
(29: empty)
(30: craigslist.org)
(31: google.co.th)
(32: outbrain.com)
(33: onet.pl)
(34: xinhuanet.com)
(35: empty)
(36: google.fr)
(37: empty)
(38: empty)
(39: sohu.com)
(40: empty)
(41: google.com.au)
(42: vk.com)
(43: cnn.com)
(44: baidu.com)
(45: empty)
(46: empty)
(47: google.com.ph)
(48: wikipedia.org)
(49: empty)
(50: twitter.com)
(51: empty)
(52: empty)
(53: empty)
(54: empty)
(55: empty)
pixnet.net
google.co.th
xinhuanet.com
(0: google.com.au)
(1: empty)
(2: alibaba.com)
(3: jd.com)
(4: tianya.cn)
(5: naver.com)
(6: empty)
(7: google.com.au)
(8: google.de)
(9: pixnet.net)
(10: amazon.co.uk)
(11: rakuten.co.jp)
(12: doubleclick.net)
(13: blogger.com)
(14: imgur.com)
(15: empty)
(16: baidu.com)
(17: twitter.com)
(18: empty)
(19: weibo.com)
(20: xinhuanet.com)
(21: empty)
(22: empty)
(23: tmall.com)
(24: google.com.au)
(25: empty)
(26: empty)
(27: empty)
(28: google.co.th)
(29: empty)
(30: craigslist.org)
(31: google.co.th)
(32: outbrain.com)
(33: onet.pl)
(34: xinhuanet.com)
(35: empty)
(36: google.fr)
(37: empty)
(38: empty)
(39: sohu.com)
(40: empty)
(41: google.com.au)
(42: vk.com)
(43: cnn.com)
(44: baidu.com)
(45: empty)
(46: empty)
(47: google.com.ph)
(48: wikipedia.org)
(49: empty)
(50: twitter.com)
(51: empty)
(52: empty)
(53: empty)
(54: empty)
office.com
google.com.ph
(0: google.com.au)
(1: empty)
(2: alibaba.com)
(3: jd.com)
(4: tianya.cn)
(5: naver.com)
(6: empty)
(7: google.com.au)
(8: google.de)
(9: pixnet.net)
(10: amazon.co.uk)
(11: rakuten.co.jp)
(12: doubleclick.net)
(13: blogger.com)
(14: imgur.com)
(15: empty)
(16: baidu.com)
(17: twitter.com)
(18: empty)
(19: weibo.com)
(20: xinhuanet.com)
(21: empty)
(22: empty)
(23: tmall.com)
(24: google.com.au)
(25: empty)
(26: empty)
(27: empty)
(28: google.co.th)
(29: empty)
(30: craigslist.org)
(31: google.co.th)
(32: outbrain.com)
(33: onet.pl)
(34: xinhuanet.com)
(35: empty)
(36: google.fr)
(37: empty)
(38: empty)
(39: sohu.com)
(40: empty)
(41: google.com.au)
(42: vk.com)
(43: cnn.com)
(44: google.de)
(45: empty)
(46: empty)
(47: google.com.ph)
(48: wikipedia.org)
(49: empty)
(50: twitter.com)
(51: empty)
(52: empty)
(53: empty)
(54: cnn.com)
(0: google.com.au)
(1: empty)
(2: alibaba.com)
(3: jd.com)
(4: tianya.cn)
(5: naver.com)
(6: empty)
(7: google.com.au)
(8: google.de)
(9: pixnet.net)
(10: amazon.co.uk)
(11: rakuten.co.jp)
(12: doubleclick.net)
(13: blogger.com)
(14: imgur.com)
(15: empty)
(16: baidu.com)
(17: twitter.com)
(18: empty)
(19: weibo.com)
(20: xinhuanet.com)
(21: empty)
(22: empty)
(23: tmall.com)
(24: google.com.au)
(25: empty)
(26: empty)
(27: empty)
(28: google.co.th)
(29: empty)
(30: craigslist.org)
(31: google.co.th)
(32: outbrain.com)
(33: onet.pl)
(34: xinhuanet.com)
(35: empty)
(36: google.fr)
(37: empty)
(38: empty)
(39: sohu.com)
(40: empty)
(41: google.com.au)
(42: vk.com)
(43: cnn.com)
(44: google.de)
(45: empty)
(46: empty)
(47: google.com.ph)
(48: wikipedia.org)
(49: empty)
(50: twitter.com)
(51: empty)
(52: empty)
(53: empty)
(54: cnn.com)
(55: github.com)
(56: empty)
(57: empty)
(58: empty)
aliexpress.com
(0: google.com.au)
(1: empty)
(2: alibaba.com)
(3: jd.com)
(4: tianya.cn)
(5: naver.com)
(6: empty)
(7: google.com.au)
(8: google.de)
(9: pixnet.net)
(10: amazon.co.uk)
(11: rakuten.co.jp)
(12: doubleclick.net)
(13: blogger.com)
(14: imgur.com)
(15: empty)
(16: baidu.com)
(17: twitter.com)
(18: empty)
(19: weibo.com)
(20: xinhuanet.com)
(21: empty)
(22: empty)
(23: tmall.com)
(24: google.com.au)
(25: empty)
(26: empty)
(27: empty)
(28: google.co.th)
(29: empty)
(30: craigslist.org)
(31: google.co.th)
(32: outbrain.com)
(33: onet.pl)
(34: xinhuanet.com)
(35: empty)
(36: google.fr)
(37: empty)
(38: empty)
(39: sohu.com)
(40: empty)
(41: google.com.au)
(42: vk.com)
(43: cnn.com)
(44: google.de)
(45: empty)
(46: empty)
(47: google.com.ph)
(48: wikipedia.org)
(49: empty)
(50: twitter.com)
(51: empty)
(52: empty)
(53: empty)
(54: cnn.com)
(55: github.com)
(56: empty)
(57: empty)
(58: empty)
(0: google.com.au)
(1: empty)
(2: alibaba.com)
(3: jd.com)
(4: tianya.cn)
(5: naver.com)
(6: empty)
(7: google.com.au)
(8: google.de)
(9: pixnet.net)
(10: amazon.co.uk)
(11: rakuten.co.jp)
(12: doubleclick.net)
(13: blogger.com)
(14: imgur.com)
(15: empty)
(16: baidu.com)
(17: twitter.com)
(18: empty)
(19: weibo.com)
(20: xinhuanet.com)
(21: empty)
(22: empty)
(23: tmall.com)
(24: google.com.au)
(25: empty)
(26: empty)
(27: empty)
(28: google.co.th)
(29: empty)
(30: craigslist.org)
(31: google.co.th)
(32: outbrain.com)
(33: onet.pl)
(34: xinhuanet.com)
(35: empty)
(36: google.fr)
(37: empty)
(38: empty)
(39: sohu.com)
(40: empty)
(41: google.com.au)
(42: vk.com)
(43: cnn.com)
(44: google.de)
(45: empty)
(46: empty)
(47: google.com.ph)
(48: wikipedia.org)
(49: empty)
(50: twitter.com)
(51: empty)
(52: empty)
(53: empty)
(54: cnn.com)
(55: github.com)
(56: empty)
(57: empty)
(58: empty)
(59: empty)
(60: empty)
(61: empty)
(62: empty)
wikipedia.org
(0: google.com.au)
(1: empty)
(2: alibaba.com)
(3: jd.com)
(4: tianya.cn)
(5: naver.com)
(6: empty)
(7: google.com.au)
(8: google.de)
(9: pixnet.net)
(10: amazon.co.uk)
(11: rakuten.co.jp)
(12: doubleclick.net)
(13: blogger.com)
(14: imgur.com)
(15: wikipedia.org)
(16: baidu.com)
(17: twitter.com)
(18: empty)
(19: weibo.com)
(20: xinhuanet.com)
(21: empty)
(22: empty)
(23: tmall.com)
(24: google.com.au)
(25: empty)
(26: empty)
(27: empty)
(28: google.co.th)
(29: empty)
(30: craigslist.org)
(31: google.co.th)
(32: outbrain.com)
(33: onet.pl)
(34: xinhuanet.com)
(35: empty)
(36: google.fr)
(37: empty)
(38: empty)
(39: sohu.com)
(40: empty)
(41: google.com.au)
(42: vk.com)
(43: cnn.com)
(44: google.de)
(45: empty)
(46: empty)
(47: google.com.ph)
(48: wikipedia.org)
(49: empty)
(50: twitter.com)
(51: empty)
(52: empty)
(53: empty)
(54: cnn.com)
(55: github.com)
(56: empty)
(57: empty)
(58: empty)
(59: empty)
(60: empty)
(61: empty)
nicovideo.jp
(0: google.com.au)
(1: empty)
(2: alibaba.com)
(3: jd.com)
(4: tianya.cn)
(5: naver.com)
(6: empty)
(7: google.com.au)
(8: google.de)
(9: pixnet.net)
(10: amazon.co.uk)
(11: rakuten.co.jp)
(12: doubleclick.net)
(13: blogger.com)
(14: imgur.com)
(15: wikipedia.org)
(16: baidu.com)
(17: twitter.com)
(18: empty)
(19: weibo.com)
(20: xinhuanet.com)
(21: empty)
(22: empty)
(23: tmall.com)
(24: google.com.au)
(25: empty)
(26: empty)
(27: empty)
(28: google.co.th)
(29: empty)
(30: craigslist.org)
(31: google.co.th)
(32: outbrain.com)
(33: onet.pl)
(34: xinhuanet.com)
(35: empty)
(36: google.fr)
(37: empty)
(38: empty)
(39: sohu.com)
(40: empty)
(41: google.com.au)
(42: vk.com)
(43: cnn.com)
(44: google.de)
(45: empty)
(46: empty)
(47: google.com.ph)
(48: wikipedia.org)
(49: empty)
(50: twitter.com)
(51: empty)
(52: empty)
(53: empty)
(54: cnn.com)
(55: github.com)
(56: empty)
(57: empty)
(58: empty)
(59: empty)
(60: empty)
(61: empty)
(62: nicovideo.jp)
(0: google.com.au)
(1: empty)
(2: alibaba.com)
(3: jd.com)
(4: tianya.cn)
(5: naver.com)
(6: empty)
(7: google.com.au)
(8: google.de)
(9: pixnet.net)
(10: amazon.co.uk)
(11: rakuten.co.jp)
(12: doubleclick.net)
(13: blogger.com)
(14: imgur.com)
(15: wikipedia.org)
(16: baidu.com)
(17: twitter.com)
(18: empty)
(19: weibo.com)
(20: xinhuanet.com)
(21: empty)
(22: empty)
(23: tmall.com)
(24: google.com.au)
(25: empty)
(26: empty)
(27: empty)
(28: google.co.th)
(29: empty)
(30: craigslist.org)
(31: google.co.th)
(32: outbrain.com)
(33: onet.pl)
(34: xinhuanet.com)
(35: empty)
(36: google.fr)
(37: empty)
(38: empty)
(39: sohu.com)
(40: empty)
(41: google.com.au)
(42: vk.com)
(43: cnn.com)
(44: google.de)
(45: empty)
(46: empty)
(47: google.com.ph)
(48: wikipedia.org)
(49: empty)
(50: twitter.com)
(51: empty)
(52: empty)
(53: empty)
(54: cnn.com)
(55: github.com)
(56: empty)
(57: empty)
(58: empty)
(59: empty)
(60: empty)
(61: empty)
(62: empty)
(63: xinhuanet.com)
(0: google.com.au)
(1: empty)
(2: alibaba.com)
(3: jd.com)
(4: tianya.cn)
(5: naver.com)
(6: empty)
(7: google.com.au)
(8: google.de)
(9: pixnet.net)
(10: amazon.co.uk)
(11: rakuten.co.jp)
(12: doubleclick.net)
(13: blogger.com)
(14: imgur.com)
(15: wikipedia.org)
(16: baidu.com)
(17: twitter.com)
(18: empty)
(19: weibo.com)
(20: xinhuanet.com)
(21: empty)
(22: empty)
(23: tmall.com)
(24: google.com.au)
(25: empty)
(26: empty)
(27: empty)
(28: google.co.th)
(29: empty)
(30: craigslist.org)
(31: google.co.th)
(32: outbrain.com)
(33: onet.pl)
(34: xinhuanet.com)
(35: empty)
(36: google.fr)
(37: empty)
(38: empty)
(39: sohu.com)
(40: empty)
(41: google.com.au)
(42: vk.com)
(43: cnn.com)
(44: google.de)
(45: empty)
(46: empty)
(47: google.com.ph)
(48: wikipedia.org)
(49: empty)
(50: twitter.com)
(51: empty)
(52: empty)
(53: empty)
(54: cnn.com)
(55: github.com)
(56: empty)
(57: empty)
(58: empty)
(59: empty)
(60: empty)
(61: empty)
(62: empty)
(0: google.com.au)
(1: empty)
(2: alibaba.com)
(3: jd.com)
(4: tianya.cn)
(5: naver.com)
(6: dropbox.com)
(7: google.com.au)
(8: google.de)
(9: pixnet.net)
(10: amazon.co.uk)
(11: rakuten.co.jp)
(12: doubleclick.net)
(13: blogger.com)
(14: imgur.com)
(15: wikipedia.org)
(16: baidu.com)
(17: twitter.com)
(18: empty)
(19: weibo.com)
(20: xinhuanet.com)
(21: empty)
(22: empty)
(23: tmall.com)
(24: google.com.au)
(25: empty)
(26: empty)
(27: empty)
(28: google.co.th)
(29: empty)
(30: craigslist.org)
(31: google.co.th)
(32: outbrain.com)
(33: onet.pl)
(34: xinhuanet.com)
(35: empty)
(36: google.fr)
(37: empty)
(38: empty)
(39: sohu.com)
(40: empty)
(41: google.com.au)
(42: vk.com)
(43: cnn.com)
(44: google.de)
(45: empty)
(46: empty)
(47: google.com.ph)
(48: wikipedia.org)
(49: empty)
(50: twitter.com)
(51: empty)
(52: empty)
(53: empty)
(54: cnn.com)
(55: github.com)
(56: empty)
(57: imgur.com)
(58: empty)
(59: empty)
(60: empty)
(61: empty)
(62: empty)
(0: google.com.au)
(1: empty)
(2: alibaba.com)
(3: jd.com)
(4: tianya.cn)
(5: naver.com)
(6: dropbox.com)
(7: google.com.au)
(8: google.de)
(9: pixnet.net)
(10: amazon.co.uk)
(11: rakuten.co.jp)
(12: doubleclick.net)
(13: blogger.com)
(14: imgur.com)
(15: wikipedia.org)
(16: baidu.com)
(17: twitter.com)
(18: empty)
(19: weibo.com)
(20: xinhuanet.com)
(21: empty)
(22: empty)
(23: tmall.com)
(24: google.com.au)
(25: empty)
(26: empty)
(27: empty)
(28: google.co.th)
(29: empty)
(30: craigslist.org)
(31: google.co.th)
(32: outbrain.com)
(33: onet.pl)
(34: xinhuanet.com)
(35: empty)
(36: google.fr)
(37: empty)
(38: empty)
(39: sohu.com)
(40: empty)
(41: google.com.au)
(42: vk.com)
(43: cnn.com)
(44: google.de)
(45: empty)
(46: empty)
(47: google.com.ph)
(48: wikipedia.org)
(49: empty)
(50: twitter.com)
(51: empty)
(52: empty)
(53: empty)
(54: cnn.com)
(55: github.com)
(56: empty)
(57: imgur.com)
(58: empty)
(59: empty)
(60: empty)
(61: empty)
(62: soso.com)
(0: google.com.au)
(1: empty)
(2: alibaba.com)
(3: jd.com)
(4: rakuten.co.jp)
(5: naver.com)
(6: dropbox.com)
(7: google.com.au)
(8: google.de)
(9: pixnet.net)
(10: amazon.co.uk)
(11: rakuten.co.jp)
(12: doubleclick.net)
(13: blogger.com)
(14: imgur.com)
(15: wikipedia.org)
(16: baidu.com)
(17: twitter.com)
(18: empty)
(19: weibo.com)
(20: xinhuanet.com)
(21: empty)
(22: empty)
(23: tmall.com)
(24: google.com.au)
(25: empty)
(26: empty)
(27: empty)
(28: google.co.th)
(29: empty)
(30: craigslist.org)
(31: google.co.th)
(32: outbrain.com)
(33: onet.pl)
(34: xinhuanet.com)
(35: empty)
(36: google.fr)
(37: empty)
(38: empty)
(39: sohu.com)
(40: empty)
(41: google.com.au)
(42: vk.com)
(43: cnn.com)
(44: google.de)
(45: empty)
(46: empty)
(47: google.com.ph)
(48: wikipedia.org)
(49: empty)
(50: twitter.com)
(51: empty)
(52: empty)
(53: empty)
(54: cnn.com)
(55: github.com)
(56: empty)
(57: imgur.com)
(58: empty)
(59: empty)
(60: empty)
(61: empty)
(0: google.com.au)
(1: empty)
(2: alibaba.com)
(3: jd.com)
(4: rakuten.co.jp)
(5: naver.com)
(6: dropbox.com)
(7: google.com.au)
(8: google.de)
(9: pixnet.net)
(10: amazon.co.uk)
(11: rakuten.co.jp)
(12: doubleclick.net)
(13: blogger.com)
(14: imgur.com)
(15: wikipedia.org)
(16: baidu.com)
(17: twitter.com)
(18: empty)
(19: weibo.com)
(20: xinhuanet.com)
(21: empty)
(22: empty)
(23: tmall.com)
(24: google.com.au)
(25: empty)
(26: empty)
(27: empty)
(28: google.co.th)
(29: empty)
(30: craigslist.org)
(31: google.co.th)
(32: outbrain.com)
(33: onet.pl)
(34: xinhuanet.com)
(35: empty)
(36: google.fr)
(37: empty)
(38: empty)
(39: sohu.com)
(40: empty)
(41: google.com.au)
(42: vk.com)
(43: cnn.com)
(44: google.de)
(45: empty)
(46: empty)
(47: google.com.ph)
(48: wikipedia.org)
(49: empty)
(50: twitter.com)
(51: empty)
(52: empty)
(53: empty)
(54: cnn.com)
(55: github.com)
(56: empty)
(57: imgur.com)
(58: empty)
(59: empty)
(60: empty)
(61: empty)
(62: empty)
(63: empty)
google.es
(0: google.com.au)
(1: empty)
(2: alibaba.com)
(3: jd.com)
(4: rakuten.co.jp)
(5: naver.com)
(6: dropbox.com)
(7: google.com.au)
(8: google.de)
(9: pixnet.net)
(10: amazon.co.uk)
(11: rakuten.co.jp)
(12: doubleclick.net)
(13: blogger.com)
(14: imgur.com)
(15: wikipedia.org)
(16: baidu.com)
(17: twitter.com)
(18: empty)
(19: weibo.com)
(20: xinhuanet.com)
(21: empty)
(22: empty)
(23: tmall.com)
(24: google.com.au)
(25: empty)
(26: empty)
(27: empty)
(28: google.co.th)
(29: empty)
(30: craigslist.org)
(31: google.co.th)
(32: outbrain.com)
(33: onet.pl)
(34: xinhuanet.com)
(35: empty)
(36: google.fr)
(37: empty)
(38: empty)
(39: sohu.com)
(40: empty)
(41: google.com.au)
(42: vk.com)
(43: cnn.com)
(44: google.de)
(45: empty)
(46: empty)
(47: google.com.ph)
(48: wikipedia.org)
(49: empty)
(50: twitter.com)
(51: empty)
(52: empty)
(53: empty)
(54: cnn.com)
(55: github.com)
(56: empty)
(57: imgur.com)
(58: empty)
(59: empty)
(60: empty)
(61: empty)
(62: empty)
(63: google.fr)
google.es
google.fr
(0: google.com.au)
(1: empty)
(2: alibaba.com)
(3: jd.com)
(4: rakuten.co.jp)
(5: naver.com)
(6: dropbox.com)
(7: google.com.au)
(8: google.de)
(9: pixnet.net)
(10: amazon.co.uk)
(11: rakuten.co.jp)
(12: doubleclick.net)
(13: blogger.com)
(14: imgur.com)
(15: wikipedia.org)
(16: baidu.com)
(17: twitter.com)
(18: empty)
(19: weibo.com)
(20: xinhuanet.com)
(21: empty)
(22: empty)
(23: tmall.com)
(24: google.com.au)
(25: empty)
(26: empty)
(27: empty)
(28: google.co.th)
(29: empty)
(30: craigslist.org)
(31: google.co.th)
(32: outbrain.com)
(33: onet.pl)
(34: xinhuanet.com)
(35: empty)
(36: google.fr)
(37: empty)
(38: empty)
(39: sohu.com)
(40: empty)
(41: google.com.au)
(42: vk.com)
(43: cnn.com)
(44: google.de)
(45: empty)
(46: empty)
(47: google.com.ph)
(48: wikipedia.org)
(49: empty)
(50: twitter.com)
(51: empty)
(52: empty)
(53: empty)
(54: cnn.com)
(55: github.com)
(56: empty)
(57: imgur.com)
(58: empty)
(59: empty)
(60: empty)
(61: empty)
(62: empty)
(63: google.fr)
(0: google.com.au)
(1: empty)
(2: alibaba.com)
(3: jd.com)
(4: rakuten.co.jp)
(5: naver.com)
(6: dropbox.com)
(7: google.com.au)
(8: google.de)
(9: pixnet.net)
(10: amazon.co.uk)
(11: rakuten.co.jp)
(12: doubleclick.net)
(13: blogger.com)
(14: imgur.com)
(15: wikipedia.org)
(16: baidu.com)
(17: twitter.com)
(18: empty)
(19: weibo.com)
(20: xinhuanet.com)
(21: empty)
(22: empty)
(23: tmall.com)
(24: google.com.au)
(25: empty)
(26: empty)
(27: empty)
(28: google.co.th)
(29: empty)
(30: craigslist.org)
(31: google.co.th)
(32: outbrain.com)
(33: onet.pl)
(34: xinhuanet.com)
(35: empty)
(36: google.fr)
(37: empty)
(38: empty)
(39: qq.com)
(40: empty)
(41: google.com.au)
(42: vk.com)
(43: cnn.com)
(44: google.de)
(45: empty)
(46: empty)
(47: google.com.ph)
(48: wikipedia.org)
(49: empty)
(50: twitter.com)
(51: empty)
(52: empty)
(53: empty)
(54: cnn.com)
(55: github.com)
(56: empty)
(57: imgur.com)
(58: empty)
(59: empty)
(60: empty)
(61: empty)
(62: empty)
(63: google.fr)
(64: empty)
(65: empty)
(66: empty)
(0: google.com.au)
(1: empty)
(2: alibaba.com)
(3: jd.com)
(4: rakuten.co.jp)
(5: naver.com)
(6: dropbox.com)
(7: google.com.au)
(8: google.de)
(9: pixnet.net)
(10: amazon.co.uk)
(11: rakuten.co.jp)
(12: doubleclick.net)
(13: blogger.com)
(14: imgur.com)
(15: wikipedia.org)
(16: baidu.com)
(17: twitter.com)
(18: empty)
(19: weibo.com)
(20: xinhuanet.com)
(21: empty)
(22: empty)
(23: tmall.com)
(24: google.com.au)
(25: empty)
(26: alibaba.com)
(27: empty)
(28: google.co.th)
(29: empty)
(30: craigslist.org)
(31: google.co.th)
(32: outbrain.com)
(33: onet.pl)
(34: xinhuanet.com)
(35: empty)
(36: google.fr)
(37: empty)
(38: empty)
(39: qq.com)
(40: empty)
(41: google.com.au)
(42: vk.com)
(43: cnn.com)
(44: google.de)
(45: empty)
(46: empty)
(47: google.com.ph)
(48: wikipedia.org)
(49: empty)
(50: twitter.com)
(51: empty)
(52: empty)
(53: empty)
(54: cnn.com)
(55: github.com)
(56: empty)
(57: imgur.com)
(58: empty)
(59: empty)
(60: empty)
(61: empty)
(62: empty)
(63: google.fr)
(64: empty)
(65: empty)
microsoft.com
(0: google.com.au)
(1: empty)
(2: alibaba.com)
(3: jd.com)
(4: rakuten.co.jp)
(5: naver.com)
(6: dropbox.com)
(7: google.com.au)
(8: google.de)
(9: pixnet.net)
(10: amazon.co.uk)
(11: rakuten.co.jp)
(12: doubleclick.net)
(13: blogger.com)
(14: imgur.com)
(15: wikipedia.org)
(16: baidu.com)
(17: twitter.com)
(18: empty)
(19: weibo.com)
(20: xinhuanet.com)
(21: empty)
(22: empty)
(23: tmall.com)
(24: google.com.au)
(25: empty)
(26: alibaba.com)
(27: microsoft.com)
(28: google.co.th)
(29: empty)
(30: craigslist.org)
(31: google.co.th)
(32: outbrain.com)
(33: onet.pl)
(34: xinhuanet.com)
(35: empty)
(36: google.fr)
(37: empty)
(38: empty)
(39: qq.com)
(40: empty)
(41: google.com.au)
(42: vk.com)
(43: cnn.com)
(44: google.de)
(45: empty)
(46: empty)
(47: google.com.ph)
(48: wikipedia.org)
(49: empty)
(50: twitter.com)
(51: empty)
(52: empty)
(53: empty)
(54: cnn.com)
(55: github.com)
(56: empty)
(57: imgur.com)
(58: empty)
(59: empty)
(60: empty)
(61: empty)
(62: empty)
(63: google.fr)
(64: empty)
(65: empty)
(0: google.com.au)
(1: empty)
(2: alibaba.com)
(3: jd.com)
(4: rakuten.co.jp)
(5: naver.com)
(6: dropbox.com)
(7: google.com.au)
(8: google.de)
(9: pixnet.net)
(10: amazon.co.uk)
(11: rakuten.co.jp)
(12: doubleclick.net)
(13: blogger.com)
(14: imgur.com)
(15: wikipedia.org)
(16: baidu.com)
(17: twitter.com)
(18: empty)
(19: weibo.com)
(20: xinhuanet.com)
(21: empty)
(22: empty)
(23: tmall.com)
(24: google.com.au)
(25: empty)
(26: alibaba.com)
(27: microsoft.com)
(28: google.co.th)
(29: empty)
(30: craigslist.org)
(31: google.co.th)
(32: outbrain.com)
(33: onet.pl)
(34: xinhuanet.com)
(35: empty)
(36: google.fr)
(37: empty)
(38: empty)
(39: qq.com)
(40: empty)
(41: google.com.au)
(42: vk.com)
(43: cnn.com)
(44: google.de)
(45: empty)
(46: empty)
(47: google.com.ph)
(48: wikipedia.org)
(49: empty)
(50: twitter.com)
(51: empty)
(52: empty)
(53: empty)
(54: cnn.com)
(55: github.com)
(56: empty)
(57: imgur.com)
(58: empty)
(59: empty)
(60: empty)
(61: empty)
(62: empty)
(63: google.fr)
(64: empty)
google.it
qq.com
wikipedia.org
qq.com
wikipedia.org
rakuten.co.jp
(0: google.com.au)
(1: empty)
(2: wikipedia.org)
(3: jd.com)
(4: rakuten.co.jp)
(5: naver.com)
(6: google.it)
(7: google.com.au)
(8: google.de)
(9: pixnet.net)
(10: amazon.co.uk)
(11: rakuten.co.jp)
(12: doubleclick.net)
(13: blogger.com)
(14: imgur.com)
(15: wikipedia.org)
(16: baidu.com)
(17: google.de)
(18: empty)
(19: weibo.com)
(20: xinhuanet.com)
(21: empty)
(22: empty)
(23: tmall.com)
(24: google.com.au)
(25: empty)
(26: alibaba.com)
(27: microsoft.com)
(28: google.co.th)
(29: empty)
(30: craigslist.org)
(31: google.co.th)
(32: outbrain.com)
(33: onet.pl)
(34: xinhuanet.com)
(35: empty)
(36: google.fr)
(37: empty)
(38: empty)
(39: qq.com)
(40: empty)
(41: google.com.au)
(42: vk.com)
(43: cnn.com)
(44: google.de)
(45: empty)
(46: empty)
(47: google.com.ph)
(48: wikipedia.org)
(49: empty)
(50: twitter.com)
(51: empty)
(52: empty)
(53: empty)
(54: cnn.com)
(55: github.com)
(56: empty)
(57: imgur.com)
(58: empty)
(59: empty)
(60: empty)
(61: empty)
(62: empty)
(63: google.co.in)
(64: empty)
qq.com
wikipedia.org
rakuten.co.jp
google.co.in
google.com.br
(0: google.com.au)
(1: empty)
(2: wikipedia.org)
(3: jd.com)
(4: rakuten.co.jp)
(5: naver.com)
(6: google.it)
(7: google.com.au)
(8: google.de)
(9: pixnet.net)
(10: amazon.co.uk)
(11: rakuten.co.jp)
(12: doubleclick.net)
(13: blogger.com)
(14: imgur.com)
(15: wikipedia.org)
(16: baidu.com)
(17: google.de)
(18: empty)
(19: weibo.com)
(20: xinhuanet.com)
(21: empty)
(22: empty)
(23: tmall.com)
(24: google.com.au)
(25: empty)
(26: alibaba.com)
(27: microsoft.com)
(28: google.co.th)
(29: empty)
(30: craigslist.org)
(31: google.co.th)
(32: outbrain.com)
(33: onet.pl)
(34: xinhuanet.com)
(35: empty)
(36: google.fr)
(37: empty)
(38: empty)
(39: qq.com)
(40: empty)
(41: google.com.au)
(42: vk.com)
(43: cnn.com)
(44: google.de)
(45: empty)
(46: empty)
(47: google.com.ph)
(48: wikipedia.org)
(49: empty)
(50: twitter.com)
(51: empty)
(52: empty)
(53: empty)
(54: cnn.com)
(55: github.com)
(56: empty)
(57: imgur.com)
(58: empty)
(59: empty)
(60: empty)
(61: empty)
(62: empty)
(63: google.com.br)
(64: empty)
(65: empty)
alibaba.com
(0: google.com.au)
(1: empty)
(2: wikipedia.org)
(3: jd.com)
(4: rakuten.co.jp)
(5: naver.com)
(6: google.it)
(7: google.com.au)
(8: google.de)
(9: pixnet.net)
(10: amazon.co.uk)
(11: rakuten.co.jp)
(12: doubleclick.net)
(13: blogger.com)
(14: imgur.com)
(15: wikipedia.org)
(16: baidu.com)
(17: google.de)
(18: empty)
(19: weibo.com)
(20: xinhuanet.com)
(21: empty)
(22: empty)
(23: tmall.com)
(24: google.com.au)
(25: empty)
(26: alibaba.com)
(27: microsoft.com)
(28: google.co.th)
(29: empty)
(30: craigslist.org)
(31: google.co.th)
(32: outbrain.com)
(33: onet.pl)
(34: xinhuanet.com)
(35: empty)
(36: google.fr)
(37: empty)
(38: empty)
(39: qq.com)
(40: empty)
(41: google.com.au)
(42: vk.com)
(43: cnn.com)
(44: google.de)
(45: empty)
(46: empty)
(47: google.com.ph)
(48: wikipedia.org)
(49: empty)
(50: twitter.com)
(51: empty)
(52: empty)
(53: empty)
(54: cnn.com)
(55: github.com)
(56: empty)
(57: imgur.com)
(58: empty)
(59: empty)
(60: empty)
(61: empty)
(62: empty)
(63: google.com.br)
(64: empty)
(65: alibaba.com)
(0: google.com.au)
(1: empty)
(2: wikipedia.org)
(3: jd.com)
(4: rakuten.co.jp)
(5: naver.com)
(6: google.it)
(7: google.com.au)
(8: google.de)
(9: pixnet.net)
(10: amazon.co.uk)
(11: rakuten.co.jp)
(12: doubleclick.net)
(13: blogger.com)
(14: imgur.com)
(15: wikipedia.org)
(16: baidu.com)
(17: google.de)
(18: empty)
(19: weibo.com)
(20: xinhuanet.com)
(21: empty)
(22: empty)
(23: tmall.com)
(24: google.com.au)
(25: empty)
(26: alibaba.com)
(27: microsoft.com)
(28: google.co.th)
(29: empty)
(30: craigslist.org)
(31: google.co.th)
(32: outbrain.com)
(33: onet.pl)
(34: xinhuanet.com)
(35: empty)
(36: google.fr)
(37: empty)
(38: empty)
(39: qq.com)
(40: empty)
(41: google.com.au)
(42: vk.com)
(43: cnn.com)
(44: google.de)
(45: empty)
(46: empty)
(47: google.com.ph)
(48: wikipedia.org)
(49: empty)
(50: twitter.com)
(51: empty)
(52: empty)
(53: empty)
(54: cnn.com)
(55: github.com)
(56: empty)
(57: imgur.com)
(58: empty)
(59: empty)
(60: empty)
(61: microsoftonline.com)
(62: empty)
(63: google.com.br)
(64: empty)
reddit.com
(0: google.com.au)
(1: empty)
(2: wikipedia.org)
(3: jd.com)
(4: rakuten.co.jp)
(5: naver.com)
(6: google.it)
(7: google.com.au)
(8: google.de)
(9: pixnet.net)
(10: amazon.co.uk)
(11: rakuten.co.jp)
(12: doubleclick.net)
(13: blogger.com)
(14: imgur.com)
(15: wikipedia.org)
(16: baidu.com)
(17: google.de)
(18: empty)
(19: weibo.com)
(20: xinhuanet.com)
(21: empty)
(22: empty)
(23: tmall.com)
(24: google.com.au)
(25: empty)
(26: alibaba.com)
(27: microsoft.com)
(28: google.co.th)
(29: empty)
(30: craigslist.org)
(31: google.co.th)
(32: outbrain.com)
(33: onet.pl)
(34: xinhuanet.com)
(35: empty)
(36: google.fr)
(37: empty)
(38: empty)
(39: qq.com)
(40: empty)
(41: google.com.au)
(42: vk.com)
(43: cnn.com)
(44: google.de)
(45: empty)
(46: empty)
(47: google.com.ph)
(48: wikipedia.org)
(49: empty)
(50: twitter.com)
(51: empty)
(52: empty)
(53: empty)
(54: cnn.com)
(55: github.com)
(56: empty)
(57: imgur.com)
(58: empty)
(59: empty)
(60: empty)
(61: microsoftonline.com)
(62: empty)
(63: google.com.br)
(64: empty)
(65: amazon.co.jp)
(0: google.com.au)
(1: empty)
(2: wikipedia.org)
(3: jd.com)
(4: rakuten.co.jp)
(5: naver.com)
(6: google.it)
(7: google.com.au)
(8: google.de)
(9: pixnet.net)
(10: amazon.co.uk)
(11: rakuten.co.jp)
(12: doubleclick.net)
(13: blogger.com)
(14: imgur.com)
(15: wikipedia.org)
(16: baidu.com)
(17: google.de)
(18: empty)
(19: weibo.com)
(20: xinhuanet.com)
(21: empty)
(22: empty)
(23: tmall.com)
(24: google.com.au)
(25: empty)
(26: alibaba.com)
(27: microsoft.com)
(28: google.co.th)
(29: empty)
(30: craigslist.org)
(31: google.co.th)
(32: outbrain.com)
(33: onet.pl)
(34: xinhuanet.com)
(35: empty)
(36: google.fr)
(37: empty)
(38: empty)
(39: qq.com)
(40: empty)
(41: google.com.au)
(42: vk.com)
(43: cnn.com)
(44: google.de)
(45: empty)
(46: empty)
(47: google.com.ph)
(48: wikipedia.org)
(49: empty)
(50: twitter.com)
(51: empty)
(52: empty)
(53: empty)
(54: cnn.com)
(55: github.com)
(56: empty)
(57: imgur.com)
(58: empty)
(59: empty)
(60: empty)
(61: microsoftonline.com)
(62: empty)
(63: google.com.br)
(64: empty)
(65: tianya.cn)
google.co.in
(0: google.com.au)
(1: empty)
(2: wikipedia.org)
(3: jd.com)
(4: rakuten.co.jp)
(5: naver.com)
(6: google.it)
(7: google.com.au)
(8: google.de)
(9: pixnet.net)
(10: amazon.co.uk)
(11: rakuten.co.jp)
(12: doubleclick.net)
(13: blogger.com)
(14: imgur.com)
(15: wikipedia.org)
(16: baidu.com)
(17: google.de)
(18: empty)
(19: weibo.com)
(20: xinhuanet.com)
(21: empty)
(22: empty)
(23: tmall.com)
(24: google.com.au)
(25: empty)
(26: google.co.in)
(27: microsoft.com)
(28: google.co.th)
(29: empty)
(30: craigslist.org)
(31: google.co.th)
(32: outbrain.com)
(33: onet.pl)
(34: xinhuanet.com)
(35: empty)
(36: google.fr)
(37: empty)
(38: empty)
(39: qq.com)
(40: empty)
(41: google.com.au)
(42: vk.com)
(43: cnn.com)
(44: google.de)
(45: empty)
(46: empty)
(47: google.com.ph)
(48: wikipedia.org)
(49: empty)
(50: twitter.com)
(51: empty)
(52: empty)
(53: empty)
(54: cnn.com)
(55: github.com)
(56: empty)
(57: imgur.com)
(58: empty)
(59: empty)
(60: empty)
(61: microsoftonline.com)
(62: empty)
(63: google.com.br)
(64: empty)
(65: tianya.cn)
