(0: alipay.com)
(0: alipay.com)
(1: empty)
(2: empty)
(3: empty)
(0: alipay.com)
(1: empty)
(2: empty)
(3: twitter.com)
(0: alipay.com)
(1: google.pl)
(2: empty)
(3: empty)
(0: alipay.com)
(1: google.pl)
(2: empty)
(0: paypal.com)
(1: google.fr)
(2: empty)
(3: empty)
(0: paypal.com)
(1: google.fr)
(2: empty)
(3: tmall.com)
(0: paypal.com)
(1: google.de)
(2: empty)
(3: empty)
(0: paypal.com)
(1: google.com.au)
(2: empty)
(3: empty)
(4: google.es)
(0: paypal.com)
(1: amazon.com)
(2: empty)
(3: empty)
(4: google.es)
(0: paypal.com)
(1: amazon.com)
(2: empty)
(3: empty)
(4: google.es)
(5: empty)
(0: paypal.com)
(1: amazon.com)
(2: empty)
(3: empty)
(4: amazon.co.uk)
(5: empty)
(6: github.com)
(0: paypal.com)
(1: netflix.com)
(2: linkedin.com)
(3: empty)
(4: amazon.co.uk)
(5: empty)
(6: github.com)
(7: empty)
(8: empty)
(0: paypal.com)
(1: netflix.com)
(2: linkedin.com)
(3: empty)
(4: amazon.co.uk)
(5: empty)
(6: github.com)
(7: empty)
(8: empty)
(9: empty)
(10: empty)
(11: empty)
(12: empty)
(13: empty)
(0: paypal.com)
(1: netflix.com)
(2: linkedin.com)
(3: empty)
(4: amazon.co.uk)
(5: empty)
(6: github.com)
(7: empty)
(8: empty)
(9: empty)
(10: empty)
(11: empty)
(12: empty)
(13: gmw.cn)
(14: empty)
(15: empty)
(0: paypal.com)
(1: netflix.com)
(2: linkedin.com)
(3: empty)
(4: amazon.co.uk)
(5: empty)
(6: github.com)
(7: empty)
(8: empty)
(9: empty)
(10: empty)
(11: empty)
(12: google.de)
(13: gmw.cn)
(14: empty)
(15: empty)
(16: empty)
(17: empty)
(0: paypal.com)
(1: netflix.com)
(2: linkedin.com)
(3: empty)
(4: amazon.com)
(5: empty)
(6: github.com)
(7: empty)
(8: empty)
(9: accuweather.com)
(10: empty)
(11: empty)
(12: google.de)
(13: gmw.cn)
(14: empty)
(15: empty)
(16: empty)
(17: empty)
(18: empty)
(19: empty)
(20: empty)
(0: paypal.com)
(1: netflix.com)
(2: linkedin.com)
(3: empty)
(4: amazon.com)
(5: empty)
(6: github.com)
(7: empty)
(8: empty)
(9: instagram.com)
(10: empty)
(11: empty)
(12: google.de)
(13: gmw.cn)
(14: empty)
(15: empty)
(16: empty)
(17: empty)
(18: empty)
(19: empty)
(20: empty)
(0: paypal.com)
(1: netflix.com)
(2: linkedin.com)
(3: empty)
(4: amazon.com)
(5: empty)
(6: blogger.com)
(7: qq.com)
(8: empty)
(9: instagram.com)
(10: empty)
(11: empty)
(12: google.de)
(13: gmw.cn)
(14: empty)
(15: empty)
(16: empty)
(17: empty)
(18: empty)
(19: empty)
(20: empty)
(0: paypal.com)
(1: netflix.com)
(2: linkedin.com)
(3: empty)
(4: amazon.com)
(5: empty)
(6: blogger.com)
(7: qq.com)
(8: empty)
(9: instagram.com)
(10: google.co.uk)
(11: empty)
(12: google.de)
(13: gmw.cn)
(14: empty)
(15: empty)
(16: empty)
(17: empty)
(18: empty)
(19: empty)
(20: empty)
(21: empty)
(22: googleweblight.com)
(23: empty)
(0: paypal.com)
(1: netflix.com)
(2: linkedin.com)
(3: empty)
(4: amazon.com)
(5: empty)
(6: 163.com)
(7: qq.com)
(8: empty)
(9: instagram.com)
(10: google.co.uk)
(11: empty)
(12: google.de)
(13: gmw.cn)
(14: empty)
(15: empty)
(16: empty)
(17: empty)
(18: empty)
(19: empty)
(20: empty)
(21: empty)
(22: googleweblight.com)
(23: empty)
(0: paypal.com)
(1: netflix.com)
(2: linkedin.com)
(3: empty)
(4: amazon.com)
(5: empty)
(6: google.de)
(7: qq.com)
(8: empty)
(9: instagram.com)
(10: google.co.uk)
(11: empty)
(12: google.de)
(13: gmw.cn)
(14: empty)
(15: empty)
(16: empty)
(17: empty)
(18: empty)
(19: empty)
(20: empty)
(21: empty)
(22: googleweblight.com)
(23: empty)
(24: empty)
(0: paypal.com)
(1: netflix.com)
(2: linkedin.com)
(3: empty)
(4: amazon.com)
(5: empty)
(6: google.de)
(7: qq.com)
(8: empty)
(9: instagram.com)
(10: google.co.uk)
(11: empty)
(12: google.de)
(13: gmw.cn)
(14: empty)
(15: empty)
(16: empty)
(17: empty)
(18: empty)
(19: empty)
(20: empty)
(21: empty)
(22: googleweblight.com)
(23: empty)
(24: google.co.uk)
(25: empty)
(26: empty)
(0: paypal.com)
(1: netflix.com)
(2: linkedin.com)
(3: empty)
(4: amazon.com)
(5: empty)
(6: google.de)
(7: qq.com)
(8: empty)
(9: instagram.com)
(10: google.co.uk)
(11: empty)
(12: google.de)
(13: gmw.cn)
(14: empty)
(15: empty)
(16: empty)
(17: empty)
(18: empty)
(19: empty)
(20: hao123.com)
(21: empty)
(22: googleweblight.com)
(23: craigslist.org)
(24: google.co.uk)
(25: empty)
(26: empty)
(27: empty)
(28: empty)
(29: empty)
(30: empty)
(0: paypal.com)
(1: netflix.com)
(2: linkedin.com)
(3: empty)
(4: tianya.cn)
(5: empty)
(6: google.de)
(7: googleusercontent.com)
(8: empty)
(9: google.com.ph)
(10: google.co.uk)
(11: empty)
(12: google.de)
(13: gmw.cn)
(14: empty)
(15: empty)
(16: empty)
(17: empty)
(18: empty)
(19: empty)
(20: hao123.com)
(21: empty)
(22: googleweblight.com)
(23: craigslist.org)
(24: google.co.uk)
(25: empty)
(26: empty)
(27: empty)
(28: empty)
(29: empty)
(30: empty)
(0: paypal.com)
(1: netflix.com)
(2: linkedin.com)
(3: empty)
(4: tianya.cn)
(5: empty)
(6: google.de)
(7: googleusercontent.com)
(8: empty)
(9: google.com.ph)
(10: google.co.uk)
(11: empty)
(12: google.de)
(13: gmw.cn)
(14: empty)
(15: empty)
(16: empty)
(17: empty)
(18: empty)
(19: empty)
(20: hao123.com)
(21: empty)
(22: googleweblight.com)
(23: craigslist.org)
(24: google.co.uk)
(25: empty)
(26: empty)
(27: empty)
(28: empty)
(29: empty)
(30: empty)
(0: paypal.com)
(1: netflix.com)
(2: linkedin.com)
(3: empty)
(4: tianya.cn)
(5: empty)
(6: google.de)
(7: googleusercontent.com)
(8: office.com)
(9: google.com.ph)
(10: google.co.uk)
(11: empty)
(12: google.de)
(13: gmw.cn)
(14: empty)
(15: diply.com)
(16: empty)
(17: empty)
(18: empty)
(19: empty)
(20: hao123.com)
(21: empty)
(22: googleweblight.com)
(23: craigslist.org)
(24: wikia.com)
(25: empty)
(26: empty)
(27: empty)
(28: empty)
(29: empty)
(0: paypal.com)
(1: netflix.com)
(2: linkedin.com)
(3: empty)
(4: tianya.cn)
(5: empty)
(6: google.de)
(7: googleusercontent.com)
(8: office.com)
(9: google.com.ph)
(10: google.co.uk)
(11: empty)
(12: google.de)
(13: gmw.cn)
(14: empty)
(15: diply.com)
(16: empty)
(17: empty)
(18: empty)
(19: empty)
(20: hao123.com)
(21: empty)
(22: googleweblight.com)
(23: craigslist.org)
(24: wikia.com)
(25: empty)
(26: empty)
(27: empty)
(28: empty)
(29: empty)
(30: yahoo.co.jp)
(31: empty)
(32: empty)
(33: amazon.de)
(34: empty)
(0: paypal.com)
(1: netflix.com)
(2: linkedin.com)
(3: empty)
(4: tianya.cn)
(5: empty)
(6: google.de)
(7: googleusercontent.com)
(8: linkedin.com)
(9: google.com.ph)
(10: google.co.uk)
(11: empty)
(12: google.de)
(13: gmw.cn)
(14: empty)
(15: diply.com)
(16: empty)
(17: empty)
(18: empty)
(19: empty)
(20: hao123.com)
(21: empty)
(22: googleweblight.com)
(23: craigslist.org)
(24: wikia.com)
(25: empty)
(26: empty)
(27: empty)
(28: empty)
(29: empty)
(30: yahoo.co.jp)
(31: empty)
(32: empty)
(33: amazon.de)
(34: bing.com)
(35: empty)
(36: empty)
(0: paypal.com)
(1: netflix.com)
(2: linkedin.com)
(3: empty)
(4: tianya.cn)
(5: empty)
(6: google.de)
(7: googleusercontent.com)
(8: diply.com)
(9: google.com.ph)
(10: google.co.uk)
(11: empty)
(12: google.de)
(13: gmw.cn)
(14: empty)
(15: diply.com)
(16: empty)
(17: empty)
(18: empty)
(19: empty)
(20: hao123.com)
(21: empty)
(22: googleweblight.com)
(23: craigslist.org)
(24: wikia.com)
(25: empty)
(26: empty)
(27: empty)
(28: empty)
(29: empty)
(30: yahoo.co.jp)
(31: empty)
(32: empty)
(33: amazon.de)
(34: bing.com)
(35: empty)
(36: empty)
