cntv.cn
(0: chinadaily.com.cn)
(1: cntv.cn)
bilibili.com
(0: microsoft.com)
bilibili.com
xinhuanet.com
soso.com
microsoft.com
(0: tianya.cn)
(0: baidu.com)
alibaba.com
google.co.id
google.de
baidu.com
alibaba.com
google.co.id
google.de
baidu.com
rakuten.co.jp
(0: baidu.com)
(1: empty)
(0: popads.net)
(1: empty)
(0: popads.net)
(1: naver.com)
(2: empty)
naver.com
amazon.co.uk
(0: popads.net)
(1: naver.com)
(2: empty)
(3: empty)
(0: popads.net)
(1: naver.com)
(2: empty)
(3: empty)
(4: empty)
(5: empty)
(6: empty)
(7: empty)
(0: popads.net)
(1: naver.com)
(2: empty)
(3: empty)
(4: empty)
(5: googleusercontent.com)
(6: empty)
(7: empty)
(8: empty)
(0: popads.net)
(1: naver.com)
(2: empty)
(3: empty)
(4: empty)
(5: googleusercontent.com)
(6: empty)
(7: empty)
google.co.uk
go.com
(0: popads.net)
(1: naver.com)
(2: empty)
(3: empty)
(4: empty)
(5: googleusercontent.com)
(6: empty)
360.cn
booking.com
(0: popads.net)
(1: naver.com)
(2: empty)
(3: empty)
(4: empty)
(5: 360.cn)
(6: empty)
(7: empty)
(0: popads.net)
(1: naver.com)
(2: empty)
(3: empty)
(4: empty)
(5: 360.cn)
(6: empty)
(7: empty)
google.es
(0: popads.net)
(1: naver.com)
(2: empty)
(3: empty)
(4: empty)
(5: 360.cn)
(6: empty)
(7: empty)
(8: empty)
(9: empty)
(10: empty)
(11: twitter.com)
(0: popads.net)
(1: naver.com)
(2: empty)
(3: empty)
(4: empty)
(5: 360.cn)
(6: empty)
(7: empty)
(8: empty)
(9: empty)
(10: empty)
(11: blogger.com)
(12: empty)
(13: empty)
naver.com
(0: popads.net)
(1: naver.com)
(2: empty)
(3: empty)
(4: empty)
(5: 360.cn)
(6: empty)
(7: empty)
(8: empty)
(9: empty)
(10: empty)
(11: naver.com)
(12: empty)
(13: empty)
naver.com
(0: popads.net)
(1: naver.com)
(2: empty)
(3: empty)
(4: empty)
(5: 360.cn)
(6: empty)
(7: empty)
(8: empty)
(9: empty)
(10: empty)
(11: naver.com)
(12: empty)
(13: empty)
(14: pixnet.net)
(15: bbc.co.uk)
naver.com
pixnet.net
bbc.co.uk
paypal.com
(0: popads.net)
(1: naver.com)
(2: empty)
(3: empty)
(4: empty)
(5: 360.cn)
(6: empty)
(7: empty)
(8: empty)
(9: empty)
(10: empty)
(11: naver.com)
(12: empty)
(13: empty)
(14: pixnet.net)
(15: paypal.com)
(16: empty)
(17: empty)
(18: empty)
(0: popads.net)
(1: naver.com)
(2: empty)
(3: empty)
(4: empty)
(5: 360.cn)
(6: empty)
(7: empty)
(8: empty)
(9: empty)
(10: empty)
(11: naver.com)
(12: empty)
(13: empty)
(14: pixnet.net)
(15: paypal.com)
(16: empty)
(17: empty)
(18: 163.com)
amazon.co.uk
(0: popads.net)
(1: naver.com)
(2: empty)
(3: empty)
(4: empty)
(5: 360.cn)
(6: empty)
(7: empty)
(8: empty)
(9: empty)
(10: empty)
(11: naver.com)
(12: empty)
(13: empty)
(14: pixnet.net)
(15: paypal.com)
(16: empty)
(17: empty)
(18: google.ru)
(19: amazon.co.uk)
(20: tmall.com)
(0: popads.net)
(1: naver.com)
(2: empty)
(3: empty)
(4: empty)
(5: googleusercontent.com)
(6: empty)
(7: empty)
(8: empty)
(9: google.co.uk)
(10: empty)
(11: naver.com)
(12: 360.cn)
(13: empty)
(14: pixnet.net)
(15: paypal.com)
(16: empty)
(17: empty)
(18: google.ru)
(19: amazon.co.uk)
(20: craigslist.org)
tmall.com
(0: popads.net)
(1: naver.com)
(2: empty)
(3: empty)
(4: empty)
(5: tmall.com)
(6: empty)
(7: empty)
(8: empty)
(9: google.co.uk)
(10: empty)
(11: naver.com)
(12: 360.cn)
(13: empty)
(14: pixnet.net)
(15: paypal.com)
(16: empty)
(17: empty)
(18: google.ru)
(19: amazon.co.uk)
(20: craigslist.org)
(21: empty)
(0: popads.net)
(1: naver.com)
(2: empty)
(3: empty)
(4: empty)
(5: tmall.com)
(6: empty)
(7: empty)
(8: empty)
(9: google.co.uk)
(10: empty)
(11: naver.com)
(12: 360.cn)
(13: empty)
(14: pixnet.net)
(15: paypal.com)
(16: empty)
(17: empty)
(18: google.ru)
(19: amazon.co.uk)
(20: craigslist.org)
(21: sina.com.cn)
(22: amazon.in)
(23: empty)
(24: empty)
amazon.in
google.com.br
alibaba.com
(0: popads.net)
(1: naver.com)
(2: empty)
(3: empty)
(4: empty)
(5: tmall.com)
(6: empty)
(7: empty)
(8: empty)
(9: google.co.uk)
(10: empty)
(11: naver.com)
(12: 360.cn)
(13: empty)
(14: pixnet.net)
(15: paypal.com)
(16: empty)
(17: empty)
(18: google.ru)
(19: amazon.co.uk)
(20: craigslist.org)
(21: sina.com.cn)
(22: amazon.in)
(23: empty)
(24: empty)
chinadaily.com.cn
facebook.com
(0: popads.net)
(1: naver.com)
(2: empty)
(3: empty)
(4: empty)
(5: tmall.com)
(6: empty)
(7: empty)
(8: empty)
(9: google.co.uk)
(10: empty)
(11: naver.com)
(12: 360.cn)
(13: empty)
(14: pixnet.net)
(15: paypal.com)
(16: empty)
(17: facebook.com)
(18: google.ru)
(19: amazon.co.uk)
(20: craigslist.org)
(21: sina.com.cn)
(22: amazon.in)
(23: empty)
(24: empty)
(0: popads.net)
(1: naver.com)
(2: empty)
(3: empty)
(4: empty)
(5: tmall.com)
(6: empty)
(7: empty)
(8: empty)
(9: google.co.uk)
(10: empty)
(11: twitter.com)
(12: 360.cn)
(13: empty)
(14: pixnet.net)
(15: paypal.com)
(16: empty)
(17: facebook.com)
(18: google.ru)
(19: amazon.co.uk)
(20: craigslist.org)
(21: sina.com.cn)
(22: amazon.in)
(23: empty)
(24: empty)
(0: popads.net)
(1: naver.com)
(2: empty)
(3: empty)
(4: empty)
(5: tmall.com)
(6: empty)
(7: empty)
(8: empty)
(9: google.co.uk)
(10: empty)
(11: twitter.com)
(12: 360.cn)
(13: empty)
(14: pixnet.net)
(15: paypal.com)
(16: empty)
(17: facebook.com)
(18: google.ru)
(19: amazon.co.uk)
(20: craigslist.org)
(21: sina.com.cn)
(22: amazon.in)
(23: empty)
(24: empty)
(25: empty)
(26: empty)
(0: popads.net)
(1: naver.com)
(2: empty)
(3: empty)
(4: empty)
(5: tmall.com)
(6: empty)
(7: outbrain.com)
(8: empty)
(9: google.co.uk)
(10: empty)
(11: twitter.com)
(12: 360.cn)
(13: empty)
(14: pixnet.net)
(15: paypal.com)
(16: empty)
(17: facebook.com)
(18: google.ru)
(19: amazon.co.uk)
(20: craigslist.org)
(21: sina.com.cn)
(22: amazon.in)
(23: empty)
(24: empty)
(25: empty)
(26: empty)
(0: popads.net)
(1: naver.com)
(2: empty)
(3: empty)
(4: empty)
(5: tmall.com)
(6: fc2.com)
(7: outbrain.com)
(8: empty)
(9: google.co.uk)
(10: empty)
(11: twitter.com)
(12: 360.cn)
(13: empty)
(14: pixnet.net)
(15: paypal.com)
(16: empty)
(17: facebook.com)
(18: google.ru)
(19: amazon.co.uk)
(20: craigslist.org)
(21: sina.com.cn)
(22: amazon.in)
(23: empty)
(24: empty)
(25: empty)
(26: empty)
instagram.com
zhihu.com
(0: popads.net)
(1: naver.com)
(2: empty)
(3: empty)
(4: empty)
(5: tmall.com)
(6: fc2.com)
(7: outbrain.com)
(8: empty)
(9: google.co.uk)
(10: empty)
(11: twitter.com)
(12: 360.cn)
(13: empty)
(14: pixnet.net)
(15: paypal.com)
(16: empty)
(17: facebook.com)
(18: google.ru)
(19: amazon.co.uk)
(20: craigslist.org)
(21: sina.com.cn)
(22: amazon.in)
(23: empty)
(24: empty)
(25: taobao.com)
(0: popads.net)
(1: naver.com)
(2: empty)
(3: empty)
(4: empty)
(5: tmall.com)
(6: fc2.com)
(7: outbrain.com)
(8: empty)
(9: google.co.uk)
(10: empty)
(11: twitter.com)
(12: 360.cn)
(13: empty)
(14: pixnet.net)
(15: paypal.com)
(16: empty)
(17: facebook.com)
(18: google.ru)
(19: amazon.co.uk)
(20: craigslist.org)
(21: sina.com.cn)
(22: amazon.in)
(23: empty)
(24: empty)
(25: taobao.com)
(26: empty)
(27: imdb.com)
(28: empty)
(29: empty)
(30: empty)
(0: popads.net)
(1: naver.com)
(2: empty)
(3: empty)
(4: empty)
(5: tmall.com)
(6: fc2.com)
(7: outbrain.com)
(8: empty)
(9: google.co.uk)
(10: empty)
(11: twitter.com)
(12: 360.cn)
(13: empty)
(14: pixnet.net)
(15: paypal.com)
(16: empty)
(17: facebook.com)
(18: google.ru)
(19: amazon.co.uk)
(20: craigslist.org)
(21: sina.com.cn)
(22: amazon.in)
(23: empty)
(24: empty)
(25: taobao.com)
(26: empty)
(27: imdb.com)
(28: empty)
(29: empty)
(30: empty)
(31: empty)
(32: empty)
(0: popads.net)
(1: naver.com)
(2: empty)
(3: empty)
(4: empty)
(5: tmall.com)
(6: fc2.com)
(7: outbrain.com)
(8: empty)
(9: google.co.uk)
(10: empty)
(11: twitter.com)
(12: 360.cn)
(13: empty)
(14: pixnet.net)
(15: paypal.com)
(16: empty)
(17: facebook.com)
(18: google.ru)
(19: amazon.co.uk)
(20: craigslist.org)
(21: sina.com.cn)
(22: amazon.in)
(23: empty)
(24: empty)
(25: taobao.com)
(26: empty)
(27: imdb.com)
(28: empty)
(29: empty)
(30: empty)
(31: empty)
(32: yahoo.co.jp)
(33: jd.com)
(0: popads.net)
(1: naver.com)
(2: empty)
(3: empty)
(4: empty)
(5: tmall.com)
(6: fc2.com)
(7: outbrain.com)
(8: empty)
(9: google.co.uk)
(10: empty)
(11: twitter.com)
(12: 360.cn)
(13: empty)
(14: pixnet.net)
(15: paypal.com)
(16: empty)
(17: facebook.com)
(18: google.ru)
(19: amazon.co.uk)
(20: craigslist.org)
(21: sina.com.cn)
(22: amazon.in)
(23: empty)
(24: empty)
(25: taobao.com)
(26: empty)
(27: imdb.com)
(28: empty)
(29: empty)
(30: empty)
(31: empty)
(32: yahoo.co.jp)
(33: empty)
(34: wordpress.com)
(35: empty)
(36: empty)
(37: empty)
sohu.com
office.com
(0: popads.net)
(1: naver.com)
(2: empty)
(3: empty)
(4: empty)
(5: tmall.com)
(6: fc2.com)
(7: outbrain.com)
(8: empty)
(9: dropbox.com)
(10: empty)
(11: twitter.com)
(12: 360.cn)
(13: empty)
(14: pixnet.net)
(15: paypal.com)
(16: empty)
(17: facebook.com)
(18: google.ru)
(19: amazon.co.uk)
(20: craigslist.org)
(21: sina.com.cn)
(22: amazon.in)
(23: empty)
(24: empty)
(25: taobao.com)
(26: empty)
(27: imdb.com)
(28: empty)
(29: empty)
(30: empty)
(31: empty)
(32: yahoo.co.jp)
(33: empty)
(34: wordpress.com)
(35: empty)
(36: office.com)
google.com.au
dropbox.com
(0: popads.net)
(1: naver.com)
(2: empty)
(3: empty)
(4: empty)
(5: tmall.com)
(6: fc2.com)
(7: outbrain.com)
(8: empty)
(9: dropbox.com)
(10: empty)
(11: twitter.com)
(12: 360.cn)
(13: empty)
(14: pixnet.net)
(15: paypal.com)
(16: empty)
(17: facebook.com)
(18: google.ru)
(19: amazon.co.uk)
(20: craigslist.org)
(21: sina.com.cn)
(22: amazon.in)
(23: empty)
(24: empty)
(25: taobao.com)
(26: empty)
(27: imdb.com)
(28: empty)
(29: empty)
(30: empty)
(31: empty)
(32: yahoo.co.jp)
(33: empty)
(34: wordpress.com)
(35: empty)
(36: office.com)
(37: wikipedia.org)
(38: google.de)
(39: youku.com)
google.com.au
dropbox.com
outbrain.com
wikipedia.org
google.de
youku.com
google.de
youku.com
microsoftonline.com
(0: popads.net)
(1: naver.com)
(2: empty)
(3: empty)
(4: go.com)
(5: tmall.com)
(6: fc2.com)
(7: outbrain.com)
(8: empty)
(9: dropbox.com)
(10: empty)
(11: twitter.com)
(12: 360.cn)
(13: empty)
(14: pixnet.net)
(15: paypal.com)
(16: empty)
(17: facebook.com)
(18: google.ru)
(19: amazon.co.uk)
(20: craigslist.org)
(21: sina.com.cn)
(22: amazon.in)
(23: empty)
(24: empty)
(25: taobao.com)
(26: empty)
(27: imdb.com)
(28: empty)
(29: empty)
(30: empty)
(31: microsoftonline.com)
(32: yahoo.co.jp)
(33: empty)
(34: wordpress.com)
(35: empty)
(36: office.com)
(37: wikipedia.org)
(38: google.de)
(39: youku.com)
(40: empty)
(41: empty)
(42: google.de)
(0: popads.net)
(1: naver.com)
(2: empty)
(3: empty)
(4: aliexpress.com)
(5: tmall.com)
(6: fc2.com)
(7: outbrain.com)
(8: empty)
(9: dropbox.com)
(10: empty)
(11: twitter.com)
(12: 360.cn)
(13: empty)
(14: netflix.com)
(15: paypal.com)
(16: empty)
(17: facebook.com)
(18: google.ru)
(19: amazon.co.uk)
(20: craigslist.org)
(21: sina.com.cn)
(22: amazon.in)
(23: empty)
(24: empty)
(25: taobao.com)
(26: empty)
(27: imdb.com)
(28: empty)
(29: empty)
(30: empty)
(31: microsoftonline.com)
(32: yahoo.co.jp)
(33: empty)
(34: wordpress.com)
(35: empty)
(36: office.com)
(37: wikipedia.org)
(38: google.de)
(39: youku.com)
(40: empty)
(41: empty)
(42: google.de)
(43: rakuten.co.jp)
(0: popads.net)
(1: naver.com)
(2: empty)
(3: empty)
(4: aliexpress.com)
(5: tmall.com)
(6: fc2.com)
(7: outbrain.com)
(8: empty)
(9: amazon.de)
(10: empty)
(11: twitter.com)
(12: 360.cn)
(13: empty)
(14: netflix.com)
(15: paypal.com)
(16: empty)
(17: facebook.com)
(18: google.ru)
(19: amazon.co.uk)
(20: craigslist.org)
(21: sina.com.cn)
(22: amazon.in)
(23: empty)
(24: empty)
(25: taobao.com)
(26: empty)
(27: imdb.com)
(28: empty)
(29: empty)
(30: empty)
(31: microsoftonline.com)
(32: yahoo.co.jp)
(33: empty)
(34: wordpress.com)
(35: empty)
(36: office.com)
(37: wikipedia.org)
(38: google.de)
(39: youku.com)
(40: empty)
(41: empty)
(42: google.de)
(43: empty)
amazon.de
google.co.id
(0: popads.net)
(1: naver.com)
(2: empty)
(3: empty)
(4: aliexpress.com)
(5: tmall.com)
(6: fc2.com)
(7: outbrain.com)
(8: empty)
(9: amazon.de)
(10: empty)
(11: twitter.com)
(12: 360.cn)
(13: empty)
(14: netflix.com)
(15: paypal.com)
(16: empty)
(17: facebook.com)
(18: google.ru)
(19: amazon.co.uk)
(20: craigslist.org)
(21: sina.com.cn)
(22: amazon.in)
(23: empty)
(24: empty)
(25: taobao.com)
(26: empty)
(27: imdb.com)
(28: empty)
(29: empty)
(30: empty)
(31: microsoftonline.com)
(32: yahoo.co.jp)
(33: empty)
(34: wordpress.com)
(35: empty)
(36: office.com)
(37: wikipedia.org)
(38: google.de)
(39: youku.com)
(40: empty)
(41: google.co.id)
(42: google.de)
(43: empty)
(44: empty)
(45: empty)
(46: empty)
(47: google.fr)
(0: popads.net)
(1: naver.com)
(2: empty)
(3: empty)
(4: aliexpress.com)
(5: tmall.com)
(6: fc2.com)
(7: outbrain.com)
(8: empty)
(9: amazon.de)
(10: empty)
(11: twitter.com)
(12: 360.cn)
(13: empty)
(14: netflix.com)
(15: paypal.com)
(16: empty)
(17: facebook.com)
(18: google.ru)
(19: amazon.co.uk)
(20: craigslist.org)
(21: sina.com.cn)
(22: amazon.in)
(23: empty)
(24: empty)
(25: taobao.com)
(26: empty)
(27: imdb.com)
(28: empty)
(29: empty)
(30: empty)
(31: microsoftonline.com)
(32: yahoo.co.jp)
(33: empty)
(34: wordpress.com)
(35: empty)
(36: office.com)
(37: wikipedia.org)
(38: google.de)
(39: youku.com)
(40: empty)
(41: google.co.id)
(42: google.de)
(43: empty)
(44: empty)
(45: empty)
(46: empty)
(47: google.fr)
(48: empty)
(49: google.co.in)
(50: empty)
(0: popads.net)
(1: naver.com)
(2: empty)
(3: empty)
(4: aliexpress.com)
(5: tmall.com)
(6: fc2.com)
(7: outbrain.com)
(8: empty)
(9: amazon.de)
(10: empty)
(11: twitter.com)
(12: 360.cn)
(13: empty)
(14: netflix.com)
(15: paypal.com)
(16: empty)
(17: facebook.com)
(18: google.ru)
(19: amazon.co.uk)
(20: craigslist.org)
(21: sina.com.cn)
(22: amazon.in)
(23: empty)
(24: empty)
(25: taobao.com)
(26: empty)
(27: imdb.com)
(28: empty)
(29: empty)
(30: empty)
(31: microsoftonline.com)
(32: yahoo.co.jp)
(33: empty)
(34: wordpress.com)
(35: empty)
(36: office.com)
(37: wikipedia.org)
(38: google.de)
(39: youku.com)
(40: empty)
(41: google.co.id)
(42: google.de)
(43: empty)
(44: empty)
(45: empty)
(46: empty)
(47: google.fr)
(48: empty)
(49: google.co.in)
(50: github.com)
(51: whatsapp.com)
(52: empty)
(53: empty)
(54: empty)
whatsapp.com
(0: popads.net)
(1: naver.com)
(2: empty)
(3: empty)
(4: aliexpress.com)
(5: tmall.com)
(6: fc2.com)
(7: outbrain.com)
(8: empty)
(9: amazon.de)
(10: empty)
(11: twitter.com)
(12: 360.cn)
(13: empty)
(14: netflix.com)
(15: paypal.com)
(16: empty)
(17: facebook.com)
(18: google.ru)
(19: amazon.co.uk)
(20: craigslist.org)
(21: sina.com.cn)
(22: amazon.in)
(23: empty)
(24: empty)
(25: taobao.com)
(26: empty)
(27: imdb.com)
(28: empty)
(29: empty)
(30: empty)
(31: microsoftonline.com)
(32: yahoo.co.jp)
(33: empty)
(34: wordpress.com)
(35: empty)
(36: office.com)
(37: wikipedia.org)
(38: google.de)
(39: youku.com)
(40: empty)
(41: google.co.id)
(42: google.de)
(43: empty)
(44: empty)
(45: empty)
(46: empty)
(47: google.fr)
(48: empty)
(49: google.co.in)
(50: github.com)
(51: whatsapp.com)
(52: empty)
(53: empty)
(54: empty)
(55: empty)
(56: empty)
(0: popads.net)
(1: naver.com)
(2: empty)
(3: empty)
(4: aliexpress.com)
(5: tmall.com)
(6: fc2.com)
(7: outbrain.com)
(8: empty)
(9: amazon.de)
(10: empty)
(11: twitter.com)
(12: 360.cn)
(13: empty)
(14: netflix.com)
(15: paypal.com)
(16: empty)
(17: facebook.com)
(18: google.ru)
(19: amazon.co.uk)
(20: craigslist.org)
(21: sina.com.cn)
(22: amazon.in)
(23: empty)
(24: empty)
(25: taobao.com)
(26: empty)
(27: imdb.com)
(28: empty)
(29: empty)
(30: empty)
(31: microsoftonline.com)
(32: yahoo.co.jp)
(33: empty)
(34: wordpress.com)
(35: empty)
(36: office.com)
(37: wikipedia.org)
(38: google.de)
(39: youku.com)
(40: empty)
(41: google.co.id)
(42: google.de)
(43: empty)
(44: empty)
(45: empty)
(46: empty)
(47: google.fr)
(48: empty)
(49: google.co.in)
(50: github.com)
(51: weibo.com)
(52: empty)
(53: empty)
(54: empty)
reddit.com
(0: popads.net)
(1: naver.com)
(2: empty)
(3: empty)
(4: aliexpress.com)
(5: tmall.com)
(6: fc2.com)
(7: outbrain.com)
(8: empty)
(9: amazon.de)
(10: empty)
(11: tianya.cn)
(12: 360.cn)
(13: empty)
(14: netflix.com)
(15: paypal.com)
(16: empty)
(17: facebook.com)
(18: google.ru)
(19: amazon.co.uk)
(20: craigslist.org)
(21: sina.com.cn)
(22: amazon.in)
(23: empty)
(24: empty)
(25: taobao.com)
(26: empty)
(27: imdb.com)
(28: empty)
(29: empty)
(30: empty)
(31: microsoftonline.com)
(32: yahoo.co.jp)
(33: empty)
(34: wordpress.com)
(35: empty)
(36: office.com)
(37: wikipedia.org)
(38: google.de)
(39: youku.com)
(40: empty)
(41: google.co.id)
(42: google.de)
(43: empty)
(44: empty)
(45: empty)
(46: empty)
(47: google.fr)
(48: empty)
(49: google.co.in)
(50: github.com)
(51: weibo.com)
(52: empty)
(53: empty)
(54: reddit.com)
(55: empty)
reddit.com
tianya.cn
instagram.com
answers.yahoo.com
google.co.uk
(0: popads.net)
(1: naver.com)
(2: empty)
(3: empty)
(4: aliexpress.com)
(5: tmall.com)
(6: fc2.com)
(7: outbrain.com)
(8: empty)
(9: amazon.de)
(10: empty)
(11: tianya.cn)
(12: 360.cn)
(13: empty)
(14: netflix.com)
(15: paypal.com)
(16: empty)
(17: facebook.com)
(18: google.ru)
(19: amazon.co.uk)
(20: craigslist.org)
(21: sina.com.cn)
(22: amazon.in)
(23: empty)
(24: empty)
(25: taobao.com)
(26: empty)
(27: imdb.com)
(28: empty)
(29: empty)
(30: empty)
(31: microsoftonline.com)
(32: yahoo.co.jp)
(33: empty)
(34: wordpress.com)
(35: empty)
(36: office.com)
(37: wikipedia.org)
(38: google.de)
(39: youku.com)
(40: empty)
(41: google.co.id)
(42: google.de)
(43: empty)
(44: empty)
(45: empty)
(46: answers.yahoo.com)
(47: google.fr)
(48: empty)
(49: google.co.in)
(50: github.com)
(51: weibo.com)
(52: empty)
(53: empty)
(54: reddit.com)
(55: empty)
(56: instagram.com)
(57: empty)
