paypal.com
baidu.com
amazon.de
amazon.in
go.com
amazon.de
amazon.in
go.com
google.fr
(0: amazon.de)
(1: empty)
(0: amazon.de)
(1: empty)
(2: sina.com.cn)
(0: amazon.de)
(1: empty)
(2: sina.com.cn)
(3: empty)
(4: bing.com)
(5: empty)
google.ru
reddit.com
wordpress.com
t.co
(0: amazon.de)
(1: empty)
(2: sina.com.cn)
(3: empty)
(4: bing.com)
(5: empty)
(6: empty)
(7: empty)
(8: t.co)
(9: empty)
(10: imdb.com)
stackoverflow.com
(0: amazon.de)
(1: empty)
(2: sina.com.cn)
(3: empty)
(4: bing.com)
(5: empty)
(6: empty)
(7: empty)
(8: t.co)
(9: pinterest.com)
(10: imdb.com)
(11: yahoo.com)
(12: empty)
(13: stackoverflow.com)
(14: linkedin.com)
(15: empty)
(0: amazon.de)
(1: empty)
(2: sina.com.cn)
(3: empty)
(4: bing.com)
(5: empty)
(6: sohu.com)
(7: empty)
(8: t.co)
(9: pinterest.com)
(10: imdb.com)
(11: yahoo.com)
(12: empty)
(13: stackoverflow.com)
(14: hao123.com)
linkedin.com
google.com.br
hao123.com
sohu.com
(0: amazon.de)
(1: empty)
(2: sina.com.cn)
(3: empty)
(4: bing.com)
(5: empty)
(6: googleweblight.com)
(7: empty)
(8: t.co)
(9: pinterest.com)
(10: imdb.com)
(11: yahoo.com)
(12: empty)
(13: stackoverflow.com)
(14: hao123.com)
(15: google.it)
google.it
aliexpress.com
google.it
(0: amazon.de)
(1: empty)
(2: sina.com.cn)
(3: empty)
(4: bing.com)
(5: empty)
(6: sohu.com)
(7: empty)
(8: t.co)
(9: pinterest.com)
(10: imdb.com)
(11: yahoo.com)
(12: empty)
(13: stackoverflow.com)
(14: hao123.com)
(15: google.it)
(16: empty)
(17: empty)
(0: amazon.de)
(1: empty)
(2: sina.com.cn)
(3: empty)
(4: bing.com)
(5: empty)
(6: sohu.com)
(7: empty)
(8: t.co)
(9: pinterest.com)
(10: imdb.com)
(11: yahoo.com)
(12: empty)
(13: stackoverflow.com)
(14: hao123.com)
(15: google.it)
(16: empty)
(17: empty)
(18: empty)
163.com
360.cn
facebook.com
(0: amazon.de)
(1: empty)
(2: sina.com.cn)
(3: empty)
(4: bing.com)
(5: empty)
(6: sohu.com)
(7: facebook.com)
(8: t.co)
(9: pinterest.com)
(10: imdb.com)
(11: yahoo.com)
(12: empty)
(13: stackoverflow.com)
(14: hao123.com)
(15: google.it)
(16: empty)
(17: 360.cn)
(18: empty)
(19: empty)
(20: empty)
163.com
360.cn
facebook.com
google.co.th
fc2.com
nicovideo.jp
alipay.com
popads.net
(0: amazon.de)
(1: empty)
(2: sina.com.cn)
(3: empty)
(4: bing.com)
(5: empty)
(6: sohu.com)
(7: facebook.com)
(8: t.co)
(9: pinterest.com)
(10: nicovideo.jp)
(11: yahoo.com)
(12: empty)
(13: stackoverflow.com)
(14: hao123.com)
(15: google.it)
(16: alipay.com)
(17: 360.cn)
(18: empty)
(19: empty)
(20: empty)
(21: empty)
(0: amazon.de)
(1: empty)
(2: sina.com.cn)
(3: empty)
(4: bing.com)
(5: empty)
(6: sohu.com)
(7: facebook.com)
(8: t.co)
(9: pinterest.com)
(10: nicovideo.jp)
(11: yahoo.com)
(12: empty)
(13: stackoverflow.com)
(14: hao123.com)
(15: google.it)
(16: alipay.com)
(17: 360.cn)
(18: empty)
(19: empty)
(20: empty)
(21: empty)
(22: empty)
(23: empty)
weibo.com
(0: amazon.de)
(1: empty)
(2: sina.com.cn)
(3: empty)
(4: bing.com)
(5: empty)
(6: sohu.com)
(7: facebook.com)
(8: t.co)
(9: pinterest.com)
(10: nicovideo.jp)
(11: yahoo.com)
(12: empty)
(13: stackoverflow.com)
(14: hao123.com)
(15: google.it)
(16: alipay.com)
(17: 360.cn)
(18: empty)
(19: empty)
(20: empty)
(21: empty)
(22: empty)
(23: empty)
(0: amazon.de)
(1: empty)
(2: sina.com.cn)
(3: empty)
(4: bing.com)
(5: empty)
(6: sohu.com)
(7: facebook.com)
(8: t.co)
(9: pinterest.com)
(10: nicovideo.jp)
(11: yahoo.com)
(12: empty)
(13: stackoverflow.com)
(14: hao123.com)
(15: google.it)
(16: alipay.com)
(17: 360.cn)
(18: empty)
(19: empty)
(20: empty)
(21: empty)
(22: empty)
(23: empty)
(24: empty)
(25: linkedin.com)
tumblr.com
wikia.com
(0: wikia.com)
(1: empty)
(2: sina.com.cn)
(3: empty)
(4: bing.com)
(5: empty)
(6: sohu.com)
(7: facebook.com)
(8: t.co)
(9: pinterest.com)
(10: nicovideo.jp)
(11: yahoo.com)
(12: empty)
(13: stackoverflow.com)
(14: hao123.com)
(15: google.it)
(16: alipay.com)
(17: 360.cn)
(18: empty)
(19: empty)
(20: empty)
(21: empty)
(22: empty)
(23: empty)
(24: empty)
(25: linkedin.com)
(26: empty)
tumblr.com
wikia.com
answers.yahoo.com
soso.com
tumblr.com
wikia.com
answers.yahoo.com
soso.com
pinterest.com
googleadservices.com
(0: wikia.com)
(1: empty)
(2: soso.com)
(3: empty)
(4: bing.com)
(5: empty)
(6: sohu.com)
(7: facebook.com)
(8: t.co)
(9: pinterest.com)
(10: nicovideo.jp)
(11: yahoo.com)
(12: empty)
(13: stackoverflow.com)
(14: hao123.com)
(15: google.it)
(16: alipay.com)
(17: 360.cn)
(18: empty)
(19: empty)
(20: empty)
(21: empty)
(22: empty)
(23: empty)
(24: empty)
(25: linkedin.com)
(26: googleadservices.com)
(27: empty)
(28: google.co.uk)
(0: wikia.com)
(1: empty)
(2: soso.com)
(3: empty)
(4: bing.com)
(5: empty)
(6: sohu.com)
(7: facebook.com)
(8: t.co)
(9: pinterest.com)
(10: nicovideo.jp)
(11: yahoo.com)
(12: empty)
(13: stackoverflow.com)
(14: hao123.com)
(15: google.it)
(16: alipay.com)
(17: 360.cn)
(18: empty)
(19: empty)
(20: empty)
(21: empty)
(22: empty)
(23: empty)
(24: empty)
(25: linkedin.com)
(26: googleadservices.com)
(27: empty)
(28: googleweblight.com)
(0: wikia.com)
(1: empty)
(2: fc2.com)
(3: empty)
(4: bing.com)
(5: empty)
(6: sohu.com)
(7: facebook.com)
(8: t.co)
(9: pinterest.com)
(10: nicovideo.jp)
(11: yahoo.com)
(12: empty)
(13: stackoverflow.com)
(14: hao123.com)
(15: google.it)
(16: alipay.com)
(17: 360.cn)
(18: empty)
(19: empty)
(20: empty)
(21: empty)
(22: empty)
(23: empty)
(24: empty)
(25: linkedin.com)
(26: googleadservices.com)
(27: empty)
(28: google.co.uk)
(0: wikia.com)
(1: empty)
(2: fc2.com)
(3: empty)
(4: bing.com)
(5: empty)
(6: sohu.com)
(7: facebook.com)
(8: t.co)
(9: pinterest.com)
(10: nicovideo.jp)
(11: yahoo.com)
(12: empty)
(13: stackoverflow.com)
(14: hao123.com)
(15: google.it)
(16: alipay.com)
(17: 360.cn)
(18: empty)
(19: empty)
(20: empty)
(21: empty)
(22: empty)
(23: empty)
(24: empty)
(25: linkedin.com)
(26: googleadservices.com)
(27: empty)
(28: google.co.uk)
(29: blogger.com)
blogger.com
(0: wikia.com)
(1: empty)
(2: fc2.com)
(3: empty)
(4: bing.com)
(5: empty)
(6: sohu.com)
(7: facebook.com)
(8: t.co)
(9: pinterest.com)
(10: nicovideo.jp)
(11: yahoo.com)
(12: empty)
(13: stackoverflow.com)
(14: hao123.com)
(15: google.it)
(16: alipay.com)
(17: 360.cn)
(18: empty)
(19: empty)
(20: empty)
(21: empty)
(22: empty)
(23: empty)
(24: empty)
(25: linkedin.com)
(26: googleadservices.com)
(27: empty)
(28: google.co.uk)
(29: pinterest.com)
(30: empty)
microsoft.com
