(0: google.de)
(0: answers.yahoo.com)
(0: answers.yahoo.com)
(1: empty)
(2: empty)
(0: answers.yahoo.com)
(1: empty)
(2: empty)
(3: booking.com)
(0: answers.yahoo.com)
(1: empty)
(2: empty)
(3: empty)
(4: empty)
(0: answers.yahoo.com)
(1: alibaba.com)
(2: empty)
(3: empty)
(4: empty)
(5: hao123.com)
(6: empty)
(0: answers.yahoo.com)
(1: alibaba.com)
(2: empty)
(3: empty)
(4: empty)
(5: hao123.com)
(6: office.com)
(0: answers.yahoo.com)
(1: alibaba.com)
(2: rakuten.co.jp)
(3: empty)
(4: 163.com)
(5: hao123.com)
(6: empty)
(7: ebay.com)
(8: bing.com)
(0: answers.yahoo.com)
(1: alibaba.com)
(2: rakuten.co.jp)
(3: empty)
(4: 163.com)
(5: hao123.com)
(6: empty)
(7: ebay.com)
(0: answers.yahoo.com)
(1: alibaba.com)
(2: rakuten.co.jp)
(3: empty)
(4: 163.com)
(5: hao123.com)
(6: empty)
(7: ebay.com)
(8: empty)
(9: empty)
(0: answers.yahoo.com)
(1: alibaba.com)
(2: rakuten.co.jp)
(3: empty)
(4: 163.com)
(5: hao123.com)
(6: empty)
(7: ebay.com)
(8: empty)
(9: empty)
(10: empty)
(11: empty)
(0: answers.yahoo.com)
(1: amazon.co.uk)
(2: rakuten.co.jp)
(3: empty)
(4: 163.com)
(5: answers.yahoo.com)
(6: empty)
(7: ebay.com)
(8: empty)
(9: empty)
(10: empty)
(0: answers.yahoo.com)
(1: amazon.co.uk)
(2: rakuten.co.jp)
(3: empty)
(4: 163.com)
(5: answers.yahoo.com)
(6: empty)
(7: ebay.com)
(8: empty)
(9: empty)
(10: empty)
(11: empty)
(12: empty)
(13: empty)
(0: answers.yahoo.com)
(1: amazon.co.uk)
(2: rakuten.co.jp)
(3: empty)
(4: amazon.in)
(5: answers.yahoo.com)
(6: empty)
(7: ebay.com)
(8: empty)
(9: empty)
(10: google.it)
(11: empty)
(12: empty)
(13: amazon.de)
(0: answers.yahoo.com)
(1: amazon.co.uk)
(2: rakuten.co.jp)
(3: empty)
(4: amazon.in)
(5: answers.yahoo.com)
(6: tumblr.com)
(7: ebay.com)
(8: empty)
(9: empty)
(10: google.it)
(11: empty)
(12: empty)
(13: amazon.de)
(14: empty)
(15: empty)
