(0: cnn.com)
(1: empty)
(2: empty)
(0: cnn.com)
(1: empty)
(2: empty)
(3: empty)
(4: google.com.au)
(5: empty)
(0: cnn.com)
(1: empty)
(2: empty)
(3: empty)
(4: google.com.au)
(5: pixnet.net)
(6: tumblr.com)
(0: google.co.in)
(1: empty)
(2: empty)
(3: empty)
(4: google.com.au)
(5: pixnet.net)
(0: google.co.in)
(1: empty)
(2: empty)
(3: empty)
(4: google.com.au)
(5: pixnet.net)
(0: google.co.in)
(1: empty)
(2: empty)
(3: empty)
(4: google.com.au)
(5: google.co.id)
(6: reddit.com)
(0: google.co.in)
(1: empty)
(2: empty)
(3: empty)
(4: google.com.au)
(5: naver.com)
(6: empty)
(0: google.co.in)
(1: empty)
(2: empty)
(3: empty)
(4: google.com.au)
(5: naver.com)
(6: empty)
(7: empty)
(8: empty)
(0: google.co.in)
(1: empty)
(2: empty)
(3: empty)
(4: stackoverflow.com)
(5: naver.com)
(6: empty)
(7: empty)
(8: google.es)
(9: empty)
(10: empty)
(0: google.co.in)
(1: empty)
(2: empty)
(3: empty)
(4: netflix.com)
(5: naver.com)
(6: empty)
(7: empty)
(8: google.es)
(9: empty)
(10: empty)
(11: empty)
(12: microsoft.com)
(0: google.co.in)
(1: empty)
(2: empty)
(3: tumblr.com)
(4: netflix.com)
(5: naver.com)
(6: empty)
(7: empty)
(8: google.es)
(9: empty)
(10: empty)
(11: empty)
(12: amazon.com)
(13: yandex.ru)
(14: empty)
(0: google.co.in)
(1: empty)
(2: empty)
(3: tumblr.com)
(4: netflix.com)
(5: naver.com)
(6: empty)
(7: empty)
(8: google.es)
(9: empty)
(10: empty)
(11: empty)
(12: amazon.com)
(13: yandex.ru)
(14: empty)
(15: empty)
(16: hao123.com)
(0: google.co.in)
(1: empty)
(2: empty)
(3: tumblr.com)
(4: netflix.com)
(5: naver.com)
(6: empty)
(7: empty)
(8: google.es)
(9: empty)
(10: empty)
(11: empty)
(12: imgur.com)
(13: yandex.ru)
(14: empty)
(0: googleweblight.com)
(1: empty)
(2: empty)
(3: tumblr.com)
(4: netflix.com)
(5: naver.com)
(6: empty)
(7: empty)
(8: google.es)
(9: empty)
(10: empty)
(11: empty)
(12: imgur.com)
(13: yandex.ru)
(14: empty)
(15: empty)
(0: googleweblight.com)
(1: empty)
(2: empty)
(3: tumblr.com)
(4: netflix.com)
(5: naver.com)
(6: empty)
(7: empty)
(8: google.es)
(9: empty)
(10: empty)
(11: weibo.com)
(12: jd.com)
(13: yandex.ru)
(14: empty)
(15: empty)
(0: googleweblight.com)
(1: empty)
(2: empty)
(3: tumblr.com)
(4: netflix.com)
(5: naver.com)
(6: empty)
(7: empty)
(8: facebook.com)
(9: empty)
(10: empty)
(11: weibo.com)
(12: jd.com)
(13: yandex.ru)
(14: empty)
(15: empty)
(16: empty)
(0: googleweblight.com)
(1: empty)
(2: empty)
(3: tumblr.com)
(4: netflix.com)
(5: naver.com)
(6: empty)
(7: empty)
(8: alibaba.com)
(9: empty)
(10: empty)
(11: weibo.com)
(12: jd.com)
(13: yandex.ru)
(14: empty)
(15: empty)
(16: go.com)
(0: googleweblight.com)
(1: empty)
(2: empty)
(3: tumblr.com)
(4: netflix.com)
(5: naver.com)
(6: empty)
(7: empty)
(8: alibaba.com)
(9: empty)
(10: empty)
(11: weibo.com)
(12: jd.com)
(13: yandex.ru)
(14: empty)
(15: empty)
(16: msn.com)
(17: empty)
(18: apple.com)
(19: empty)
(0: googleweblight.com)
(1: empty)
(2: live.com)
(3: tumblr.com)
(4: netflix.com)
(5: naver.com)
(6: empty)
(7: empty)
(8: alibaba.com)
(9: empty)
(10: empty)
(11: weibo.com)
(12: jd.com)
(13: coccoc.com)
(14: empty)
(15: empty)
(16: msn.com)
(17: empty)
(18: apple.com)
(19: empty)
(0: googleweblight.com)
(1: empty)
(2: google.com.au)
(3: tumblr.com)
(4: netflix.com)
(5: naver.com)
(6: empty)
(7: empty)
(8: alibaba.com)
(9: empty)
(10: empty)
(11: weibo.com)
(12: jd.com)
(13: coccoc.com)
(14: empty)
(15: empty)
(16: msn.com)
(17: empty)
(18: apple.com)
(19: booking.com)
(20: empty)
(0: googleweblight.com)
(1: empty)
(2: google.com.au)
(3: tumblr.com)
(4: netflix.com)
(5: naver.com)
(6: empty)
(7: empty)
(8: alibaba.com)
(9: empty)
(10: empty)
(11: weibo.com)
(12: jd.com)
(13: coccoc.com)
(14: empty)
(15: empty)
(16: msn.com)
(17: empty)
(18: apple.com)
(19: booking.com)
(20: google.pl)
(21: rakuten.co.jp)
(0: googleweblight.com)
(1: empty)
(2: google.com.au)
(3: tumblr.com)
(4: netflix.com)
(5: naver.com)
(6: empty)
(7: empty)
(8: alibaba.com)
(9: empty)
(10: empty)
(11: weibo.com)
(12: jd.com)
(13: coccoc.com)
(14: empty)
(15: empty)
(16: msn.com)
(17: empty)
(18: apple.com)
(19: booking.com)
(20: google.pl)
(0: googleweblight.com)
(1: empty)
(2: google.com.au)
(3: tumblr.com)
(4: netflix.com)
(5: naver.com)
(6: empty)
(7: empty)
(8: alibaba.com)
(9: empty)
(10: empty)
(11: weibo.com)
(12: jd.com)
(13: coccoc.com)
(14: empty)
(15: empty)
(16: msn.com)
(17: empty)
(18: apple.com)
(19: booking.com)
(20: google.pl)
(21: accuweather.com)
(22: empty)
(0: googleweblight.com)
(1: empty)
(2: google.com.au)
(3: tumblr.com)
(4: netflix.com)
(5: naver.com)
(6: empty)
(7: empty)
(8: alibaba.com)
(9: empty)
(10: empty)
(11: weibo.com)
(12: jd.com)
(13: coccoc.com)
(14: empty)
(15: empty)
(16: msn.com)
(17: empty)
(18: apple.com)
(19: booking.com)
(20: google.pl)
(21: accuweather.com)
(22: empty)
(23: onet.pl)
(0: googleweblight.com)
(1: empty)
(2: google.com.au)
(3: tumblr.com)
(4: netflix.com)
(5: naver.com)
(6: empty)
(7: empty)
(8: alibaba.com)
(9: empty)
(10: empty)
(11: google.com.ph)
(12: jd.com)
(13: coccoc.com)
(14: empty)
(15: empty)
(16: msn.com)
(17: empty)
(18: apple.com)
(19: booking.com)
(20: google.pl)
(21: accuweather.com)
(22: empty)
(23: empty)
(0: googleweblight.com)
(1: empty)
(2: google.com.au)
(3: tumblr.com)
(4: netflix.com)
(5: naver.com)
(6: empty)
(7: empty)
(8: alibaba.com)
(9: empty)
(10: empty)
(11: google.com.ph)
(12: jd.com)
(13: coccoc.com)
(14: empty)
(15: blogspot.com)
(16: msn.com)
(17: empty)
(18: apple.com)
(19: booking.com)
(20: google.pl)
(21: accuweather.com)
(22: empty)
(23: empty)
(24: empty)
(25: empty)
(0: googleweblight.com)
(1: empty)
(2: google.com.au)
(3: tumblr.com)
(4: netflix.com)
(5: naver.com)
(6: empty)
(7: empty)
(8: alibaba.com)
(9: empty)
(10: empty)
(11: weibo.com)
(12: jd.com)
(13: coccoc.com)
(14: empty)
(15: blogspot.com)
(16: msn.com)
(17: empty)
(18: apple.com)
(19: booking.com)
(20: google.pl)
(21: accuweather.com)
(22: empty)
(23: empty)
(24: empty)
(25: empty)
(26: empty)
(0: googleweblight.com)
(1: empty)
(2: google.com.au)
(3: tumblr.com)
(4: netflix.com)
(5: naver.com)
(6: empty)
(7: empty)
(8: alibaba.com)
(9: empty)
(10: empty)
(11: weibo.com)
(12: jd.com)
(13: coccoc.com)
(14: empty)
(15: blogspot.com)
(16: msn.com)
(17: empty)
(18: apple.com)
(19: booking.com)
(20: google.pl)
(21: accuweather.com)
(22: empty)
(23: empty)
(24: empty)
(25: empty)
(26: empty)
(27: empty)
(28: empty)
(0: googleweblight.com)
(1: empty)
(2: google.com.au)
(3: tumblr.com)
(4: netflix.com)
(5: naver.com)
(6: empty)
(7: empty)
(8: alibaba.com)
(9: empty)
(10: empty)
(11: weibo.com)
(12: jd.com)
(13: coccoc.com)
(14: empty)
(15: blogspot.com)
(16: msn.com)
(17: empty)
(18: apple.com)
(19: booking.com)
(20: onet.pl)
(21: google.it)
(22: empty)
(23: empty)
(24: amazon.in)
(25: empty)
(26: empty)
(27: bing.com)
(28: empty)
