(0: apple.com)
(1: empty)
(2: fc2.com)
(0: apple.com)
(1: empty)
(2: youtube.com)
(3: empty)
(0: apple.com)
(1: empty)
(2: amazon.co.uk)
(3: google.co.id)
(4: empty)
(0: apple.com)
(1: empty)
(2: amazon.co.uk)
(3: google.co.id)
(4: empty)
(5: blogger.com)
(6: empty)
(7: empty)
(0: apple.com)
(1: empty)
(2: fc2.com)
(3: google.co.id)
(4: empty)
(5: blogger.com)
(6: empty)
(7: empty)
(8: empty)
(0: apple.com)
(1: empty)
(2: fc2.com)
(3: google.co.id)
(4: empty)
(5: blogger.com)
(6: empty)
(7: empty)
(8: empty)
(9: empty)
(10: go.com)
(0: apple.com)
(1: empty)
(2: fc2.com)
(3: google.co.id)
(4: empty)
(5: blogger.com)
(6: empty)
(7: alibaba.com)
(8: empty)
(9: empty)
(10: go.com)
(11: google.com.ph)
(12: empty)
(0: apple.com)
(1: empty)
(2: fc2.com)
(3: google.co.id)
(4: empty)
(5: blogger.com)
(6: empty)
(7: alibaba.com)
(8: empty)
(9: empty)
(10: go.com)
(11: google.com.ph)
(12: empty)
(13: google.com.au)
(0: apple.com)
(1: empty)
(2: youtube.com)
(3: google.co.id)
(4: empty)
(5: blogger.com)
(6: wikipedia.org)
(7: alibaba.com)
(8: empty)
(9: empty)
(10: go.com)
(11: google.com.ph)
(12: empty)
(13: empty)
(0: apple.com)
(1: empty)
(2: youtube.com)
(3: google.co.id)
(4: amazon.de)
(5: blogger.com)
(6: wikipedia.org)
(7: alibaba.com)
(8: empty)
(9: empty)
(10: tianya.cn)
(11: google.com.ph)
(12: empty)
(13: empty)
(0: apple.com)
(1: empty)
(2: youtube.com)
(3: google.co.id)
(4: msn.com)
(5: blogger.com)
(6: wikipedia.org)
(7: alibaba.com)
(8: empty)
(9: empty)
(10: tianya.cn)
(11: google.com.ph)
(12: empty)
(13: empty)
(14: amazon.com)
(15: empty)
(0: apple.com)
(1: empty)
(2: youtube.com)
(3: google.co.id)
(4: msn.com)
(5: blogger.com)
(6: wikipedia.org)
(7: doubleclick.net)
(8: empty)
(9: empty)
(10: tianya.cn)
(11: google.com.ph)
(12: empty)
(13: empty)
(14: amazon.com)
(15: empty)
(0: apple.com)
(1: empty)
(2: youtube.com)
(3: google.co.id)
(4: msn.com)
(5: blogger.com)
(6: wikipedia.org)
(7: doubleclick.net)
(8: empty)
(9: empty)
(10: tianya.cn)
(11: google.com.ph)
(12: empty)
(13: empty)
(14: amazon.com)
(15: xinhuanet.com)
(16: empty)
(0: apple.com)
(1: empty)
(2: youtube.com)
(3: google.co.id)
(4: msn.com)
(5: blogger.com)
(6: wikipedia.org)
(7: doubleclick.net)
(8: empty)
(9: empty)
(10: tianya.cn)
(11: google.com.ph)
(12: pinterest.com)
(13: empty)
(14: taobao.com)
(15: xinhuanet.com)
(16: empty)
(17: empty)
(0: apple.com)
(1: empty)
(2: youtube.com)
(3: google.co.id)
(4: msn.com)
(5: blogger.com)
(6: wikipedia.org)
(7: doubleclick.net)
(8: empty)
(9: empty)
(10: tianya.cn)
(11: google.com.ph)
(12: pinterest.com)
(13: empty)
(14: taobao.com)
(15: xinhuanet.com)
(16: empty)
(17: amazon.de)
(18: empty)
(0: apple.com)
(1: empty)
(2: youtube.com)
(3: google.co.id)
(4: msn.com)
(5: blogger.com)
(6: wikipedia.org)
(7: doubleclick.net)
(8: empty)
(9: empty)
(10: tianya.cn)
(11: google.com.ph)
(12: pinterest.com)
(13: empty)
(14: taobao.com)
(15: xinhuanet.com)
(16: empty)
(17: amazon.de)
(18: pixnet.net)
(0: apple.com)
(1: empty)
(2: youtube.com)
(3: google.co.id)
(4: msn.com)
(5: blogger.com)
(6: wikipedia.org)
(7: doubleclick.net)
(8: empty)
(9: empty)
(10: tianya.cn)
(11: google.com.ph)
(12: pinterest.com)
(13: empty)
(14: taobao.com)
(15: xinhuanet.com)
(16: empty)
(17: amazon.de)
(18: pixnet.net)
(19: google.co.th)
(20: empty)
(0: diply.com)
(1: empty)
(2: youtube.com)
(3: google.co.id)
(4: msn.com)
(5: blogger.com)
(6: wikipedia.org)
(7: doubleclick.net)
(8: empty)
(9: empty)
(10: tianya.cn)
(11: google.com.ph)
(12: microsoftonline.com)
(13: empty)
(14: taobao.com)
(15: xinhuanet.com)
(16: empty)
(17: amazon.de)
(18: pixnet.net)
(19: google.co.th)
(20: empty)
(21: empty)
(0: diply.com)
(1: empty)
(2: youtube.com)
(3: google.co.id)
(4: msn.com)
(5: blogger.com)
(6: google.de)
(7: doubleclick.net)
(8: empty)
(9: empty)
(10: tianya.cn)
(11: google.com.ph)
(12: microsoftonline.com)
(13: empty)
(14: taobao.com)
(15: xinhuanet.com)
(16: empty)
(17: amazon.de)
(18: pixnet.net)
(19: google.co.th)
(0: diply.com)
(1: empty)
(2: youtube.com)
(3: google.co.id)
(4: msn.com)
(5: blogger.com)
(6: google.de)
(7: doubleclick.net)
(8: empty)
(9: empty)
(10: tianya.cn)
(11: google.com.ph)
(12: microsoftonline.com)
(13: empty)
(14: taobao.com)
(15: xinhuanet.com)
(16: empty)
(17: amazon.de)
(18: pixnet.net)
(19: empty)
(20: empty)
(21: empty)
(0: diply.com)
(1: empty)
(2: youtube.com)
(3: google.co.id)
(4: msn.com)
(5: blogger.com)
(6: google.de)
(7: doubleclick.net)
(8: empty)
(9: empty)
(10: tianya.cn)
(11: google.com.ph)
(12: microsoftonline.com)
(13: empty)
(14: taobao.com)
(15: xinhuanet.com)
(16: empty)
(17: amazon.de)
(18: pixnet.net)
(19: empty)
(20: empty)
(21: empty)
(22: empty)
(0: diply.com)
(1: empty)
(2: youtube.com)
(3: google.com.au)
(4: msn.com)
(5: blogger.com)
(6: google.de)
(7: doubleclick.net)
(8: empty)
(9: empty)
(10: tianya.cn)
(11: google.com.ph)
(12: microsoftonline.com)
(13: empty)
(14: taobao.com)
(15: xinhuanet.com)
(16: empty)
(17: amazon.de)
(18: pixnet.net)
(19: empty)
(20: empty)
(21: empty)
(22: empty)
(23: empty)
(24: empty)
(25: empty)
(26: empty)
(27: empty)
(0: diply.com)
(1: empty)
(2: youtube.com)
(3: google.com.au)
(4: msn.com)
(5: blogger.com)
(6: google.de)
(7: doubleclick.net)
(8: empty)
(9: empty)
(10: tianya.cn)
(11: google.com.ph)
(12: microsoftonline.com)
(13: empty)
(14: taobao.com)
(15: xinhuanet.com)
(16: empty)
(17: amazon.de)
(18: 360.cn)
(19: empty)
(20: empty)
(21: empty)
(22: empty)
(23: empty)
(24: empty)
(25: empty)
(26: amazon.de)
(27: amazon.com)
(0: diply.com)
(1: empty)
(2: youtube.com)
(3: google.com.au)
(4: msn.com)
(5: blogger.com)
(6: google.de)
(7: doubleclick.net)
(8: empty)
(9: empty)
(10: tianya.cn)
(11: google.com.ph)
(12: microsoftonline.com)
(13: empty)
(14: taobao.com)
(15: xinhuanet.com)
(16: empty)
(17: amazon.de)
(18: 360.cn)
(19: empty)
(20: empty)
(21: empty)
(22: empty)
(23: empty)
(24: empty)
(25: empty)
(26: amazon.de)
(27: amazon.com)
(28: empty)
(0: diply.com)
(1: empty)
(2: youtube.com)
(3: google.com.au)
(4: msn.com)
(5: blogger.com)
(6: google.de)
(7: doubleclick.net)
(8: empty)
(9: empty)
(10: tianya.cn)
(11: google.com.ph)
(12: microsoftonline.com)
(13: empty)
(14: taobao.com)
(15: xinhuanet.com)
(16: empty)
(17: amazon.de)
(18: 360.cn)
(19: empty)
(20: empty)
(21: empty)
(22: empty)
(23: empty)
(24: empty)
(25: empty)
(26: amazon.de)
(27: amazon.com)
(28: empty)
(29: empty)
(30: empty)
(31: empty)
(0: diply.com)
(1: empty)
(2: youtube.com)
(3: google.com.au)
(4: msn.com)
(5: blogger.com)
(6: google.de)
(7: doubleclick.net)
(8: empty)
(9: empty)
(10: tianya.cn)
(11: google.com.ph)
(12: microsoftonline.com)
(13: empty)
(14: taobao.com)
(15: xinhuanet.com)
(16: empty)
(17: amazon.de)
(18: 360.cn)
(19: empty)
(20: empty)
(21: empty)
(22: empty)
(23: empty)
(24: empty)
(25: empty)
(26: amazon.de)
(27: amazon.com)
(28: empty)
(29: empty)
(30: empty)
(31: bilibili.com)
(32: empty)
(33: empty)
(34: empty)
(35: empty)
(0: diply.com)
(1: empty)
(2: youtube.com)
(3: google.com.au)
(4: msn.com)
(5: blogger.com)
(6: google.de)
(7: doubleclick.net)
(8: empty)
(9: empty)
(10: tianya.cn)
(11: google.com.ph)
(12: microsoftonline.com)
(13: empty)
(14: taobao.com)
(15: xinhuanet.com)
(16: empty)
(17: amazon.de)
(18: 360.cn)
(19: empty)
(20: empty)
(21: empty)
(22: empty)
(23: empty)
(24: empty)
(25: empty)
(26: amazon.de)
(27: amazon.com)
(28: empty)
(29: empty)
(30: empty)
(31: bilibili.com)
(32: empty)
(33: empty)
(0: diply.com)
(1: empty)
(2: youtube.com)
(3: google.com.au)
(4: msn.com)
(5: blogger.com)
(6: google.de)
(7: doubleclick.net)
(8: empty)
(9: empty)
(10: tianya.cn)
(11: google.com.ph)
(12: microsoftonline.com)
(13: empty)
(14: taobao.com)
(15: xinhuanet.com)
(16: empty)
(17: amazon.de)
(18: 360.cn)
(19: empty)
(20: empty)
(21: empty)
(22: empty)
(23: office.com)
(24: empty)
(25: empty)
(26: amazon.de)
(27: amazon.com)
(28: empty)
(29: empty)
(30: empty)
(31: github.com)
(32: empty)
(33: empty)
(34: empty)
(0: diply.com)
(1: empty)
(2: youtube.com)
(3: google.com.au)
(4: msn.com)
(5: blogger.com)
(6: google.de)
(7: doubleclick.net)
(8: empty)
(9: empty)
(10: tianya.cn)
(11: google.com.ph)
(12: microsoftonline.com)
(13: empty)
(14: taobao.com)
(15: xinhuanet.com)
(16: empty)
(17: amazon.de)
(18: 360.cn)
(19: empty)
(20: empty)
(21: empty)
(22: empty)
(23: office.com)
(24: empty)
(25: empty)
(26: amazon.de)
(27: amazon.com)
(28: empty)
(29: empty)
(30: empty)
(31: bilibili.com)
(32: empty)
(33: empty)
(34: empty)
(0: diply.com)
(1: empty)
(2: youtube.com)
(3: google.com.au)
(4: msn.com)
(5: blogger.com)
(6: google.de)
(7: doubleclick.net)
(8: empty)
(9: empty)
(10: tianya.cn)
(11: google.com.ph)
(12: microsoftonline.com)
(13: empty)
(14: taobao.com)
(15: xinhuanet.com)
(16: empty)
(17: amazon.de)
(18: 360.cn)
(19: empty)
(20: empty)
(21: empty)
(22: empty)
(23: office.com)
(24: empty)
(25: empty)
(26: amazon.de)
(27: amazon.com)
(28: empty)
(29: empty)
(30: empty)
(31: bilibili.com)
(32: empty)
(33: empty)
(34: empty)
(35: empty)
(36: empty)
(37: empty)
(38: empty)
(0: diply.com)
(1: empty)
(2: youtube.com)
(3: google.com.au)
(4: msn.com)
(5: blogger.com)
(6: google.de)
(7: doubleclick.net)
(8: empty)
(9: empty)
(10: tianya.cn)
(11: google.com.ph)
(12: microsoftonline.com)
(13: empty)
(14: taobao.com)
(15: xinhuanet.com)
(16: empty)
(17: amazon.de)
(18: 360.cn)
(19: empty)
(20: empty)
(21: empty)
(22: empty)
(23: office.com)
(24: empty)
(25: empty)
(26: amazon.de)
(27: amazon.com)
(28: empty)
(29: empty)
(30: empty)
(31: bilibili.com)
(32: empty)
(33: empty)
(34: empty)
(35: empty)
(36: empty)
(37: empty)
(38: empty)
(39: empty)
(40: empty)
(0: diply.com)
(1: empty)
(2: youtube.com)
(3: google.com.au)
(4: msn.com)
(5: blogger.com)
(6: google.de)
(7: doubleclick.net)
(8: empty)
(9: empty)
(10: tianya.cn)
(11: google.com.ph)
(12: microsoftonline.com)
(13: empty)
(14: taobao.com)
(15: xinhuanet.com)
(16: empty)
(17: amazon.de)
(18: 360.cn)
(19: empty)
(20: empty)
(21: empty)
(22: empty)
(23: office.com)
(24: empty)
(25: empty)
(26: amazon.de)
(27: amazon.com)
(28: empty)
(29: xinhuanet.com)
(30: empty)
(31: bilibili.com)
(32: empty)
(33: empty)
(34: empty)
(35: empty)
(36: empty)
(37: empty)
(38: empty)
(39: empty)
(40: coccoc.com)
(41: empty)
(0: diply.com)
(1: empty)
(2: youtube.com)
(3: google.com.au)
(4: live.com)
(5: blogger.com)
(6: google.de)
(7: doubleclick.net)
(8: empty)
(9: empty)
(10: go.com)
(11: google.com.ph)
(12: microsoftonline.com)
(13: empty)
(14: taobao.com)
(15: xinhuanet.com)
(16: empty)
(17: amazon.de)
(18: 360.cn)
(19: empty)
(20: empty)
(21: empty)
(22: empty)
(23: office.com)
(24: empty)
(25: empty)
(26: amazon.de)
(27: amazon.com)
(28: empty)
(29: xinhuanet.com)
(30: empty)
(31: bilibili.com)
(32: empty)
(33: empty)
(34: empty)
(35: empty)
(36: empty)
(37: empty)
(38: empty)
(39: empty)
(40: coccoc.com)
(0: diply.com)
(1: empty)
(2: youtube.com)
(3: google.com.au)
(4: live.com)
(5: blogger.com)
(6: google.de)
(7: doubleclick.net)
(8: empty)
(9: empty)
(10: go.com)
(11: google.com.ph)
(12: microsoftonline.com)
(13: empty)
(14: taobao.com)
(15: xinhuanet.com)
(16: empty)
(17: amazon.de)
(18: 360.cn)
(19: empty)
(20: empty)
(21: empty)
(22: empty)
(23: office.com)
(24: empty)
(25: empty)
(26: amazon.de)
(27: amazon.com)
(28: empty)
(29: xinhuanet.com)
(30: empty)
(31: qq.com)
(32: empty)
(33: empty)
(34: empty)
(35: empty)
(36: empty)
(37: popads.net)
(38: empty)
(39: empty)
(40: coccoc.com)
(41: empty)
(42: empty)
(43: empty)
(44: empty)
(45: empty)
(0: diply.com)
(1: empty)
(2: youtube.com)
(3: google.com.au)
(4: live.com)
(5: blogger.com)
(6: google.de)
(7: doubleclick.net)
(8: empty)
(9: empty)
(10: go.com)
(11: amazon.com)
(12: microsoftonline.com)
(13: empty)
(14: taobao.com)
(15: xinhuanet.com)
(16: empty)
(17: amazon.de)
(18: 360.cn)
(19: empty)
(20: empty)
(21: empty)
(22: empty)
(23: office.com)
(24: empty)
(25: empty)
(26: amazon.de)
(27: amazon.com)
(28: empty)
(29: xinhuanet.com)
(30: empty)
(31: qq.com)
(32: empty)
(33: empty)
(34: empty)
(35: empty)
(36: empty)
(37: popads.net)
(38: empty)
(39: empty)
(40: coccoc.com)
(41: empty)
(42: empty)
(43: empty)
(44: empty)
(45: empty)
(0: diply.com)
(1: empty)
(2: youtube.com)
(3: google.com.au)
(4: live.com)
(5: blogger.com)
(6: google.de)
(7: doubleclick.net)
(8: empty)
(9: empty)
(10: go.com)
(11: amazon.com)
(12: microsoftonline.com)
(13: empty)
(14: taobao.com)
(15: xinhuanet.com)
(16: empty)
(17: amazon.de)
(18: outbrain.com)
(19: live.com)
(20: empty)
(21: empty)
(22: empty)
(23: office.com)
(24: empty)
(25: empty)
(26: amazon.de)
(27: amazon.com)
(28: empty)
(29: xinhuanet.com)
(30: empty)
(31: qq.com)
(32: empty)
(33: empty)
(34: empty)
(35: empty)
(36: empty)
(37: popads.net)
(38: empty)
(39: empty)
(40: coccoc.com)
(41: empty)
(42: empty)
(43: empty)
(44: empty)
(45: empty)
(46: wikia.com)
(0: diply.com)
(1: empty)
(2: youtube.com)
(3: google.com.au)
(4: live.com)
(5: craigslist.org)
(6: google.de)
(7: doubleclick.net)
(8: empty)
(9: empty)
(10: go.com)
(11: amazon.com)
(12: microsoftonline.com)
(13: empty)
(14: taobao.com)
(15: xinhuanet.com)
(16: empty)
(17: amazon.de)
(18: outbrain.com)
(19: live.com)
(20: empty)
(21: empty)
(22: empty)
(23: office.com)
(24: empty)
(25: empty)
(26: amazon.de)
(27: amazon.com)
(28: empty)
(29: xinhuanet.com)
(30: empty)
(31: qq.com)
(32: empty)
(33: empty)
(34: empty)
(35: empty)
(36: empty)
(37: popads.net)
(38: empty)
(39: empty)
(40: coccoc.com)
(41: empty)
(42: empty)
(43: empty)
(44: empty)
(45: empty)
(46: paypal.com)
(0: diply.com)
(1: empty)
(2: youtube.com)
(3: google.com.au)
(4: live.com)
(5: craigslist.org)
(6: google.de)
(7: doubleclick.net)
(8: empty)
(9: empty)
(10: go.com)
(11: amazon.com)
(12: microsoftonline.com)
(13: empty)
(14: taobao.com)
(15: xinhuanet.com)
(16: empty)
(17: amazon.de)
(18: outbrain.com)
(19: live.com)
(20: empty)
(21: empty)
(22: empty)
(23: office.com)
(24: empty)
(25: empty)
(26: amazon.de)
(27: amazon.com)
(28: empty)
(29: xinhuanet.com)
(30: empty)
(31: qq.com)
(32: empty)
(33: empty)
(34: empty)
(35: empty)
(36: empty)
(37: popads.net)
(38: empty)
(39: empty)
(40: coccoc.com)
(41: empty)
(42: empty)
(43: empty)
(44: empty)
(45: empty)
(46: paypal.com)
(47: empty)
(0: diply.com)
(1: google.fr)
(2: youtube.com)
(3: google.com.au)
(4: live.com)
(5: craigslist.org)
(6: google.de)
(7: doubleclick.net)
(8: empty)
(9: empty)
(10: go.com)
(11: amazon.com)
(12: microsoftonline.com)
(13: empty)
(14: taobao.com)
(15: xinhuanet.com)
(16: empty)
(17: amazon.de)
(18: outbrain.com)
(19: live.com)
(20: empty)
(21: empty)
(22: empty)
(23: office.com)
(24: empty)
(25: empty)
(26: amazon.de)
(27: amazon.com)
(28: empty)
(29: xinhuanet.com)
(30: amazon.de)
(31: qq.com)
(32: empty)
(33: empty)
(34: empty)
(35: empty)
(36: empty)
(37: popads.net)
(38: empty)
(39: empty)
(40: coccoc.com)
(41: empty)
(42: empty)
(43: empty)
(44: empty)
(45: live.com)
(0: diply.com)
(1: google.fr)
(2: youtube.com)
(3: google.com.au)
(4: live.com)
(5: craigslist.org)
(6: google.de)
(7: doubleclick.net)
(8: empty)
(9: empty)
(10: go.com)
(11: amazon.com)
(12: microsoftonline.com)
(13: empty)
(14: taobao.com)
(15: xinhuanet.com)
(16: empty)
(17: amazon.de)
(18: outbrain.com)
(19: live.com)
(20: empty)
(21: empty)
(22: empty)
(23: office.com)
(24: empty)
(25: empty)
(26: amazon.de)
(27: amazon.com)
(28: empty)
(29: xinhuanet.com)
(30: amazon.de)
(31: qq.com)
(32: empty)
(33: empty)
(34: empty)
(35: empty)
(36: empty)
(37: popads.net)
(38: empty)
(39: empty)
(40: coccoc.com)
(41: empty)
(42: empty)
(43: empty)
(44: empty)
(45: live.com)
(46: empty)
(47: empty)
(48: empty)
(0: diply.com)
(1: google.fr)
(2: youtube.com)
(3: google.com.au)
(4: live.com)
(5: craigslist.org)
(6: google.de)
(7: doubleclick.net)
(8: empty)
(9: empty)
(10: go.com)
(11: amazon.com)
(12: microsoftonline.com)
(13: empty)
(14: taobao.com)
(15: xinhuanet.com)
(16: empty)
(17: amazon.de)
(18: outbrain.com)
(19: live.com)
(20: empty)
(21: empty)
(22: empty)
(23: office.com)
(24: empty)
(25: empty)
(26: amazon.de)
(27: amazon.com)
(28: empty)
(29: xinhuanet.com)
(30: amazon.de)
(31: qq.com)
(32: empty)
(33: empty)
(34: empty)
(35: empty)
(36: empty)
(37: popads.net)
(38: empty)
(39: empty)
(40: coccoc.com)
(41: empty)
(42: empty)
(43: empty)
(44: empty)
(45: live.com)
(46: empty)
(47: empty)
(0: diply.com)
(1: google.fr)
(2: youtube.com)
(3: google.com.au)
(4: live.com)
(5: craigslist.org)
(6: google.de)
(7: doubleclick.net)
(8: empty)
(9: empty)
(10: go.com)
(11: amazon.com)
(12: microsoftonline.com)
(13: empty)
(14: taobao.com)
(15: fc2.com)
(16: empty)
(17: amazon.de)
(18: outbrain.com)
(19: live.com)
(20: empty)
(21: empty)
(22: empty)
(23: office.com)
(24: empty)
(25: empty)
(26: amazon.de)
(27: amazon.com)
(28: empty)
(29: xinhuanet.com)
(30: amazon.de)
(31: qq.com)
(32: empty)
(33: empty)
(34: empty)
(35: empty)
(36: empty)
(37: googleadservices.com)
(38: empty)
(39: empty)
(40: googleadservices.com)
(41: empty)
(42: empty)
(43: empty)
(44: empty)
(45: live.com)
(46: empty)
(47: empty)
(48: xinhuanet.com)
(0: diply.com)
(1: google.fr)
(2: youtube.com)
(3: google.com.au)
(4: live.com)
(5: craigslist.org)
(6: google.de)
(7: doubleclick.net)
(8: empty)
(9: empty)
(10: go.com)
(11: amazon.com)
(12: microsoftonline.com)
(13: live.com)
(14: taobao.com)
(15: fc2.com)
(16: empty)
(17: amazon.de)
(18: outbrain.com)
(19: live.com)
(20: empty)
(21: empty)
(22: empty)
(23: office.com)
(24: empty)
(25: empty)
(26: amazon.de)
(27: amazon.com)
(28: empty)
(29: xinhuanet.com)
(30: amazon.de)
(31: qq.com)
(32: empty)
(33: empty)
(34: empty)
(35: empty)
(36: empty)
(37: googleadservices.com)
(38: empty)
(39: empty)
(40: googleadservices.com)
(41: empty)
(42: empty)
(43: empty)
(44: empty)
(45: live.com)
(46: empty)
(47: empty)
(48: empty)
(0: diply.com)
(1: google.fr)
(2: youtube.com)
(3: google.com.au)
(4: live.com)
(5: craigslist.org)
(6: google.de)
(7: doubleclick.net)
(8: empty)
(9: empty)
(10: go.com)
(11: amazon.com)
(12: microsoftonline.com)
(13: twitch.tv)
(14: taobao.com)
(15: fc2.com)
(16: pixnet.net)
(17: amazon.de)
(18: outbrain.com)
(19: live.com)
(20: empty)
(21: empty)
(22: empty)
(23: office.com)
(24: empty)
(25: empty)
(26: qq.com)
(27: amazon.com)
(28: empty)
(29: amazon.co.uk)
(30: amazon.de)
(31: qq.com)
(32: empty)
(33: empty)
(34: empty)
(35: empty)
(36: empty)
(37: googleadservices.com)
(38: empty)
(39: empty)
(40: googleadservices.com)
(41: empty)
(42: empty)
(43: empty)
(44: empty)
(45: live.com)
(46: empty)
(47: empty)
(48: empty)
(49: empty)
(50: empty)
(51: empty)
(52: empty)
(0: diply.com)
(1: google.ru)
(2: youtube.com)
(3: google.com.au)
(4: live.com)
(5: craigslist.org)
(6: google.de)
(7: doubleclick.net)
(8: empty)
(9: empty)
(10: go.com)
(11: amazon.com)
(12: microsoftonline.com)
(13: twitch.tv)
(14: taobao.com)
(15: fc2.com)
(16: pixnet.net)
(17: amazon.de)
(18: outbrain.com)
(19: live.com)
(20: empty)
(21: empty)
(22: empty)
(23: office.com)
(24: empty)
(25: empty)
(26: qq.com)
(27: amazon.com)
(28: empty)
(29: amazon.co.uk)
(30: amazon.de)
(31: qq.com)
(32: empty)
(33: empty)
(34: empty)
(35: empty)
(36: empty)
(37: googleadservices.com)
(38: empty)
(39: gmw.cn)
(40: googleadservices.com)
(41: empty)
(42: empty)
(43: empty)
(44: empty)
(45: live.com)
(46: empty)
(47: empty)
(48: empty)
(49: empty)
(50: empty)
(51: empty)
(0: diply.com)
(1: google.ru)
(2: youtube.com)
(3: google.com.au)
(4: live.com)
(5: craigslist.org)
(6: google.de)
(7: doubleclick.net)
(8: empty)
(9: empty)
(10: go.com)
(11: amazon.com)
(12: microsoftonline.com)
(13: twitch.tv)
(14: taobao.com)
(15: fc2.com)
(16: pixnet.net)
(17: amazon.de)
(18: outbrain.com)
(19: live.com)
(20: empty)
(21: empty)
(22: empty)
(23: office.com)
(24: empty)
(25: empty)
(26: qq.com)
(27: amazon.com)
(28: empty)
(29: amazon.co.uk)
(30: amazon.de)
(31: qq.com)
(32: empty)
(33: empty)
(34: empty)
(35: empty)
(36: empty)
(37: googleadservices.com)
(38: empty)
(39: gmw.cn)
(40: googleadservices.com)
(41: empty)
(42: empty)
(43: empty)
(44: empty)
(45: live.com)
(46: empty)
(47: empty)
(48: empty)
(49: empty)
(50: empty)
(51: empty)
(52: alibaba.com)
(53: empty)
(0: diply.com)
(1: google.ru)
(2: youtube.com)
(3: google.com.au)
(4: live.com)
(5: craigslist.org)
(6: google.de)
(7: doubleclick.net)
(8: empty)
(9: empty)
(10: go.com)
(11: amazon.com)
(12: microsoftonline.com)
(13: twitch.tv)
(14: taobao.com)
(15: fc2.com)
(16: pixnet.net)
(17: amazon.de)
(18: outbrain.com)
(19: live.com)
(20: empty)
(21: empty)
(22: empty)
(23: office.com)
(24: empty)
(25: empty)
(26: qq.com)
(27: amazon.com)
(28: empty)
(29: amazon.co.uk)
(30: amazon.de)
(31: qq.com)
(32: empty)
(33: empty)
(34: empty)
(35: empty)
(36: empty)
(37: googleadservices.com)
(38: empty)
(39: gmw.cn)
(40: googleadservices.com)
(41: empty)
(42: empty)
(43: empty)
(44: empty)
(45: live.com)
(46: empty)
(47: empty)
(48: empty)
(49: empty)
(50: empty)
(51: empty)
(52: alibaba.com)
(53: empty)
(54: empty)
(55: empty)
(0: diply.com)
(1: google.ru)
(2: youtube.com)
(3: google.com.au)
(4: live.com)
(5: craigslist.org)
(6: google.de)
(7: doubleclick.net)
(8: empty)
(9: empty)
(10: go.com)
(11: amazon.com)
(12: microsoftonline.com)
(13: twitch.tv)
(14: taobao.com)
(15: fc2.com)
(16: pixnet.net)
(17: amazon.de)
(18: outbrain.com)
(19: live.com)
(20: empty)
(21: empty)
(22: empty)
(23: office.com)
(24: empty)
(25: empty)
(26: qq.com)
(27: amazon.com)
(28: empty)
(29: amazon.co.uk)
(30: amazon.de)
(31: qq.com)
(32: empty)
(33: empty)
(34: empty)
(35: empty)
(36: empty)
(37: googleadservices.com)
(38: empty)
(39: gmw.cn)
(40: googleadservices.com)
(41: empty)
(42: empty)
(43: empty)
(44: empty)
(45: live.com)
(46: empty)
(47: empty)
(48: empty)
(49: empty)
(50: empty)
(51: empty)
(52: alibaba.com)
(53: empty)
(54: empty)
(55: empty)
(56: empty)
(0: diply.com)
(1: google.ru)
(2: youtube.com)
(3: google.com.au)
(4: live.com)
(5: alipay.com)
(6: google.de)
(7: doubleclick.net)
(8: empty)
(9: empty)
(10: go.com)
(11: amazon.com)
(12: microsoftonline.com)
(13: twitch.tv)
(14: taobao.com)
(15: fc2.com)
(16: pixnet.net)
(17: amazon.de)
(18: outbrain.com)
(19: live.com)
(20: empty)
(21: empty)
(22: empty)
(23: office.com)
(24: empty)
(25: empty)
(26: qq.com)
(27: amazon.com)
(28: empty)
(29: amazon.co.uk)
(30: amazon.de)
(31: qq.com)
(32: empty)
(33: empty)
(34: empty)
(35: empty)
(36: empty)
(37: googleadservices.com)
(38: empty)
(39: gmw.cn)
(40: googleadservices.com)
(41: empty)
(42: empty)
(43: empty)
(44: empty)
(45: live.com)
(46: empty)
(47: empty)
(48: empty)
(49: empty)
(50: empty)
(51: empty)
(52: alibaba.com)
(53: empty)
(54: empty)
(55: empty)
(56: empty)
(57: sina.com.cn)
(0: diply.com)
(1: google.ru)
(2: youtube.com)
(3: google.com.au)
(4: live.com)
(5: alipay.com)
(6: google.de)
(7: doubleclick.net)
(8: empty)
(9: empty)
(10: go.com)
(11: amazon.com)
(12: microsoftonline.com)
(13: twitch.tv)
(14: taobao.com)
(15: fc2.com)
(16: pixnet.net)
(17: amazon.de)
(18: outbrain.com)
(19: live.com)
(20: empty)
(21: empty)
(22: empty)
(23: office.com)
(24: empty)
(25: empty)
(26: qq.com)
(27: amazon.com)
(28: empty)
(29: amazon.co.uk)
(30: amazon.de)
(31: qq.com)
(32: empty)
(33: empty)
(34: empty)
(35: empty)
(36: empty)
(37: googleadservices.com)
(38: empty)
(39: gmw.cn)
(40: googleadservices.com)
(41: empty)
(42: empty)
(43: empty)
(44: empty)
(45: live.com)
(46: empty)
(47: empty)
(48: empty)
(49: empty)
(50: empty)
(51: empty)
(52: alibaba.com)
(53: empty)
(54: empty)
(55: empty)
(56: empty)
(57: sina.com.cn)
(58: microsoft.com)
(59: ebay.com)
(0: diply.com)
(1: google.ru)
(2: youtube.com)
(3: google.com.au)
(4: live.com)
(5: alipay.com)
(6: google.de)
(7: doubleclick.net)
(8: empty)
(9: empty)
(10: go.com)
(11: amazon.com)
(12: microsoftonline.com)
(13: twitch.tv)
(14: taobao.com)
(15: fc2.com)
(16: pixnet.net)
(17: amazon.de)
(18: outbrain.com)
(19: live.com)
(20: empty)
(21: empty)
(22: empty)
(23: office.com)
(24: empty)
(25: empty)
(26: qq.com)
(27: amazon.com)
(28: empty)
(29: amazon.co.uk)
(30: amazon.de)
(31: qq.com)
(32: empty)
(33: empty)
(34: empty)
(35: empty)
(36: empty)
(37: googleadservices.com)
(38: empty)
(39: gmw.cn)
(40: googleadservices.com)
(41: empty)
(42: empty)
(43: empty)
(44: empty)
(45: live.com)
(46: empty)
(47: empty)
(48: empty)
(49: empty)
(50: empty)
(51: empty)
(52: alibaba.com)
(53: empty)
(54: empty)
(55: empty)
(56: empty)
(57: sina.com.cn)
(58: microsoft.com)
(59: diply.com)
(60: empty)
(61: empty)
(62: empty)
(0: diply.com)
(1: google.ru)
(2: youtube.com)
(3: google.com.au)
(4: live.com)
(5: alipay.com)
(6: google.de)
(7: doubleclick.net)
(8: empty)
(9: empty)
(10: go.com)
(11: amazon.com)
(12: microsoftonline.com)
(13: twitch.tv)
(14: taobao.com)
(15: fc2.com)
(16: pixnet.net)
(17: amazon.de)
(18: outbrain.com)
(19: live.com)
(20: empty)
(21: empty)
(22: empty)
(23: office.com)
(24: empty)
(25: empty)
(26: qq.com)
(27: amazon.com)
(28: empty)
(29: amazon.co.uk)
(30: amazon.de)
(31: qq.com)
(32: empty)
(33: empty)
(34: empty)
(35: empty)
(36: empty)
(37: googleadservices.com)
(38: empty)
(39: gmw.cn)
(40: googleadservices.com)
(41: empty)
(42: empty)
(43: empty)
(44: empty)
(45: live.com)
(46: empty)
(47: empty)
(48: empty)
(49: empty)
(50: empty)
(51: empty)
(52: alibaba.com)
(53: empty)
(54: empty)
(55: empty)
(56: empty)
(57: sina.com.cn)
(58: microsoft.com)
(59: go.com)
(60: empty)
(61: empty)
(62: empty)
(0: diply.com)
(1: google.ru)
(2: youtube.com)
(3: google.com.au)
(4: live.com)
(5: alipay.com)
(6: google.de)
(7: doubleclick.net)
(8: empty)
(9: empty)
(10: go.com)
(11: amazon.com)
(12: microsoftonline.com)
(13: twitch.tv)
(14: taobao.com)
(15: fc2.com)
(16: pixnet.net)
(17: amazon.de)
(18: outbrain.com)
(19: live.com)
(20: empty)
(21: empty)
(22: empty)
(23: office.com)
(24: empty)
(25: empty)
(26: qq.com)
(27: amazon.com)
(28: empty)
(29: amazon.co.uk)
(30: amazon.de)
(31: qq.com)
(32: empty)
(33: empty)
(34: empty)
(35: empty)
(36: empty)
(37: googleadservices.com)
(38: empty)
(39: gmw.cn)
(40: googleadservices.com)
(41: empty)
(42: empty)
(43: empty)
(44: empty)
(45: live.com)
(46: empty)
(47: empty)
(48: empty)
(49: empty)
(50: empty)
(51: empty)
(52: alibaba.com)
(53: empty)
(54: empty)
(55: empty)
(56: empty)
(57: sina.com.cn)
(58: microsoft.com)
(59: go.com)
(60: empty)
(61: empty)
(62: empty)
(63: empty)
(64: empty)
(0: diply.com)
(1: google.ru)
(2: youtube.com)
(3: google.com.au)
(4: live.com)
(5: alipay.com)
(6: google.de)
(7: doubleclick.net)
(8: empty)
(9: empty)
(10: go.com)
(11: amazon.com)
(12: microsoftonline.com)
(13: twitch.tv)
(14: taobao.com)
(15: fc2.com)
(16: pixnet.net)
(17: amazon.de)
(18: outbrain.com)
(19: live.com)
(20: empty)
(21: empty)
(22: empty)
(23: office.com)
(24: empty)
(25: empty)
(26: qq.com)
(27: amazon.com)
(28: empty)
(29: amazon.co.uk)
(30: amazon.de)
(31: qq.com)
(32: empty)
(33: empty)
(34: empty)
(35: empty)
(36: empty)
(37: googleadservices.com)
(38: empty)
(39: gmw.cn)
(40: googleadservices.com)
(41: empty)
(42: empty)
(43: empty)
(44: empty)
(45: live.com)
(46: empty)
(47: empty)
(48: empty)
(49: empty)
(50: empty)
(51: empty)
(52: alibaba.com)
(53: empty)
(54: empty)
(55: empty)
(56: empty)
(57: sina.com.cn)
(58: microsoft.com)
(59: go.com)
(60: empty)
(61: empty)
(62: empty)
(63: empty)
(64: empty)
(65: empty)
(0: diply.com)
(1: google.ru)
(2: youtube.com)
(3: google.com.au)
(4: live.com)
(5: alipay.com)
(6: google.de)
(7: doubleclick.net)
(8: empty)
(9: empty)
(10: go.com)
(11: amazon.com)
(12: microsoftonline.com)
(13: twitch.tv)
(14: taobao.com)
(15: fc2.com)
(16: pixnet.net)
(17: amazon.de)
(18: outbrain.com)
(19: live.com)
(20: empty)
(21: empty)
(22: empty)
(23: office.com)
(24: empty)
(25: empty)
(26: qq.com)
(27: amazon.com)
(28: empty)
(29: amazon.co.uk)
(30: amazon.de)
(31: qq.com)
(32: empty)
(33: empty)
(34: empty)
(35: empty)
(36: empty)
(37: google.es)
(38: empty)
(39: gmw.cn)
(40: googleadservices.com)
(41: empty)
(42: empty)
(43: empty)
(44: empty)
(45: live.com)
(46: empty)
(47: empty)
(48: empty)
(49: empty)
(50: empty)
(51: empty)
(52: alibaba.com)
(53: empty)
(54: empty)
(55: empty)
(56: empty)
(57: sina.com.cn)
(58: microsoft.com)
(59: go.com)
(60: empty)
(61: empty)
(62: empty)
(63: empty)
(64: empty)
(0: diply.com)
(1: google.ru)
(2: youtube.com)
(3: google.com.au)
(4: live.com)
(5: alipay.com)
(6: google.de)
(7: doubleclick.net)
(8: empty)
(9: empty)
(10: go.com)
(11: amazon.com)
(12: microsoftonline.com)
(13: twitch.tv)
(14: taobao.com)
(15: fc2.com)
(16: pixnet.net)
(17: google.de)
(18: outbrain.com)
(19: live.com)
(20: empty)
(21: empty)
(22: empty)
(23: office.com)
(24: empty)
(25: empty)
(26: qq.com)
(27: amazon.com)
(28: empty)
(29: amazon.co.uk)
(30: amazon.de)
(31: qq.com)
(32: empty)
(33: empty)
(34: empty)
(35: empty)
(36: empty)
(37: google.es)
(38: empty)
(39: gmw.cn)
(40: googleadservices.com)
(41: empty)
(42: empty)
(43: empty)
(44: empty)
(45: live.com)
(46: empty)
(47: empty)
(48: empty)
(49: empty)
(50: empty)
(51: empty)
(52: youtube.com)
(53: empty)
(54: empty)
(55: empty)
(56: empty)
(57: sina.com.cn)
(58: microsoft.com)
(59: sina.com.cn)
(60: empty)
(61: hao123.com)
(62: empty)
(63: empty)
