(0: google.com.au)
(1: empty)
(2: empty)
rakuten.co.jp
paypal.com
google.es
paypal.com
google.es
google.com.br
fc2.com
diply.com
google.com.ph
popads.net
google.com.br
fc2.com
diply.com
google.com.ph
popads.net
(0: google.com.au)
(1: empty)
(2: google.es)
(3: paypal.com)
(4: empty)
(5: empty)
(6: empty)
(7: empty)
(8: empty)
(9: empty)
(10: empty)
google.com.br
fc2.com
diply.com
google.com.ph
popads.net
google.it
diply.com
google.com.ph
popads.net
google.it
163.com
tumblr.com
ok.ru
(0: google.com.au)
(1: empty)
(2: google.es)
(3: paypal.com)
(4: empty)
(5: empty)
(6: empty)
(7: empty)
(8: empty)
(9: ok.ru)
(10: empty)
(11: yandex.ru)
google.co.id
(0: google.com.au)
(1: empty)
(2: google.es)
(3: paypal.com)
(4: empty)
(5: empty)
(6: empty)
(7: empty)
(8: empty)
(9: ok.ru)
(10: empty)
(11: google.pl)
(12: empty)
(13: empty)
(14: popads.net)
(15: empty)
(16: empty)
(17: google.co.id)
(18: empty)
(0: google.com.au)
(1: empty)
(2: google.es)
(3: paypal.com)
(4: empty)
(5: empty)
(6: empty)
(7: empty)
(8: empty)
(9: ok.ru)
(10: empty)
(11: google.pl)
(12: empty)
(13: empty)
(14: popads.net)
(15: empty)
(16: empty)
(17: empty)
whatsapp.com
t.co
