(0: zhihu.com)
(0: zhihu.com)
(0: 163.com)
(1: empty)
(0: google.pl)
(1: nicovideo.jp)
(0: google.pl)
(1: nicovideo.jp)
(2: instagram.com)
(3: empty)
(0: google.pl)
(1: nicovideo.jp)
(2: google.it)
(3: empty)
(4: empty)
(5: empty)
(6: amazon.com)
(0: wikipedia.org)
(1: nicovideo.jp)
(2: google.it)
(3: empty)
(4: empty)
(5: empty)
(6: amazon.com)
(7: empty)
(0: wikipedia.org)
(1: nicovideo.jp)
(2: google.it)
(3: empty)
(4: empty)
(5: empty)
(6: amazon.com)
(7: empty)
(8: empty)
(9: empty)
(10: empty)
(11: empty)
(0: wikipedia.org)
(1: nicovideo.jp)
(2: google.it)
(3: empty)
(4: empty)
(5: empty)
(6: amazon.com)
(7: empty)
(8: empty)
(9: cnn.com)
(10: google.pl)
(0: wikipedia.org)
(1: nicovideo.jp)
(2: google.it)
(3: google.it)
(4: empty)
(5: empty)
(6: amazon.com)
(7: empty)
(8: empty)
(9: cnn.com)
(0: wikipedia.org)
(1: nicovideo.jp)
(2: google.it)
(3: twitch.tv)
(4: empty)
(5: empty)
(6: amazon.com)
(7: empty)
(8: empty)
(9: cnn.com)
(10: amazon.com)
(11: wikia.com)
(0: wikipedia.org)
(1: nicovideo.jp)
(2: google.it)
(3: twitch.tv)
(4: empty)
(5: empty)
(6: amazon.com)
(7: empty)
(8: jd.com)
(9: cnn.com)
(0: wikipedia.org)
(1: nicovideo.jp)
(2: google.it)
(3: twitch.tv)
(4: empty)
(5: empty)
(6: amazon.com)
(7: empty)
(8: taobao.com)
(9: cnn.com)
(10: empty)
(11: empty)
(12: empty)
(13: empty)
(14: empty)
(0: wikipedia.org)
(1: nicovideo.jp)
(2: google.it)
(3: twitch.tv)
(4: empty)
(5: empty)
(6: amazon.com)
(7: empty)
(8: taobao.com)
(9: cnn.com)
(10: empty)
(11: craigslist.org)
(12: empty)
(13: google.fr)
(14: empty)
(15: aliexpress.com)
(0: wikipedia.org)
(1: nicovideo.jp)
(2: instagram.com)
(3: twitch.tv)
(4: empty)
(5: empty)
(6: amazon.com)
(7: empty)
(8: taobao.com)
(9: cnn.com)
(10: empty)
(11: craigslist.org)
(12: empty)
(13: google.fr)
(14: empty)
(15: aliexpress.com)
(16: empty)
(0: wikipedia.org)
(1: soso.com)
(2: instagram.com)
(3: twitch.tv)
(4: empty)
(5: empty)
(6: amazon.com)
(7: empty)
(8: taobao.com)
(9: cnn.com)
(10: empty)
(11: craigslist.org)
(12: empty)
(13: google.fr)
(14: empty)
(15: aliexpress.com)
(16: empty)
(17: empty)
(0: wikipedia.org)
(1: soso.com)
(2: instagram.com)
(3: twitch.tv)
(4: empty)
(5: empty)
(6: amazon.com)
(7: empty)
(8: taobao.com)
(9: cnn.com)
(10: empty)
(11: craigslist.org)
(12: empty)
(13: google.fr)
(14: chinadaily.com.cn)
(15: aliexpress.com)
(16: empty)
(17: empty)
(18: empty)
(19: empty)
(0: wikipedia.org)
(1: soso.com)
(2: instagram.com)
(3: twitch.tv)
(4: empty)
(5: empty)
(6: amazon.com)
(7: empty)
(8: jd.com)
(9: cnn.com)
(10: empty)
(11: craigslist.org)
(12: empty)
(13: google.fr)
(14: chinadaily.com.cn)
(15: aliexpress.com)
(16: empty)
(17: empty)
(18: empty)
(19: imdb.com)
(0: wikipedia.org)
(1: soso.com)
(2: instagram.com)
(3: twitch.tv)
(4: empty)
(5: empty)
(6: amazon.com)
(7: empty)
(8: jd.com)
(9: cnn.com)
(10: empty)
(11: craigslist.org)
(12: empty)
(13: google.fr)
(14: chinadaily.com.cn)
(15: bilibili.com)
(16: empty)
(17: empty)
(18: empty)
(19: imdb.com)
(0: wikipedia.org)
(1: onet.pl)
(2: google.it)
(3: twitch.tv)
(4: empty)
(5: empty)
(6: amazon.com)
(7: empty)
(8: jd.com)
(9: cnn.com)
(10: empty)
(11: craigslist.org)
(12: empty)
(13: google.fr)
(14: chinadaily.com.cn)
(15: bilibili.com)
(16: empty)
(17: empty)
(18: empty)
(19: imdb.com)
(20: tianya.cn)
(0: wikipedia.org)
(1: onet.pl)
(2: google.it)
(3: twitch.tv)
(4: empty)
(5: empty)
(6: amazon.com)
(7: empty)
(8: jd.com)
(9: cnn.com)
(10: empty)
(11: craigslist.org)
(12: empty)
(13: google.fr)
(14: chinadaily.com.cn)
(15: bilibili.com)
(16: empty)
(17: empty)
(18: empty)
(19: imdb.com)
(20: tianya.cn)
(21: yahoo.co.jp)
(0: wikipedia.org)
(1: onet.pl)
(2: google.it)
(3: twitch.tv)
(4: empty)
(5: empty)
(6: amazon.com)
(7: empty)
(8: jd.com)
(9: cnn.com)
(10: empty)
(11: craigslist.org)
(12: empty)
(13: google.fr)
(14: chinadaily.com.cn)
(15: bilibili.com)
(16: empty)
(17: empty)
(18: empty)
(19: imdb.com)
(20: booking.com)
(21: yandex.ru)
(22: empty)
(0: wikipedia.org)
(1: onet.pl)
(2: google.it)
(3: twitch.tv)
(4: empty)
(5: empty)
(6: amazon.com)
(7: empty)
(8: jd.com)
(9: cnn.com)
(10: empty)
(11: craigslist.org)
(12: empty)
(13: google.fr)
(14: chinadaily.com.cn)
(15: bilibili.com)
(16: empty)
(17: empty)
(18: empty)
(19: imdb.com)
(20: booking.com)
(21: tmall.com)
(0: wikipedia.org)
(1: onet.pl)
(2: google.it)
(3: twitch.tv)
(4: empty)
(5: empty)
(6: amazon.com)
(7: empty)
(8: jd.com)
(9: cnn.com)
(10: empty)
(11: craigslist.org)
(12: empty)
(13: google.fr)
(14: chinadaily.com.cn)
(15: bilibili.com)
(16: empty)
(17: empty)
(18: empty)
(19: imdb.com)
(20: booking.com)
(0: wikipedia.org)
(1: onet.pl)
(2: google.it)
(3: twitch.tv)
(4: empty)
(5: empty)
(6: amazon.com)
(7: empty)
(8: jd.com)
(9: cnn.com)
(10: empty)
(11: craigslist.org)
(12: reddit.com)
(13: google.fr)
(14: chinadaily.com.cn)
(15: bilibili.com)
(16: empty)
(17: empty)
(18: empty)
(19: imdb.com)
(20: booking.com)
(0: wikipedia.org)
(1: onet.pl)
(2: google.it)
(3: twitch.tv)
(4: empty)
(5: empty)
(6: amazon.com)
(7: empty)
(8: sohu.com)
(9: cnn.com)
(10: empty)
(11: craigslist.org)
(12: reddit.com)
(13: google.fr)
(14: chinadaily.com.cn)
(15: bilibili.com)
(16: empty)
(17: empty)
(18: empty)
(19: imdb.com)
(20: booking.com)
(21: empty)
(22: twitter.com)
(0: wikipedia.org)
(1: onet.pl)
(2: google.it)
(3: twitch.tv)
(4: empty)
(5: empty)
(6: amazon.com)
(7: empty)
(8: sohu.com)
(9: cnn.com)
(10: empty)
(11: craigslist.org)
(12: reddit.com)
(13: google.fr)
(14: chinadaily.com.cn)
(15: bilibili.com)
(16: empty)
(17: empty)
(18: empty)
(19: imdb.com)
(20: booking.com)
(21: empty)
(22: twitter.com)
(23: microsoftonline.com)
(0: wikipedia.org)
(1: onet.pl)
(2: google.it)
(3: twitch.tv)
(4: empty)
(5: empty)
(6: amazon.com)
(7: empty)
(8: sohu.com)
(9: cnn.com)
(10: empty)
(11: craigslist.org)
(12: reddit.com)
(13: google.fr)
(14: chinadaily.com.cn)
(15: bilibili.com)
(16: empty)
(17: empty)
(18: empty)
(19: imdb.com)
(20: booking.com)
(21: empty)
(22: twitter.com)
(23: empty)
(24: bing.com)
(25: empty)
(26: empty)
(0: wikipedia.org)
(1: onet.pl)
(2: google.it)
(3: twitch.tv)
(4: gmw.cn)
(5: empty)
(6: amazon.com)
(7: empty)
(8: sohu.com)
(9: cnn.com)
(10: empty)
(11: craigslist.org)
(12: reddit.com)
(13: google.fr)
(14: chinadaily.com.cn)
(15: bilibili.com)
(16: empty)
(17: empty)
(18: empty)
(19: imdb.com)
(20: booking.com)
(21: empty)
(22: twitter.com)
(23: empty)
(24: bing.com)
(25: empty)
(26: empty)
(0: wikipedia.org)
(1: onet.pl)
(2: google.it)
(3: twitch.tv)
(4: gmw.cn)
(5: empty)
(6: amazon.com)
(7: empty)
(8: sohu.com)
(9: cnn.com)
(10: empty)
(11: craigslist.org)
(12: reddit.com)
(13: google.fr)
(14: chinadaily.com.cn)
(15: bilibili.com)
(16: empty)
(17: empty)
(18: empty)
(19: imdb.com)
(20: booking.com)
(21: empty)
(22: twitter.com)
(23: empty)
(24: bing.com)
(25: empty)
(0: wikipedia.org)
(1: onet.pl)
(2: google.it)
(3: twitch.tv)
(4: gmw.cn)
(5: empty)
(6: amazon.com)
(7: empty)
(8: sohu.com)
(9: cnn.com)
(10: empty)
(11: craigslist.org)
(12: reddit.com)
(13: google.fr)
(14: chinadaily.com.cn)
(15: bilibili.com)
(16: empty)
(17: empty)
(18: empty)
(19: imdb.com)
(20: booking.com)
(21: empty)
(22: twitter.com)
(23: empty)
(24: bing.com)
(25: empty)
(26: empty)
(27: empty)
(28: empty)
(0: wikipedia.org)
(1: onet.pl)
(2: google.it)
(3: twitch.tv)
(4: gmw.cn)
(5: empty)
(6: amazon.com)
(7: empty)
(8: sohu.com)
(9: cnn.com)
(10: empty)
(11: google.co.kr)
(12: reddit.com)
(13: google.fr)
(14: chinadaily.com.cn)
(15: bilibili.com)
(16: empty)
(17: empty)
(18: empty)
(19: imdb.com)
(20: booking.com)
(21: empty)
(22: twitter.com)
(23: empty)
(24: bing.com)
(25: empty)
(26: empty)
(27: 163.com)
(28: empty)
(29: empty)
(30: empty)
(0: wikipedia.org)
(1: onet.pl)
(2: google.it)
(3: twitch.tv)
(4: gmw.cn)
(5: empty)
(6: amazon.com)
(7: empty)
(8: amazon.com)
(9: cnn.com)
(10: empty)
(11: google.co.kr)
(12: reddit.com)
(13: google.fr)
(14: chinadaily.com.cn)
(15: bilibili.com)
(16: empty)
(17: empty)
(18: empty)
(19: imdb.com)
(20: booking.com)
(21: empty)
(22: google.co.kr)
(23: empty)
(24: bing.com)
(25: empty)
(26: empty)
(27: 163.com)
(28: empty)
(0: wikipedia.org)
(1: onet.pl)
(2: alibaba.com)
(3: twitch.tv)
(4: gmw.cn)
(5: empty)
(6: amazon.com)
(7: empty)
(8: amazon.com)
(9: cnn.com)
(10: empty)
(11: google.co.kr)
(12: reddit.com)
(13: google.fr)
(14: chinadaily.com.cn)
(15: bilibili.com)
(16: empty)
(17: empty)
(18: reddit.com)
(19: imdb.com)
(20: tianya.cn)
(21: empty)
(22: google.co.kr)
(23: empty)
(24: bing.com)
(25: empty)
(26: empty)
(27: 163.com)
(28: empty)
(29: empty)
(30: empty)
(31: empty)
(32: facebook.com)
(33: empty)
(0: wikipedia.org)
(1: onet.pl)
(2: alibaba.com)
(3: twitch.tv)
(4: gmw.cn)
(5: empty)
(6: amazon.com)
(7: empty)
(8: amazon.com)
(9: cnn.com)
(10: empty)
(11: google.co.kr)
(12: reddit.com)
(13: google.fr)
(14: chinadaily.com.cn)
(15: bilibili.com)
(16: empty)
(17: empty)
(18: reddit.com)
(19: imdb.com)
(20: tianya.cn)
(21: empty)
(22: google.co.kr)
(23: empty)
(24: bing.com)
(25: empty)
(26: empty)
(27: 163.com)
(28: empty)
(29: empty)
(30: empty)
(31: empty)
(32: facebook.com)
(33: empty)
(0: wikipedia.org)
(1: onet.pl)
(2: alibaba.com)
(3: twitch.tv)
(4: gmw.cn)
(5: empty)
(6: amazon.com)
(7: empty)
(8: amazon.com)
(9: cnn.com)
(10: empty)
(11: google.co.kr)
(12: reddit.com)
(13: google.fr)
(14: chinadaily.com.cn)
(15: bilibili.com)
(16: empty)
(17: empty)
(18: reddit.com)
(19: imdb.com)
(20: tianya.cn)
(21: empty)
(22: google.co.kr)
(23: empty)
(24: bing.com)
(25: empty)
(26: empty)
(27: 163.com)
(28: empty)
(29: empty)
(30: empty)
(31: empty)
(32: facebook.com)
(33: empty)
(34: empty)
(35: empty)
(36: empty)
(37: blogger.com)
(0: wikipedia.org)
(1: onet.pl)
(2: alibaba.com)
(3: twitch.tv)
(4: gmw.cn)
(5: empty)
(6: amazon.com)
(7: empty)
(8: amazon.com)
(9: cnn.com)
(10: empty)
(11: google.co.kr)
(12: reddit.com)
(13: google.fr)
(14: chinadaily.com.cn)
(15: bilibili.com)
(16: empty)
(17: empty)
(18: reddit.com)
(19: imdb.com)
(20: tianya.cn)
(21: empty)
(22: google.co.kr)
(23: empty)
(24: bing.com)
(25: empty)
(26: empty)
(27: 163.com)
(28: empty)
(29: empty)
(30: empty)
(31: empty)
(32: facebook.com)
(33: empty)
(34: empty)
(35: empty)
(36: empty)
(37: empty)
(38: empty)
(39: empty)
(40: empty)
(41: empty)
(0: wikipedia.org)
(1: onet.pl)
(2: alibaba.com)
(3: twitch.tv)
(4: gmw.cn)
(5: empty)
(6: amazon.com)
(7: empty)
(8: amazon.com)
(9: tianya.cn)
(10: empty)
(11: google.co.kr)
(12: reddit.com)
(13: google.fr)
(14: chinadaily.com.cn)
(15: bilibili.com)
(16: empty)
(17: empty)
(18: diply.com)
(19: imdb.com)
(20: tianya.cn)
(21: empty)
(22: google.co.kr)
(23: empty)
(24: bing.com)
(25: empty)
(26: empty)
(27: 163.com)
(28: empty)
(29: empty)
(30: empty)
(31: empty)
(32: facebook.com)
(33: empty)
(34: empty)
(35: empty)
(36: empty)
(37: empty)
(38: empty)
(39: empty)
(40: empty)
(41: empty)
(42: empty)
(0: wikipedia.org)
(1: onet.pl)
(2: alibaba.com)
(3: twitch.tv)
(4: gmw.cn)
(5: empty)
(6: amazon.com)
(7: empty)
(8: amazon.com)
(9: tianya.cn)
(10: empty)
(11: google.co.kr)
(12: reddit.com)
(13: google.fr)
(14: chinadaily.com.cn)
(15: bilibili.com)
(16: empty)
(17: empty)
(18: hao123.com)
(19: imdb.com)
(20: tianya.cn)
(21: empty)
(22: google.co.kr)
(23: empty)
(24: bing.com)
(25: empty)
(26: empty)
(27: 163.com)
(28: empty)
(29: empty)
(30: empty)
(31: empty)
(32: facebook.com)
(33: empty)
(34: empty)
(35: empty)
(36: empty)
(37: empty)
(38: empty)
(39: empty)
(40: empty)
(41: zhihu.com)
(0: wikipedia.org)
(1: onet.pl)
(2: alibaba.com)
(3: twitch.tv)
(4: gmw.cn)
(5: empty)
(6: amazon.com)
(7: empty)
(8: amazon.com)
(9: tianya.cn)
(10: empty)
(11: google.co.kr)
(12: reddit.com)
(13: google.fr)
(14: chinadaily.com.cn)
(15: bilibili.com)
(16: empty)
(17: empty)
(18: hao123.com)
(19: imdb.com)
(20: tianya.cn)
(21: empty)
(22: google.co.kr)
(23: empty)
(24: bing.com)
(25: empty)
(26: empty)
(27: 163.com)
(28: empty)
(29: empty)
(30: empty)
(31: empty)
(32: facebook.com)
(33: empty)
(34: empty)
(35: empty)
(36: empty)
(37: empty)
(38: empty)
(39: empty)
(40: empty)
(41: microsoft.com)
(42: empty)
(43: empty)
(0: wikipedia.org)
(1: onet.pl)
(2: alibaba.com)
(3: twitch.tv)
(4: gmw.cn)
(5: empty)
(6: amazon.com)
(7: empty)
(8: sohu.com)
(9: tianya.cn)
(10: empty)
(11: google.co.kr)
(12: reddit.com)
(13: google.fr)
(14: chinadaily.com.cn)
(15: bilibili.com)
(16: empty)
(17: empty)
(18: hao123.com)
(19: imdb.com)
(20: tianya.cn)
(21: empty)
(22: google.co.kr)
(23: empty)
(24: bing.com)
(25: empty)
(26: empty)
(27: 163.com)
(28: empty)
(29: empty)
(30: empty)
(31: empty)
(32: facebook.com)
(33: empty)
(34: empty)
(35: empty)
(36: empty)
(37: empty)
(38: empty)
(39: empty)
(40: empty)
(41: microsoft.com)
(42: empty)
(43: empty)
(0: wikipedia.org)
(1: onet.pl)
(2: alibaba.com)
(3: twitch.tv)
(4: gmw.cn)
(5: empty)
(6: amazon.com)
(7: empty)
(8: sohu.com)
(9: tianya.cn)
(10: empty)
(11: google.co.kr)
(12: reddit.com)
(13: google.fr)
(14: chinadaily.com.cn)
(15: google.it)
(16: empty)
(17: empty)
(18: hao123.com)
(19: imdb.com)
(20: tianya.cn)
(21: empty)
(22: google.co.kr)
(23: empty)
(24: bing.com)
(25: empty)
(26: empty)
(27: 163.com)
(28: empty)
(29: empty)
(30: empty)
(31: empty)
(32: facebook.com)
(33: empty)
(34: empty)
(35: empty)
(36: empty)
(37: empty)
(38: empty)
(39: empty)
(40: empty)
(41: microsoft.com)
(42: empty)
(43: yahoo.com)
(0: wikipedia.org)
(1: onet.pl)
(2: alibaba.com)
(3: twitch.tv)
(4: gmw.cn)
(5: empty)
(6: amazon.com)
(7: empty)
(8: sohu.com)
(9: tianya.cn)
(10: empty)
(11: google.co.kr)
(12: reddit.com)
(13: go.com)
(14: chinadaily.com.cn)
(15: google.it)
(16: empty)
(17: empty)
(18: hao123.com)
(19: imdb.com)
(20: tianya.cn)
(21: empty)
(22: google.co.kr)
(23: empty)
(24: bing.com)
(25: empty)
(26: empty)
(27: 163.com)
(28: empty)
(29: empty)
(30: empty)
(31: empty)
(32: facebook.com)
(33: empty)
(34: google.de)
(35: empty)
(36: empty)
(37: empty)
(38: empty)
(39: empty)
(40: empty)
(41: zhihu.com)
(42: empty)
(43: yahoo.com)
(44: empty)
(0: wikipedia.org)
(1: onet.pl)
(2: alibaba.com)
(3: twitch.tv)
(4: gmw.cn)
(5: empty)
(6: amazon.com)
(7: empty)
(8: sohu.com)
(9: tianya.cn)
(10: empty)
(11: google.co.kr)
(12: reddit.com)
(13: go.com)
(14: chinadaily.com.cn)
(15: google.it)
(16: empty)
(17: empty)
(18: hao123.com)
(19: imdb.com)
(20: tianya.cn)
(21: empty)
(22: google.co.kr)
(23: empty)
(24: bing.com)
(25: empty)
(26: empty)
(27: 163.com)
(28: empty)
(29: empty)
(30: empty)
(31: empty)
(32: facebook.com)
(33: empty)
(34: google.de)
(35: empty)
(36: empty)
(37: empty)
(38: empty)
(39: t.co)
(40: empty)
(41: zhihu.com)
(42: empty)
(43: yahoo.com)
(44: empty)
(45: empty)
(46: empty)
(0: wikipedia.org)
(1: onet.pl)
(2: alibaba.com)
(3: twitch.tv)
(4: gmw.cn)
(5: empty)
(6: amazon.com)
(7: empty)
(8: sohu.com)
(9: tianya.cn)
(10: empty)
(11: google.co.kr)
(12: reddit.com)
(13: go.com)
(14: chinadaily.com.cn)
(15: google.it)
(16: empty)
(17: empty)
(18: hao123.com)
(19: imdb.com)
(20: tianya.cn)
(21: empty)
(22: google.co.kr)
(23: empty)
(24: bing.com)
(25: empty)
(26: empty)
(27: 163.com)
(28: empty)
(29: empty)
(30: empty)
(31: empty)
(32: facebook.com)
(33: empty)
(34: google.de)
(35: empty)
(36: empty)
(37: empty)
(38: empty)
(39: t.co)
(40: empty)
(41: zhihu.com)
(42: empty)
(43: yahoo.com)
(44: empty)
(45: empty)
(46: empty)
(47: empty)
(48: empty)
(49: empty)
(50: google.fr)
(0: wikipedia.org)
(1: onet.pl)
(2: alibaba.com)
(3: twitch.tv)
(4: gmw.cn)
(5: empty)
(6: amazon.com)
(7: empty)
(8: sohu.com)
(9: tianya.cn)
(10: empty)
(11: google.co.kr)
(12: reddit.com)
(13: go.com)
(14: chinadaily.com.cn)
(15: google.it)
(16: empty)
(17: empty)
(18: hao123.com)
(19: imdb.com)
(20: tianya.cn)
(21: empty)
(22: google.co.kr)
(23: empty)
(24: bing.com)
(25: empty)
(26: empty)
(27: 163.com)
(28: empty)
(29: empty)
(30: empty)
(31: empty)
(32: facebook.com)
(33: empty)
(34: google.de)
(35: empty)
(36: empty)
(37: empty)
(38: empty)
(39: t.co)
(40: empty)
(41: zhihu.com)
(42: empty)
(43: yahoo.com)
(44: empty)
(45: empty)
(46: empty)
(47: empty)
(48: empty)
(49: empty)
(50: empty)
(0: wikipedia.org)
(1: onet.pl)
(2: alibaba.com)
(3: twitch.tv)
(4: gmw.cn)
(5: empty)
(6: amazon.com)
(7: empty)
(8: sohu.com)
(9: tianya.cn)
(10: empty)
(11: google.co.kr)
(12: reddit.com)
(13: go.com)
(14: chinadaily.com.cn)
(15: google.it)
(16: bbc.co.uk)
(17: empty)
(18: hao123.com)
(19: imdb.com)
(20: tianya.cn)
(21: empty)
(22: google.co.kr)
(23: empty)
(24: bing.com)
(25: empty)
(26: empty)
(27: 163.com)
(28: empty)
(29: empty)
(30: empty)
(31: empty)
(32: facebook.com)
(33: empty)
(34: google.de)
(35: empty)
(36: empty)
(37: empty)
(38: empty)
(39: t.co)
(40: empty)
(41: zhihu.com)
(42: empty)
(43: yahoo.com)
(44: empty)
(45: empty)
(46: empty)
(47: empty)
(48: empty)
(49: empty)
(50: empty)
(51: microsoft.com)
(0: wikipedia.org)
(1: onet.pl)
(2: alibaba.com)
(3: twitch.tv)
(4: gmw.cn)
(5: empty)
(6: amazon.com)
(7: empty)
(8: sohu.com)
(9: tianya.cn)
(10: empty)
(11: google.co.kr)
(12: reddit.com)
(13: go.com)
(14: chinadaily.com.cn)
(15: google.it)
(16: bbc.co.uk)
(17: empty)
(18: hao123.com)
(19: imdb.com)
(20: tianya.cn)
(21: empty)
(22: google.co.kr)
(23: empty)
(24: bing.com)
(25: empty)
(26: empty)
(27: 163.com)
(28: empty)
(29: empty)
(30: empty)
(31: empty)
(32: facebook.com)
(33: empty)
(34: google.de)
(35: amazon.co.uk)
(36: empty)
(37: empty)
(38: empty)
(39: t.co)
(40: empty)
(41: zhihu.com)
(42: empty)
(43: yahoo.com)
(44: empty)
(45: empty)
(46: empty)
(47: empty)
(48: empty)
(49: empty)
(50: empty)
(51: empty)
(0: wikipedia.org)
(1: soso.com)
(2: alibaba.com)
(3: twitch.tv)
(4: gmw.cn)
(5: empty)
(6: amazon.com)
(7: empty)
(8: sohu.com)
(9: tianya.cn)
(10: empty)
(11: google.co.kr)
(12: reddit.com)
(13: go.com)
(14: chinadaily.com.cn)
(15: google.it)
(16: bbc.co.uk)
(17: empty)
(18: hao123.com)
(19: imdb.com)
(20: tianya.cn)
(21: empty)
(22: google.co.kr)
(23: empty)
(24: bing.com)
(25: empty)
(26: empty)
(27: 163.com)
(28: empty)
(29: empty)
(30: empty)
(31: empty)
(32: facebook.com)
(33: empty)
(34: google.de)
(35: amazon.co.uk)
(36: empty)
(37: empty)
(38: empty)
(39: t.co)
(40: empty)
(41: zhihu.com)
(42: empty)
(43: yahoo.com)
(44: empty)
(45: empty)
(46: empty)
(47: empty)
(48: empty)
(49: empty)
(50: empty)
(51: amazon.in)
(0: wikipedia.org)
(1: soso.com)
(2: alibaba.com)
(3: twitch.tv)
(4: gmw.cn)
(5: empty)
(6: amazon.com)
(7: empty)
(8: sohu.com)
(9: tianya.cn)
(10: empty)
(11: google.co.kr)
(12: reddit.com)
(13: weibo.com)
(14: chinadaily.com.cn)
(15: google.it)
(16: bbc.co.uk)
(17: empty)
(18: hao123.com)
(19: imdb.com)
(20: tianya.cn)
(21: empty)
(22: google.co.kr)
(23: empty)
(24: bing.com)
(25: empty)
(26: empty)
(27: 163.com)
(28: empty)
(29: empty)
(30: empty)
(31: empty)
(32: facebook.com)
(33: empty)
(34: google.de)
(35: amazon.co.uk)
(36: empty)
(37: empty)
(38: empty)
(39: t.co)
(40: empty)
(41: zhihu.com)
(42: empty)
(43: yahoo.com)
(44: empty)
(45: empty)
(46: empty)
(47: empty)
(48: empty)
(49: empty)
(50: empty)
(51: amazon.in)
(0: wikipedia.org)
(1: soso.com)
(2: alibaba.com)
(3: twitch.tv)
(4: gmw.cn)
(5: empty)
(6: amazon.com)
(7: empty)
(8: sohu.com)
(9: tianya.cn)
(10: empty)
(11: google.co.kr)
(12: microsoft.com)
(13: weibo.com)
(14: chinadaily.com.cn)
(15: google.it)
(16: bbc.co.uk)
(17: empty)
(18: hao123.com)
(19: imdb.com)
(20: tianya.cn)
(21: empty)
(22: google.co.kr)
(23: empty)
(24: bing.com)
(25: empty)
(26: empty)
(27: 163.com)
(28: empty)
(29: empty)
(30: empty)
(31: empty)
(32: facebook.com)
(33: empty)
(34: google.de)
(35: amazon.co.uk)
(36: empty)
(37: empty)
(38: empty)
(39: t.co)
(40: empty)
(41: zhihu.com)
(42: craigslist.org)
(43: yahoo.com)
(44: alipay.com)
(45: empty)
(46: empty)
(47: empty)
(48: empty)
(49: empty)
(50: empty)
(0: wikipedia.org)
(1: soso.com)
(2: alibaba.com)
(3: twitch.tv)
(4: gmw.cn)
(5: empty)
(6: amazon.com)
(7: empty)
(8: sohu.com)
(9: tianya.cn)
(10: empty)
(11: google.co.kr)
(12: microsoft.com)
(13: weibo.com)
(14: chinadaily.com.cn)
(15: google.it)
(16: bbc.co.uk)
(17: empty)
(18: hao123.com)
(19: imdb.com)
(20: tianya.cn)
(21: empty)
(22: google.co.kr)
(23: empty)
(24: bing.com)
(25: empty)
(26: empty)
(27: 163.com)
(28: empty)
(29: empty)
(30: empty)
(31: empty)
(32: facebook.com)
(33: empty)
(34: google.de)
(35: amazon.co.uk)
(36: empty)
(37: empty)
(38: empty)
(39: t.co)
(40: empty)
(41: zhihu.com)
(42: craigslist.org)
(43: yahoo.com)
(44: alipay.com)
(45: empty)
(46: empty)
(47: empty)
(48: empty)
(49: empty)
(50: empty)
(51: empty)
(52: empty)
(53: empty)
(54: empty)
(0: wikipedia.org)
(1: soso.com)
(2: alibaba.com)
(3: twitch.tv)
(4: gmw.cn)
(5: empty)
(6: amazon.com)
(7: empty)
(8: sohu.com)
(9: tianya.cn)
(10: empty)
(11: google.co.kr)
(12: microsoft.com)
(13: weibo.com)
(14: chinadaily.com.cn)
(15: google.it)
(16: bbc.co.uk)
(17: empty)
(18: hao123.com)
(19: imdb.com)
(20: tianya.cn)
(21: empty)
(22: google.co.kr)
(23: empty)
(24: bing.com)
(25: empty)
(26: empty)
(27: 163.com)
(28: empty)
(29: empty)
(30: empty)
(31: empty)
(32: facebook.com)
(33: empty)
(34: google.de)
(35: amazon.co.uk)
(36: empty)
(37: empty)
(38: empty)
(39: t.co)
(40: empty)
(41: zhihu.com)
(42: craigslist.org)
(43: yahoo.com)
(44: alipay.com)
(45: empty)
(46: empty)
(47: empty)
(48: empty)
(49: empty)
(50: empty)
(51: empty)
(52: empty)
(53: empty)
(54: empty)
(55: empty)
(56: empty)
(0: wikipedia.org)
(1: soso.com)
(2: alibaba.com)
(3: twitch.tv)
(4: gmw.cn)
(5: empty)
(6: amazon.com)
(7: empty)
(8: sohu.com)
(9: tianya.cn)
(10: empty)
(11: google.co.kr)
(12: weibo.com)
(13: weibo.com)
(14: chinadaily.com.cn)
(15: google.it)
(16: bbc.co.uk)
(17: empty)
(18: hao123.com)
(19: imdb.com)
(20: tianya.cn)
(21: empty)
(22: google.co.kr)
(23: empty)
(24: bing.com)
(25: empty)
(26: empty)
(27: 163.com)
(28: empty)
(29: empty)
(30: empty)
(31: empty)
(32: facebook.com)
(33: empty)
(34: google.de)
(35: amazon.co.uk)
(36: empty)
(37: empty)
(38: empty)
(39: t.co)
(40: empty)
(41: zhihu.com)
(42: craigslist.org)
(43: yahoo.com)
(44: alipay.com)
(45: empty)
(46: empty)
(47: empty)
(48: empty)
(49: empty)
(50: empty)
(51: empty)
(52: empty)
(53: empty)
(54: empty)
(55: empty)
(56: empty)
(57: empty)
(58: twitch.tv)
(0: wikipedia.org)
(1: soso.com)
(2: alibaba.com)
(3: twitch.tv)
(4: gmw.cn)
(5: empty)
(6: amazon.com)
(7: empty)
(8: sohu.com)
(9: tianya.cn)
(10: empty)
(11: google.co.kr)
(12: yandex.ru)
(13: weibo.com)
(14: chinadaily.com.cn)
(15: google.it)
(16: bbc.co.uk)
(17: empty)
(18: hao123.com)
(19: imdb.com)
(20: tianya.cn)
(21: empty)
(22: google.co.kr)
(23: empty)
(24: bing.com)
(25: empty)
(26: empty)
(27: 163.com)
(28: empty)
(29: empty)
(30: empty)
(31: empty)
(32: facebook.com)
(33: empty)
(34: google.de)
(35: amazon.co.uk)
(36: empty)
(37: empty)
(38: empty)
(39: t.co)
(40: empty)
(41: zhihu.com)
(42: craigslist.org)
(43: yahoo.com)
(44: alipay.com)
(45: empty)
(46: empty)
(47: empty)
(48: empty)
(49: empty)
(50: empty)
(51: empty)
(52: empty)
(53: empty)
(54: empty)
(55: empty)
(56: empty)
(57: empty)
(58: empty)
(59: accuweather.com)
(60: empty)
(0: wikipedia.org)
(1: soso.com)
(2: alibaba.com)
(3: twitch.tv)
(4: gmw.cn)
(5: empty)
(6: amazon.com)
(7: empty)
(8: sohu.com)
(9: tianya.cn)
(10: empty)
(11: google.co.kr)
(12: yandex.ru)
(13: weibo.com)
(14: chinadaily.com.cn)
(15: google.it)
(16: bbc.co.uk)
(17: empty)
(18: hao123.com)
(19: imdb.com)
(20: tianya.cn)
(21: empty)
(22: google.co.kr)
(23: empty)
(24: bing.com)
(25: empty)
(26: empty)
(27: 163.com)
(28: empty)
(29: empty)
(30: empty)
(31: empty)
(32: facebook.com)
(33: empty)
(34: google.de)
(35: amazon.co.uk)
(36: empty)
(37: empty)
(38: empty)
(39: t.co)
(40: empty)
(41: zhihu.com)
(42: craigslist.org)
(43: yahoo.com)
(44: alipay.com)
(45: empty)
(46: empty)
(47: empty)
(48: empty)
(49: empty)
(50: empty)
(51: empty)
(52: empty)
(53: empty)
(54: empty)
(55: empty)
(56: empty)
(57: empty)
(58: empty)
(59: accuweather.com)
(60: empty)
(61: empty)
(62: empty)
(0: wikipedia.org)
(1: soso.com)
(2: alibaba.com)
(3: twitch.tv)
(4: gmw.cn)
(5: empty)
(6: amazon.com)
(7: empty)
(8: sohu.com)
(9: tianya.cn)
(10: empty)
(11: google.co.kr)
(12: yandex.ru)
(13: weibo.com)
(14: chinadaily.com.cn)
(15: google.it)
(16: bbc.co.uk)
(17: empty)
(18: hao123.com)
(19: imdb.com)
(20: tianya.cn)
(21: empty)
(22: google.co.kr)
(23: empty)
(24: bing.com)
(25: empty)
(26: empty)
(27: 163.com)
(28: empty)
(29: empty)
(30: empty)
(31: empty)
(32: facebook.com)
(33: empty)
(34: google.de)
(35: amazon.co.uk)
(36: empty)
(37: empty)
(38: empty)
(39: t.co)
(40: empty)
(41: zhihu.com)
(42: craigslist.org)
(43: yahoo.com)
(44: alipay.com)
(45: empty)
(46: ok.ru)
(47: empty)
(48: empty)
(49: empty)
(50: empty)
(51: empty)
(52: empty)
(53: empty)
(54: empty)
(55: empty)
(56: empty)
(57: empty)
(58: empty)
(59: accuweather.com)
(60: empty)
(61: empty)
(0: wikipedia.org)
(1: soso.com)
(2: alibaba.com)
(3: twitch.tv)
(4: gmw.cn)
(5: empty)
(6: amazon.com)
(7: empty)
(8: sohu.com)
(9: tianya.cn)
(10: empty)
(11: google.co.kr)
(12: yandex.ru)
(13: weibo.com)
(14: chinadaily.com.cn)
(15: google.it)
(16: bbc.co.uk)
(17: empty)
(18: hao123.com)
(19: imdb.com)
(20: tianya.cn)
(21: empty)
(22: google.co.kr)
(23: empty)
(24: bing.com)
(25: empty)
(26: empty)
(27: 163.com)
(28: empty)
(29: empty)
(30: empty)
(31: empty)
(32: facebook.com)
(33: empty)
(34: google.de)
(35: amazon.co.uk)
(36: empty)
(37: empty)
(38: empty)
(39: t.co)
(40: empty)
(41: zhihu.com)
(42: craigslist.org)
(43: yahoo.com)
(44: alipay.com)
(45: empty)
(46: ok.ru)
(47: empty)
(48: empty)
(49: empty)
(50: empty)
(51: empty)
(52: empty)
(53: empty)
(54: empty)
(55: empty)
(56: empty)
(57: empty)
(58: empty)
(59: accuweather.com)
(60: empty)
(0: wikipedia.org)
(1: soso.com)
(2: alibaba.com)
(3: twitch.tv)
(4: gmw.cn)
(5: empty)
(6: baidu.com)
(7: empty)
(8: sohu.com)
(9: tianya.cn)
(10: empty)
(11: google.co.kr)
(12: yandex.ru)
(13: weibo.com)
(14: chinadaily.com.cn)
(15: google.it)
(16: bbc.co.uk)
(17: empty)
(18: hao123.com)
(19: imdb.com)
(20: tianya.cn)
(21: empty)
(22: google.co.kr)
(23: empty)
(24: bing.com)
(25: empty)
(26: empty)
(27: 163.com)
(28: empty)
(29: empty)
(30: empty)
(31: empty)
(32: facebook.com)
(33: empty)
(34: google.de)
(35: amazon.co.uk)
(36: empty)
(37: empty)
(38: empty)
(39: t.co)
(40: empty)
(41: zhihu.com)
(42: craigslist.org)
(43: yahoo.com)
(44: alipay.com)
(45: empty)
(46: ok.ru)
(47: empty)
(48: empty)
(49: empty)
(50: empty)
(51: empty)
(52: empty)
(53: empty)
(54: empty)
(55: empty)
(56: empty)
(57: empty)
(58: empty)
(59: accuweather.com)
(60: empty)
(61: empty)
(62: empty)
(0: wikipedia.org)
(1: soso.com)
(2: alibaba.com)
(3: twitch.tv)
(4: gmw.cn)
(5: empty)
(6: baidu.com)
(7: empty)
(8: sohu.com)
(9: tianya.cn)
(10: empty)
(11: google.co.kr)
(12: yandex.ru)
(13: weibo.com)
(14: chinadaily.com.cn)
(15: google.it)
(16: bbc.co.uk)
(17: empty)
(18: hao123.com)
(19: imdb.com)
(20: tianya.cn)
(21: empty)
(22: google.co.kr)
(23: empty)
(24: sohu.com)
(25: empty)
(26: empty)
(27: 163.com)
(28: empty)
(29: empty)
(30: empty)
(31: empty)
(32: facebook.com)
(33: empty)
(34: google.de)
(35: amazon.co.uk)
(36: empty)
(37: empty)
(38: empty)
(39: t.co)
(40: empty)
(41: zhihu.com)
(42: craigslist.org)
(43: yahoo.com)
(44: alipay.com)
(45: empty)
(46: ok.ru)
(47: empty)
(48: empty)
(49: empty)
(50: empty)
(51: empty)
(52: empty)
(53: empty)
(54: empty)
(55: empty)
(56: empty)
(57: empty)
(58: empty)
(59: accuweather.com)
(60: empty)
(61: empty)
(62: empty)
(63: empty)
(64: empty)
(65: empty)
(0: wikipedia.org)
(1: soso.com)
(2: alibaba.com)
(3: twitch.tv)
(4: gmw.cn)
(5: empty)
(6: baidu.com)
(7: empty)
(8: sohu.com)
(9: tianya.cn)
(10: empty)
(11: google.co.kr)
(12: yandex.ru)
(13: weibo.com)
(14: chinadaily.com.cn)
(15: google.it)
(16: bbc.co.uk)
(17: empty)
(18: hao123.com)
(19: imdb.com)
(20: tianya.cn)
(21: empty)
(22: google.co.kr)
(23: empty)
(24: sohu.com)
(25: empty)
(26: empty)
(27: 163.com)
(28: empty)
(29: empty)
(30: empty)
(31: empty)
(32: facebook.com)
(33: empty)
(34: google.de)
(35: amazon.co.uk)
(36: empty)
(37: empty)
(38: empty)
(39: t.co)
(40: empty)
(41: zhihu.com)
(42: craigslist.org)
(43: yahoo.com)
(44: alipay.com)
(45: empty)
(46: ok.ru)
(47: empty)
(48: empty)
(49: empty)
(50: empty)
(51: empty)
(52: empty)
(53: empty)
(54: empty)
(55: empty)
(56: empty)
(57: empty)
(58: empty)
(59: accuweather.com)
(60: empty)
(61: empty)
(62: empty)
(63: empty)
(64: empty)
(65: empty)
(66: empty)
(0: wikipedia.org)
(1: soso.com)
(2: alibaba.com)
(3: twitch.tv)
(4: gmw.cn)
(5: empty)
(6: baidu.com)
(7: empty)
(8: sohu.com)
(9: tianya.cn)
(10: empty)
(11: google.co.kr)
(12: yandex.ru)
(13: weibo.com)
(14: chinadaily.com.cn)
(15: google.it)
(16: bbc.co.uk)
(17: empty)
(18: hao123.com)
(19: imdb.com)
(20: tianya.cn)
(21: empty)
(22: google.co.kr)
(23: empty)
(24: sohu.com)
(25: empty)
(26: empty)
(27: 163.com)
(28: empty)
(29: empty)
(30: empty)
(31: empty)
(32: facebook.com)
(33: google.com.au)
(34: google.de)
(35: amazon.co.uk)
(36: empty)
(37: empty)
(38: empty)
(39: t.co)
(40: empty)
(41: zhihu.com)
(42: craigslist.org)
(43: yahoo.com)
(44: alipay.com)
(45: empty)
(46: ok.ru)
(47: empty)
(48: empty)
(49: empty)
(50: empty)
(51: empty)
(52: empty)
(53: empty)
(54: empty)
(55: empty)
(56: empty)
(57: empty)
(58: empty)
(59: accuweather.com)
(60: empty)
(61: empty)
(62: empty)
(63: empty)
(64: empty)
(65: empty)
(66: empty)
(67: empty)
(68: empty)
(0: wikipedia.org)
(1: soso.com)
(2: alibaba.com)
(3: twitch.tv)
(4: gmw.cn)
(5: ok.ru)
(6: baidu.com)
(7: empty)
(8: sohu.com)
(9: tianya.cn)
(10: empty)
(11: google.co.kr)
(12: yandex.ru)
(13: weibo.com)
(14: chinadaily.com.cn)
(15: google.it)
(16: bbc.co.uk)
(17: empty)
(18: hao123.com)
(19: imdb.com)
(20: tianya.cn)
(21: empty)
(22: google.co.kr)
(23: empty)
(24: sohu.com)
(25: empty)
(26: empty)
(27: 163.com)
(28: empty)
(29: empty)
(30: empty)
(31: empty)
(32: facebook.com)
(33: google.com.au)
(34: google.de)
(35: amazon.co.uk)
(36: empty)
(37: empty)
(38: empty)
(39: t.co)
(40: empty)
(41: zhihu.com)
(42: craigslist.org)
(43: yahoo.com)
(44: alipay.com)
(45: empty)
(46: ok.ru)
(47: empty)
(48: empty)
(49: empty)
(50: empty)
(51: empty)
(52: empty)
(53: empty)
(54: empty)
(55: empty)
(56: empty)
(57: empty)
(58: empty)
(59: accuweather.com)
(60: empty)
(61: empty)
(62: empty)
(63: empty)
(64: empty)
(65: empty)
(66: empty)
(67: empty)
(0: wikipedia.org)
(1: soso.com)
(2: alibaba.com)
(3: twitch.tv)
(4: gmw.cn)
(5: ok.ru)
(6: baidu.com)
(7: empty)
(8: sohu.com)
(9: tianya.cn)
(10: empty)
(11: google.co.kr)
(12: yandex.ru)
(13: weibo.com)
(14: chinadaily.com.cn)
(15: google.it)
(16: bbc.co.uk)
(17: empty)
(18: hao123.com)
(19: imdb.com)
(20: tianya.cn)
(21: empty)
(22: google.co.kr)
(23: empty)
(24: sohu.com)
(25: empty)
(26: empty)
(27: 163.com)
(28: empty)
(29: empty)
(30: empty)
(31: empty)
(32: facebook.com)
(33: google.com.au)
(34: google.de)
(35: amazon.co.uk)
(36: empty)
(37: empty)
(38: empty)
(39: t.co)
(40: empty)
(41: zhihu.com)
(42: craigslist.org)
(43: yahoo.com)
(44: alipay.com)
(45: empty)
(46: ok.ru)
(47: empty)
(48: empty)
(49: empty)
(50: empty)
(51: empty)
(52: empty)
(53: empty)
(54: empty)
(55: empty)
(56: empty)
(57: empty)
(58: empty)
(59: accuweather.com)
(60: empty)
(61: empty)
(62: empty)
(63: empty)
(64: empty)
(65: empty)
(66: empty)
(0: wikipedia.org)
(1: soso.com)
(2: alibaba.com)
(3: twitch.tv)
(4: gmw.cn)
(5: ok.ru)
(6: baidu.com)
(7: empty)
(8: sohu.com)
(9: tianya.cn)
(10: empty)
(11: google.co.kr)
(12: yandex.ru)
(13: weibo.com)
(14: chinadaily.com.cn)
(15: google.it)
(16: bbc.co.uk)
(17: empty)
(18: hao123.com)
(19: imdb.com)
(20: tianya.cn)
(21: empty)
(22: google.co.kr)
(23: empty)
(24: sohu.com)
(25: empty)
(26: empty)
(27: 163.com)
(28: empty)
(29: empty)
(30: empty)
(31: empty)
(32: facebook.com)
(33: google.com.au)
(34: google.de)
(35: amazon.co.uk)
(36: empty)
(37: empty)
(38: empty)
(39: t.co)
(40: empty)
(41: zhihu.com)
(42: craigslist.org)
(43: yahoo.com)
(44: alipay.com)
(45: empty)
(46: ok.ru)
(47: empty)
(48: empty)
(49: empty)
(50: empty)
(51: empty)
(52: empty)
(53: empty)
(54: empty)
(55: empty)
(56: empty)
(57: empty)
(58: empty)
(59: accuweather.com)
(60: yahoo.co.jp)
(61: empty)
(62: empty)
(63: empty)
(64: empty)
(65: empty)
(66: empty)
(67: sohu.com)
(0: wikipedia.org)
(1: soso.com)
(2: alibaba.com)
(3: twitch.tv)
(4: gmw.cn)
(5: ok.ru)
(6: baidu.com)
(7: empty)
(8: sohu.com)
(9: tianya.cn)
(10: empty)
(11: google.co.kr)
(12: yandex.ru)
(13: weibo.com)
(14: chinadaily.com.cn)
(15: google.it)
(16: bbc.co.uk)
(17: empty)
(18: hao123.com)
(19: imdb.com)
(20: tianya.cn)
(21: empty)
(22: google.co.kr)
(23: empty)
(24: sohu.com)
(25: empty)
(26: empty)
(27: 163.com)
(28: empty)
(29: empty)
(30: empty)
(31: empty)
(32: facebook.com)
(33: google.com.au)
(34: google.de)
(35: amazon.co.uk)
(36: empty)
(37: empty)
(38: empty)
(39: t.co)
(40: empty)
(41: zhihu.com)
(42: craigslist.org)
(43: yahoo.com)
(44: alipay.com)
(45: empty)
(46: ok.ru)
(47: empty)
(48: empty)
(49: empty)
(50: empty)
(51: empty)
(52: empty)
(53: empty)
(54: empty)
(55: empty)
(56: empty)
(57: empty)
(58: empty)
(59: accuweather.com)
(60: yahoo.co.jp)
(61: empty)
(62: empty)
(63: empty)
(64: empty)
(65: empty)
(66: google.com.br)
(67: empty)
(0: wikipedia.org)
(1: soso.com)
(2: alibaba.com)
(3: twitch.tv)
(4: gmw.cn)
(5: ok.ru)
(6: baidu.com)
(7: empty)
(8: sohu.com)
(9: tianya.cn)
(10: empty)
(11: google.co.kr)
(12: yandex.ru)
(13: weibo.com)
(14: chinadaily.com.cn)
(15: google.it)
(16: bbc.co.uk)
(17: empty)
(18: hao123.com)
(19: imdb.com)
(20: tianya.cn)
(21: empty)
(22: google.co.kr)
(23: empty)
(24: sohu.com)
(25: empty)
(26: empty)
(27: 163.com)
(28: empty)
(29: empty)
(30: empty)
(31: empty)
(32: facebook.com)
(33: google.com.au)
(34: google.de)
(35: amazon.co.uk)
(36: empty)
(37: empty)
(38: empty)
(39: t.co)
(40: empty)
(41: zhihu.com)
(42: craigslist.org)
(43: yahoo.com)
(44: alipay.com)
(45: ebay.com)
(46: ok.ru)
(47: empty)
(48: empty)
(49: twitch.tv)
(50: empty)
(51: empty)
(52: empty)
(53: empty)
(54: empty)
(55: empty)
(56: empty)
(57: empty)
(58: empty)
(59: accuweather.com)
(60: yahoo.co.jp)
(61: empty)
(62: empty)
(63: empty)
(64: empty)
(65: empty)
(66: google.com.br)
(67: empty)
(0: wikipedia.org)
(1: soso.com)
(2: alibaba.com)
(3: twitch.tv)
(4: gmw.cn)
(5: ok.ru)
(6: baidu.com)
(7: empty)
(8: sohu.com)
(9: tianya.cn)
(10: empty)
(11: google.co.kr)
(12: yandex.ru)
(13: weibo.com)
(14: chinadaily.com.cn)
(15: google.it)
(16: bbc.co.uk)
(17: empty)
(18: hao123.com)
(19: imdb.com)
(20: tianya.cn)
(21: empty)
(22: google.co.kr)
(23: empty)
(24: bing.com)
(25: empty)
(26: empty)
(27: 163.com)
(28: empty)
(29: empty)
(30: empty)
(31: empty)
(32: facebook.com)
(33: google.com.au)
(34: google.de)
(35: amazon.co.uk)
(36: empty)
(37: empty)
(38: empty)
(39: t.co)
(40: empty)
(41: zhihu.com)
(42: craigslist.org)
(43: yahoo.com)
(44: alipay.com)
(45: ebay.com)
(46: ok.ru)
(47: empty)
(48: empty)
(49: twitch.tv)
(50: empty)
(51: empty)
(52: empty)
(53: empty)
(54: empty)
(55: empty)
(56: empty)
(57: empty)
(58: empty)
(59: accuweather.com)
(60: yahoo.co.jp)
(61: empty)
(62: empty)
(63: empty)
(64: empty)
(65: empty)
(66: google.com.br)
(67: empty)
(68: empty)
(69: empty)
(70: empty)
(71: empty)
(0: wikipedia.org)
(1: soso.com)
(2: alibaba.com)
(3: twitch.tv)
(4: gmw.cn)
(5: ok.ru)
(6: baidu.com)
(7: empty)
(8: sohu.com)
(9: tianya.cn)
(10: empty)
(11: google.co.kr)
(12: yandex.ru)
(13: weibo.com)
(14: chinadaily.com.cn)
(15: google.it)
(16: bbc.co.uk)
(17: empty)
(18: hao123.com)
(19: imdb.com)
(20: tianya.cn)
(21: empty)
(22: google.co.kr)
(23: empty)
(24: bing.com)
(25: empty)
(26: empty)
(27: 163.com)
(28: empty)
(29: empty)
(30: empty)
(31: empty)
(32: facebook.com)
(33: google.com.au)
(34: google.de)
(35: amazon.co.uk)
(36: empty)
(37: empty)
(38: empty)
(39: t.co)
(40: empty)
(41: zhihu.com)
(42: craigslist.org)
(43: yahoo.com)
(44: alipay.com)
(45: ebay.com)
(46: ok.ru)
(47: empty)
(48: empty)
(49: twitch.tv)
(50: empty)
(51: empty)
(52: empty)
(53: empty)
(54: empty)
(55: empty)
(56: empty)
(57: empty)
(58: empty)
(59: accuweather.com)
(60: yahoo.co.jp)
(61: empty)
(62: empty)
(63: empty)
(64: empty)
(65: empty)
(66: google.com.br)
(67: empty)
(68: empty)
(69: empty)
(70: empty)
(71: empty)
(72: empty)
(73: empty)
(0: wikipedia.org)
(1: soso.com)
(2: alibaba.com)
(3: twitch.tv)
(4: gmw.cn)
(5: ok.ru)
(6: bilibili.com)
(7: empty)
(8: sohu.com)
(9: tianya.cn)
(10: empty)
(11: google.co.kr)
(12: yandex.ru)
(13: weibo.com)
(14: chinadaily.com.cn)
(15: google.it)
(16: bbc.co.uk)
(17: empty)
(18: hao123.com)
(19: imdb.com)
(20: tianya.cn)
(21: empty)
(22: google.co.kr)
(23: empty)
(24: bing.com)
(25: empty)
(26: empty)
(27: 163.com)
(28: empty)
(29: empty)
(30: empty)
(31: empty)
(32: facebook.com)
(33: google.com.au)
(34: google.de)
(35: amazon.co.uk)
(36: empty)
(37: empty)
(38: empty)
(39: t.co)
(40: empty)
(41: zhihu.com)
(42: craigslist.org)
(43: yahoo.com)
(44: alipay.com)
(45: ebay.com)
(46: accuweather.com)
(47: empty)
(48: empty)
(49: twitch.tv)
(50: empty)
(51: empty)
(52: empty)
(53: empty)
(54: empty)
(55: empty)
(56: empty)
(57: empty)
(58: empty)
(59: accuweather.com)
(60: yahoo.co.jp)
(61: empty)
(62: empty)
(63: empty)
(64: empty)
(65: empty)
(66: google.com.br)
(67: empty)
(68: empty)
(69: empty)
(70: empty)
(71: empty)
(72: empty)
(73: empty)
(74: sohu.com)
(0: wikipedia.org)
(1: soso.com)
(2: alibaba.com)
(3: twitch.tv)
(4: gmw.cn)
(5: ok.ru)
(6: bilibili.com)
(7: empty)
(8: sohu.com)
(9: tianya.cn)
(10: empty)
(11: google.co.kr)
(12: yandex.ru)
(13: weibo.com)
(14: chinadaily.com.cn)
(15: google.it)
(16: bbc.co.uk)
(17: empty)
(18: hao123.com)
(19: imdb.com)
(20: tianya.cn)
(21: empty)
(22: google.co.kr)
(23: empty)
(24: bing.com)
(25: empty)
(26: empty)
(27: 163.com)
(28: empty)
(29: empty)
(30: empty)
(31: empty)
(32: facebook.com)
(33: google.com.au)
(34: google.de)
(35: amazon.co.uk)
(36: empty)
(37: empty)
(38: empty)
(39: t.co)
(40: empty)
(41: zhihu.com)
(42: craigslist.org)
(43: yahoo.com)
(44: alipay.com)
(45: ebay.com)
(46: accuweather.com)
(47: empty)
(48: empty)
(49: twitch.tv)
(50: empty)
(51: empty)
(52: empty)
(53: empty)
(54: empty)
(55: empty)
(56: empty)
(57: empty)
(58: empty)
(59: accuweather.com)
(60: yahoo.co.jp)
(61: empty)
(62: empty)
(63: empty)
(64: empty)
(65: empty)
(66: google.com.br)
(67: empty)
(68: empty)
(69: empty)
(70: empty)
(71: empty)
(72: empty)
(73: netflix.com)
(0: wikipedia.org)
(1: soso.com)
(2: alibaba.com)
(3: twitch.tv)
(4: gmw.cn)
(5: ok.ru)
(6: bilibili.com)
(7: empty)
(8: sohu.com)
(9: tianya.cn)
(10: empty)
(11: google.co.kr)
(12: yandex.ru)
(13: weibo.com)
(14: chinadaily.com.cn)
(15: google.it)
(16: bbc.co.uk)
(17: empty)
(18: hao123.com)
(19: imdb.com)
(20: tianya.cn)
(21: empty)
(22: google.co.kr)
(23: empty)
(24: sohu.com)
(25: empty)
(26: empty)
(27: 163.com)
(28: empty)
(29: empty)
(30: empty)
(31: empty)
(32: facebook.com)
(33: google.com.au)
(34: google.de)
(35: amazon.co.uk)
(36: empty)
(37: empty)
(38: empty)
(39: t.co)
(40: empty)
(41: zhihu.com)
(42: craigslist.org)
(43: yahoo.com)
(44: alipay.com)
(45: ebay.com)
(46: accuweather.com)
(47: empty)
(48: empty)
(49: twitch.tv)
(50: empty)
(51: empty)
(52: empty)
(53: empty)
(54: empty)
(55: empty)
(56: empty)
(57: empty)
(58: empty)
(59: accuweather.com)
(60: yahoo.co.jp)
(61: empty)
(62: empty)
(63: empty)
(64: empty)
(65: empty)
(66: google.com.br)
(67: empty)
(68: empty)
(69: empty)
(70: empty)
(71: empty)
(72: empty)
(73: netflix.com)
(74: yandex.ru)
(0: wikipedia.org)
(1: soso.com)
(2: alibaba.com)
(3: twitch.tv)
(4: sina.com.cn)
(5: ok.ru)
(6: bilibili.com)
(7: empty)
(8: sohu.com)
(9: tianya.cn)
(10: empty)
(11: google.co.kr)
(12: yandex.ru)
(13: weibo.com)
(14: chinadaily.com.cn)
(15: google.it)
(16: bbc.co.uk)
(17: empty)
(18: hao123.com)
(19: imdb.com)
(20: tianya.cn)
(21: empty)
(22: google.co.kr)
(23: empty)
(24: google.com.br)
(25: empty)
(26: empty)
(27: 163.com)
(28: empty)
(29: empty)
(30: empty)
(31: empty)
(32: facebook.com)
(33: google.com.au)
(34: google.de)
(35: amazon.co.uk)
(36: empty)
(37: empty)
(38: empty)
(39: t.co)
(40: empty)
(41: zhihu.com)
(42: craigslist.org)
(43: yahoo.com)
(44: alipay.com)
(45: ebay.com)
(46: accuweather.com)
(47: empty)
(48: empty)
(49: twitch.tv)
(50: empty)
(51: empty)
(52: empty)
(53: empty)
(54: empty)
(55: empty)
(56: empty)
(57: empty)
(58: empty)
(59: accuweather.com)
(60: yahoo.co.jp)
(61: empty)
(62: empty)
(63: empty)
(64: empty)
(65: empty)
(66: google.com.br)
(67: empty)
(68: empty)
(69: empty)
(70: empty)
(71: empty)
(72: empty)
(73: netflix.com)
(0: wikipedia.org)
(1: soso.com)
(2: alibaba.com)
(3: twitch.tv)
(4: xinhuanet.com)
(5: ok.ru)
(6: bilibili.com)
(7: empty)
(8: sohu.com)
(9: tianya.cn)
(10: empty)
(11: google.co.kr)
(12: yandex.ru)
(13: weibo.com)
(14: chinadaily.com.cn)
(15: google.it)
(16: bbc.co.uk)
(17: empty)
(18: hao123.com)
(19: imdb.com)
(20: tianya.cn)
(21: empty)
(22: twitter.com)
(23: empty)
(24: google.com.br)
(25: empty)
(26: empty)
(27: 163.com)
(28: empty)
(29: empty)
(30: empty)
(31: empty)
(32: facebook.com)
(33: google.com.au)
(34: google.de)
(35: amazon.co.uk)
(36: empty)
(37: empty)
(38: empty)
(39: t.co)
(40: empty)
(41: zhihu.com)
(42: craigslist.org)
(43: yahoo.com)
(44: alipay.com)
(45: ebay.com)
(46: accuweather.com)
(47: empty)
(48: empty)
(49: twitch.tv)
(50: empty)
(51: empty)
(52: empty)
(53: empty)
(54: empty)
(55: empty)
(56: empty)
(57: empty)
(58: empty)
(59: accuweather.com)
(60: yahoo.co.jp)
(61: empty)
(62: empty)
(63: empty)
(64: empty)
(65: empty)
(66: google.com.br)
(67: empty)
(68: empty)
(69: empty)
(70: empty)
(71: empty)
(72: empty)
(73: bilibili.com)
(74: empty)
(75: empty)
(0: wikipedia.org)
(1: google.com.br)
(2: alibaba.com)
(3: twitch.tv)
(4: xinhuanet.com)
(5: ok.ru)
(6: bilibili.com)
(7: empty)
(8: sohu.com)
(9: tianya.cn)
(10: empty)
(11: google.co.kr)
(12: yandex.ru)
(13: weibo.com)
(14: chinadaily.com.cn)
(15: google.it)
(16: bbc.co.uk)
(17: empty)
(18: hao123.com)
(19: imdb.com)
(20: tianya.cn)
(21: empty)
(22: twitter.com)
(23: empty)
(24: google.com.br)
(25: empty)
(26: empty)
(27: 163.com)
(28: empty)
(29: empty)
(30: empty)
(31: empty)
(32: facebook.com)
(33: google.com.au)
(34: google.de)
(35: amazon.co.uk)
(36: empty)
(37: empty)
(38: empty)
(39: t.co)
(40: empty)
(41: zhihu.com)
(42: craigslist.org)
(43: yahoo.com)
(44: alipay.com)
(45: ebay.com)
(46: accuweather.com)
(47: empty)
(48: empty)
(49: twitch.tv)
(50: empty)
(51: empty)
(52: empty)
(53: empty)
(54: empty)
(55: empty)
(56: empty)
(57: empty)
(58: empty)
(59: accuweather.com)
(60: yahoo.co.jp)
(61: empty)
(62: empty)
(63: empty)
(64: empty)
(65: empty)
(66: google.com.br)
(67: empty)
(68: empty)
(69: empty)
(70: empty)
(71: empty)
(72: empty)
(73: bilibili.com)
(74: empty)
(75: empty)
(76: doubleclick.net)
(0: wikipedia.org)
(1: google.com.br)
(2: alibaba.com)
(3: twitch.tv)
(4: xinhuanet.com)
(5: ok.ru)
(6: bilibili.com)
(7: empty)
(8: sohu.com)
(9: tianya.cn)
(10: empty)
(11: google.co.kr)
(12: yandex.ru)
(13: weibo.com)
(14: chinadaily.com.cn)
(15: google.it)
(16: bbc.co.uk)
(17: empty)
(18: hao123.com)
(19: imdb.com)
(20: tianya.cn)
(21: empty)
(22: twitter.com)
(23: empty)
(24: google.com.br)
(25: empty)
(26: empty)
(27: 163.com)
(28: empty)
(29: empty)
(30: baidu.com)
(31: empty)
(32: facebook.com)
(33: google.com.au)
(34: google.de)
(35: amazon.co.uk)
(36: empty)
(37: empty)
(38: empty)
(39: t.co)
(40: empty)
(41: zhihu.com)
(42: craigslist.org)
(43: yahoo.com)
(44: alipay.com)
(45: ebay.com)
(46: accuweather.com)
(47: empty)
(48: empty)
(49: twitch.tv)
(50: empty)
(51: empty)
(52: empty)
(53: empty)
(54: empty)
(55: empty)
(56: empty)
(57: empty)
(58: empty)
(59: accuweather.com)
(60: yahoo.co.jp)
(61: empty)
(62: empty)
(63: empty)
(64: empty)
(65: empty)
(66: google.com.br)
(67: empty)
(68: empty)
(69: empty)
(70: empty)
(71: empty)
(72: empty)
(73: bilibili.com)
(74: empty)
(75: empty)
(76: doubleclick.net)
(77: empty)
(0: wikipedia.org)
(1: google.com.br)
(2: alibaba.com)
(3: twitch.tv)
(4: jd.com)
(5: ok.ru)
(6: bilibili.com)
(7: empty)
(8: sohu.com)
(9: tianya.cn)
(10: empty)
(11: google.co.kr)
(12: yandex.ru)
(13: weibo.com)
(14: chinadaily.com.cn)
(15: google.it)
(16: bbc.co.uk)
(17: empty)
(18: hao123.com)
(19: imdb.com)
(20: tianya.cn)
(21: empty)
(22: twitter.com)
(23: empty)
(24: google.com.br)
(25: empty)
(26: empty)
(27: 163.com)
(28: empty)
(29: empty)
(30: baidu.com)
(31: empty)
(32: facebook.com)
(33: google.com.au)
(34: google.de)
(35: amazon.co.uk)
(36: empty)
(37: empty)
(38: empty)
(39: t.co)
(40: empty)
(41: zhihu.com)
(42: craigslist.org)
(43: yahoo.com)
(44: alipay.com)
(45: ebay.com)
(46: accuweather.com)
(47: empty)
(48: empty)
(49: twitch.tv)
(50: empty)
(51: empty)
(52: empty)
(53: empty)
(54: empty)
(55: empty)
(56: empty)
(57: empty)
(58: empty)
(59: accuweather.com)
(60: yahoo.co.jp)
(61: empty)
(62: empty)
(63: empty)
(64: empty)
(65: empty)
(66: google.com.br)
(67: empty)
(68: empty)
(69: empty)
(70: empty)
(71: empty)
(72: empty)
(73: bilibili.com)
(74: empty)
(75: empty)
(76: doubleclick.net)
(77: google.co.uk)
(78: bbc.co.uk)
(0: wikipedia.org)
(1: google.com.br)
(2: alibaba.com)
(3: twitch.tv)
(4: jd.com)
(5: ok.ru)
(6: bilibili.com)
(7: empty)
(8: sohu.com)
(9: tianya.cn)
(10: empty)
(11: google.co.kr)
(12: yandex.ru)
(13: weibo.com)
(14: chinadaily.com.cn)
(15: google.it)
(16: bbc.co.uk)
(17: empty)
(18: hao123.com)
(19: imdb.com)
(20: tianya.cn)
(21: empty)
(22: twitter.com)
(23: empty)
(24: google.com.br)
(25: empty)
(26: empty)
(27: 163.com)
(28: empty)
(29: empty)
(30: baidu.com)
(31: empty)
(32: facebook.com)
(33: google.com.au)
(34: google.de)
(35: amazon.co.uk)
(36: empty)
(37: empty)
(38: empty)
(39: t.co)
(40: empty)
(41: zhihu.com)
(42: craigslist.org)
(43: yahoo.com)
(44: alipay.com)
(45: ebay.com)
(46: accuweather.com)
(47: empty)
(48: empty)
(49: twitch.tv)
(50: empty)
(51: empty)
(52: empty)
(53: empty)
(54: empty)
(55: empty)
(56: empty)
(57: empty)
(58: empty)
(59: accuweather.com)
(60: yahoo.co.jp)
(61: empty)
(62: empty)
(63: empty)
(64: empty)
(65: empty)
(66: google.com.br)
(67: empty)
(68: empty)
(69: empty)
(70: empty)
(71: empty)
(72: empty)
(73: bilibili.com)
(74: empty)
(75: empty)
(76: doubleclick.net)
(77: google.co.uk)
(78: bbc.co.uk)
(0: wikipedia.org)
(1: google.com.br)
(2: alibaba.com)
(3: twitch.tv)
(4: jd.com)
(5: ok.ru)
(6: bilibili.com)
(7: empty)
(8: sohu.com)
(9: tianya.cn)
(10: empty)
(11: google.co.kr)
(12: yandex.ru)
(13: weibo.com)
(14: chinadaily.com.cn)
(15: google.it)
(16: bbc.co.uk)
(17: empty)
(18: hao123.com)
(19: imdb.com)
(20: tianya.cn)
(21: empty)
(22: twitter.com)
(23: empty)
(24: google.com.br)
(25: empty)
(26: empty)
(27: 163.com)
(28: empty)
(29: empty)
(30: baidu.com)
(31: empty)
(32: facebook.com)
(33: google.com.au)
(34: google.de)
(35: amazon.co.uk)
(36: empty)
(37: empty)
(38: empty)
(39: t.co)
(40: empty)
(41: zhihu.com)
(42: craigslist.org)
(43: yahoo.com)
(44: alipay.com)
(45: ebay.com)
(46: accuweather.com)
(47: empty)
(48: empty)
(49: twitch.tv)
(50: empty)
(51: empty)
(52: empty)
(53: empty)
(54: empty)
(55: empty)
(56: empty)
(57: empty)
(58: empty)
(59: accuweather.com)
(60: yahoo.co.jp)
(61: empty)
(62: empty)
(63: empty)
(64: empty)
(65: empty)
(66: google.com.br)
(67: empty)
(68: empty)
(69: empty)
(70: empty)
(71: empty)
(72: empty)
(73: bilibili.com)
(74: empty)
(75: empty)
(76: doubleclick.net)
(77: google.co.uk)
(78: bbc.co.uk)
(0: wikipedia.org)
(1: google.com.br)
(2: alibaba.com)
(3: twitch.tv)
(4: jd.com)
(5: ok.ru)
(6: bilibili.com)
(7: empty)
(8: sohu.com)
(9: tianya.cn)
(10: empty)
(11: google.co.kr)
(12: yandex.ru)
(13: weibo.com)
(14: chinadaily.com.cn)
(15: google.it)
(16: bbc.co.uk)
(17: empty)
(18: hao123.com)
(19: imdb.com)
(20: tianya.cn)
(21: empty)
(22: twitter.com)
(23: empty)
(24: google.com.br)
(25: empty)
(26: empty)
(27: 163.com)
(28: empty)
(29: empty)
(30: baidu.com)
(31: empty)
(32: facebook.com)
(33: google.com.au)
(34: google.de)
(35: amazon.co.uk)
(36: empty)
(37: empty)
(38: empty)
(39: t.co)
(40: empty)
(41: zhihu.com)
(42: craigslist.org)
(43: yahoo.com)
(44: alipay.com)
(45: ebay.com)
(46: accuweather.com)
(47: empty)
(48: empty)
(49: twitch.tv)
(50: empty)
(51: empty)
(52: empty)
(53: empty)
(54: empty)
(55: empty)
(56: empty)
(57: empty)
(58: empty)
(59: accuweather.com)
(60: yahoo.co.jp)
(61: empty)
(62: empty)
(63: empty)
(64: empty)
(65: empty)
(66: google.com.br)
(67: empty)
(68: empty)
(69: empty)
(70: empty)
(71: empty)
(72: empty)
(73: bilibili.com)
(74: empty)
(75: empty)
(76: doubleclick.net)
(77: google.co.uk)
(78: bbc.co.uk)
(79: weibo.com)
(0: wikipedia.org)
(1: google.com.br)
(2: alibaba.com)
(3: twitch.tv)
(4: jd.com)
(5: ok.ru)
(6: bilibili.com)
(7: empty)
(8: sohu.com)
(9: tianya.cn)
(10: empty)
(11: google.co.kr)
(12: yandex.ru)
(13: weibo.com)
(14: chinadaily.com.cn)
(15: google.it)
(16: bbc.co.uk)
(17: empty)
(18: hao123.com)
(19: imdb.com)
(20: tianya.cn)
(21: empty)
(22: twitter.com)
(23: empty)
(24: google.com.br)
(25: empty)
(26: empty)
(27: 163.com)
(28: empty)
(29: empty)
(30: baidu.com)
(31: empty)
(32: facebook.com)
(33: google.com.au)
(34: google.de)
(35: amazon.co.uk)
(36: empty)
(37: empty)
(38: empty)
(39: t.co)
(40: empty)
(41: zhihu.com)
(42: craigslist.org)
(43: yahoo.com)
(44: alipay.com)
(45: ebay.com)
(46: accuweather.com)
(47: empty)
(48: empty)
(49: twitch.tv)
(50: empty)
(51: empty)
(52: empty)
(53: empty)
(54: empty)
(55: empty)
(56: empty)
(57: empty)
(58: empty)
(59: accuweather.com)
(60: yahoo.co.jp)
(61: empty)
(62: empty)
(63: empty)
(64: empty)
(65: empty)
(66: google.com.br)
(67: empty)
(68: empty)
(69: empty)
(70: yahoo.co.jp)
(71: empty)
(72: empty)
(73: bilibili.com)
(74: empty)
(75: empty)
(76: doubleclick.net)
(77: google.co.uk)
(78: bbc.co.uk)
(79: doubleclick.net)
(80: wikipedia.org)
(0: wikipedia.org)
(1: google.com.br)
(2: alibaba.com)
(3: twitch.tv)
(4: jd.com)
(5: ok.ru)
(6: bilibili.com)
(7: empty)
(8: sohu.com)
(9: tianya.cn)
(10: empty)
(11: google.co.kr)
(12: yandex.ru)
(13: weibo.com)
(14: chinadaily.com.cn)
(15: google.it)
(16: bbc.co.uk)
(17: empty)
(18: hao123.com)
(19: imdb.com)
(20: tianya.cn)
(21: empty)
(22: twitter.com)
(23: empty)
(24: rakuten.co.jp)
(25: empty)
(26: empty)
(27: 163.com)
(28: empty)
(29: empty)
(30: baidu.com)
(31: empty)
(32: facebook.com)
(33: google.com.au)
(34: google.de)
(35: amazon.co.uk)
(36: baidu.com)
(37: empty)
(38: empty)
(39: t.co)
(40: empty)
(41: zhihu.com)
(42: craigslist.org)
(43: yahoo.com)
(44: alipay.com)
(45: ebay.com)
(46: accuweather.com)
(47: empty)
(48: empty)
(49: twitch.tv)
(50: empty)
(51: empty)
(52: empty)
(53: empty)
(54: empty)
(55: empty)
(56: empty)
(57: empty)
(58: empty)
(59: accuweather.com)
(60: yahoo.co.jp)
(61: empty)
(62: empty)
(63: empty)
(64: empty)
(65: empty)
(66: google.com.br)
(67: empty)
(68: empty)
(69: empty)
(70: yahoo.co.jp)
(71: empty)
(72: empty)
(73: bilibili.com)
(74: empty)
(75: empty)
(76: doubleclick.net)
(77: google.co.uk)
(78: bbc.co.uk)
(79: doubleclick.net)
(80: empty)
(81: empty)
(82: empty)
(0: wikipedia.org)
(1: google.com.br)
(2: coccoc.com)
(3: twitch.tv)
(4: jd.com)
(5: ok.ru)
(6: bilibili.com)
(7: empty)
(8: sohu.com)
(9: tianya.cn)
(10: empty)
(11: google.co.kr)
(12: yandex.ru)
(13: weibo.com)
(14: chinadaily.com.cn)
(15: google.it)
(16: bbc.co.uk)
(17: empty)
(18: hao123.com)
(19: imdb.com)
(20: tianya.cn)
(21: empty)
(22: twitter.com)
(23: empty)
(24: rakuten.co.jp)
(25: empty)
(26: empty)
(27: 163.com)
(28: empty)
(29: empty)
(30: baidu.com)
(31: empty)
(32: booking.com)
(33: google.com.au)
(34: google.de)
(35: amazon.co.uk)
(36: baidu.com)
(37: empty)
(38: empty)
(39: t.co)
(40: empty)
(41: zhihu.com)
(42: craigslist.org)
(43: yahoo.com)
(44: alipay.com)
(45: ebay.com)
(46: accuweather.com)
(47: empty)
(48: empty)
(49: twitch.tv)
(50: empty)
(51: empty)
(52: empty)
(53: empty)
(54: empty)
(55: empty)
(56: empty)
(57: empty)
(58: empty)
(59: accuweather.com)
(60: yahoo.co.jp)
(61: empty)
(62: empty)
(63: empty)
(64: empty)
(65: empty)
(66: google.com.br)
(67: empty)
(68: empty)
(69: empty)
(70: yahoo.co.jp)
(71: empty)
(72: empty)
(73: bilibili.com)
(74: empty)
(75: empty)
(76: doubleclick.net)
(77: google.co.uk)
(78: bbc.co.uk)
(79: google.de)
(80: empty)
(81: qq.com)
(82: google.co.uk)
(83: empty)
(0: wikipedia.org)
(1: google.com.br)
(2: coccoc.com)
(3: twitch.tv)
(4: jd.com)
(5: ok.ru)
(6: bilibili.com)
(7: empty)
(8: sohu.com)
(9: tianya.cn)
(10: empty)
(11: google.co.kr)
(12: yandex.ru)
(13: weibo.com)
(14: chinadaily.com.cn)
(15: google.it)
(16: bbc.co.uk)
(17: googleusercontent.com)
(18: hao123.com)
(19: imdb.com)
(20: tianya.cn)
(21: empty)
(22: twitter.com)
(23: empty)
(24: rakuten.co.jp)
(25: empty)
(26: empty)
(27: 163.com)
(28: empty)
(29: empty)
(30: baidu.com)
(31: empty)
(32: craigslist.org)
(33: google.com.au)
(34: google.de)
(35: amazon.co.uk)
(36: baidu.com)
(37: empty)
(38: empty)
(39: t.co)
(40: empty)
(41: zhihu.com)
(42: craigslist.org)
(43: yahoo.com)
(44: alipay.com)
(45: ebay.com)
(46: accuweather.com)
(47: empty)
(48: empty)
(49: twitch.tv)
(50: empty)
(51: empty)
(52: empty)
(53: empty)
(54: empty)
(55: empty)
(56: empty)
(57: empty)
(58: empty)
(59: accuweather.com)
(60: yahoo.co.jp)
(61: empty)
(62: empty)
(63: empty)
(64: empty)
(65: empty)
(66: google.com.br)
(67: empty)
(68: empty)
(69: empty)
(70: yahoo.co.jp)
(71: empty)
(72: empty)
(73: bilibili.com)
(74: empty)
(75: empty)
(76: doubleclick.net)
(77: google.co.uk)
(78: bbc.co.uk)
(79: google.de)
(80: empty)
(81: qq.com)
(82: google.co.uk)
(83: empty)
(0: wikipedia.org)
(1: google.com.br)
(2: coccoc.com)
(3: twitch.tv)
(4: jd.com)
(5: ok.ru)
(6: bilibili.com)
(7: empty)
(8: sohu.com)
(9: tianya.cn)
(10: empty)
(11: google.co.kr)
(12: yandex.ru)
(13: weibo.com)
(14: chinadaily.com.cn)
(15: google.it)
(16: bbc.co.uk)
(17: googleusercontent.com)
(18: hao123.com)
(19: imdb.com)
(20: tianya.cn)
(21: empty)
(22: twitter.com)
(23: empty)
(24: rakuten.co.jp)
(25: empty)
(26: empty)
(27: 163.com)
(28: empty)
(29: empty)
(30: baidu.com)
(31: empty)
(32: craigslist.org)
(33: google.com.au)
(34: google.de)
(35: amazon.co.uk)
(36: baidu.com)
(37: empty)
(38: empty)
(39: t.co)
(40: empty)
(41: zhihu.com)
(42: craigslist.org)
(43: yahoo.com)
(44: alipay.com)
(45: ebay.com)
(46: accuweather.com)
(47: empty)
(48: empty)
(49: twitch.tv)
(50: empty)
(51: empty)
(52: empty)
(53: empty)
(54: empty)
(55: empty)
(56: empty)
(57: empty)
(58: empty)
(59: accuweather.com)
(60: yahoo.co.jp)
(61: empty)
(62: empty)
(63: empty)
(64: empty)
(65: empty)
(66: alibaba.com)
(67: empty)
(68: empty)
(69: empty)
(70: yahoo.co.jp)
(71: empty)
(72: empty)
(73: bilibili.com)
(74: empty)
(75: empty)
(76: google.co.in)
(77: google.co.uk)
(78: bbc.co.uk)
(79: google.de)
(80: empty)
(81: qq.com)
(82: google.co.uk)
(83: linkedin.com)
(84: empty)
(0: wikipedia.org)
(1: google.com.br)
(2: coccoc.com)
(3: twitch.tv)
(4: jd.com)
(5: ok.ru)
(6: bilibili.com)
(7: empty)
(8: sohu.com)
(9: tianya.cn)
(10: empty)
(11: google.co.kr)
(12: yandex.ru)
(13: weibo.com)
(14: chinadaily.com.cn)
(15: google.it)
(16: bbc.co.uk)
(17: googleusercontent.com)
(18: hao123.com)
(19: imdb.com)
(20: tianya.cn)
(21: empty)
(22: twitter.com)
(23: empty)
(24: rakuten.co.jp)
(25: empty)
(26: empty)
(27: 163.com)
(28: empty)
(29: empty)
(30: baidu.com)
(31: empty)
(32: craigslist.org)
(33: google.com.au)
(34: google.de)
(35: amazon.co.uk)
(36: baidu.com)
(37: empty)
(38: empty)
(39: t.co)
(40: empty)
(41: zhihu.com)
(42: craigslist.org)
(43: yahoo.com)
(44: alipay.com)
(45: ebay.com)
(46: accuweather.com)
(47: empty)
(48: empty)
(49: twitch.tv)
(50: empty)
(51: empty)
(52: empty)
(53: empty)
(54: empty)
(55: empty)
(56: empty)
(57: empty)
(58: empty)
(59: accuweather.com)
(60: yahoo.co.jp)
(61: empty)
(62: empty)
(63: empty)
(64: empty)
(65: empty)
(66: alibaba.com)
(67: empty)
(68: empty)
(69: empty)
(70: yahoo.co.jp)
(71: empty)
(72: empty)
(73: bilibili.com)
(74: empty)
(75: empty)
(76: google.co.in)
(77: google.co.uk)
(78: bbc.co.uk)
(79: google.de)
(80: empty)
(81: qq.com)
(82: google.co.uk)
(83: linkedin.com)
(84: empty)
(85: qq.com)
(0: wikipedia.org)
(1: google.com.br)
(2: coccoc.com)
(3: twitch.tv)
(4: jd.com)
(5: ok.ru)
(6: bilibili.com)
(7: empty)
(8: sohu.com)
(9: tianya.cn)
(10: empty)
(11: google.co.kr)
(12: yandex.ru)
(13: weibo.com)
(14: chinadaily.com.cn)
(15: google.it)
(16: bbc.co.uk)
(17: googleusercontent.com)
(18: hao123.com)
(19: imdb.com)
(20: tianya.cn)
(21: empty)
(22: twitter.com)
(23: empty)
(24: rakuten.co.jp)
(25: empty)
(26: empty)
(27: 163.com)
(28: empty)
(29: empty)
(30: baidu.com)
(31: empty)
(32: craigslist.org)
(33: google.com.au)
(34: google.de)
(35: amazon.co.uk)
(36: baidu.com)
(37: empty)
(38: empty)
(39: t.co)
(40: empty)
(41: zhihu.com)
(42: craigslist.org)
(43: yahoo.com)
(44: alipay.com)
(45: ebay.com)
(46: accuweather.com)
(47: empty)
(48: empty)
(49: twitch.tv)
(50: empty)
(51: empty)
(52: empty)
(53: empty)
(54: empty)
(55: empty)
(56: empty)
(57: empty)
(58: empty)
(59: accuweather.com)
(60: yahoo.co.jp)
(61: empty)
(62: empty)
(63: empty)
(64: empty)
(65: empty)
(66: alibaba.com)
(67: empty)
(68: empty)
(69: empty)
(70: yahoo.co.jp)
(71: empty)
(72: empty)
(73: bilibili.com)
(74: empty)
(75: empty)
(76: google.co.in)
(77: google.co.uk)
(78: bbc.co.uk)
(79: google.de)
(80: empty)
(81: qq.com)
(82: google.co.uk)
(83: linkedin.com)
(84: empty)
(85: qq.com)
(86: empty)
(87: blogger.com)
(0: wikipedia.org)
(1: google.com.br)
(2: coccoc.com)
(3: twitch.tv)
(4: jd.com)
(5: ok.ru)
(6: bilibili.com)
(7: empty)
(8: sohu.com)
(9: tianya.cn)
(10: empty)
(11: google.co.kr)
(12: yandex.ru)
(13: weibo.com)
(14: chinadaily.com.cn)
(15: google.it)
(16: bbc.co.uk)
(17: googleusercontent.com)
(18: hao123.com)
(19: imdb.com)
(20: tianya.cn)
(21: empty)
(22: twitter.com)
(23: empty)
(24: rakuten.co.jp)
(25: empty)
(26: empty)
(27: 163.com)
(28: empty)
(29: empty)
(30: baidu.com)
(31: empty)
(32: craigslist.org)
(33: google.com.au)
(34: google.de)
(35: amazon.co.uk)
(36: baidu.com)
(37: empty)
(38: empty)
(39: t.co)
(40: empty)
(41: zhihu.com)
(42: craigslist.org)
(43: yahoo.com)
(44: alipay.com)
(45: ebay.com)
(46: accuweather.com)
(47: empty)
(48: empty)
(49: twitch.tv)
(50: empty)
(51: empty)
(52: empty)
(53: empty)
(54: empty)
(55: empty)
(56: empty)
(57: empty)
(58: empty)
(59: accuweather.com)
(60: yahoo.co.jp)
(61: empty)
(62: empty)
(63: empty)
(64: empty)
(65: empty)
(66: alibaba.com)
(67: empty)
(68: empty)
(69: empty)
(70: yahoo.co.jp)
(71: empty)
(72: empty)
(73: bilibili.com)
(74: empty)
(75: empty)
(76: google.co.in)
(77: google.co.uk)
(78: bbc.co.uk)
(79: google.de)
(80: empty)
(81: qq.com)
(82: google.co.uk)
(83: linkedin.com)
(84: empty)
(85: qq.com)
(86: empty)
(87: blogger.com)
(88: empty)
(89: google.de)
(90: empty)
(91: googleadservices.com)
(92: empty)
(93: empty)
(94: google.co.kr)
(95: empty)
(0: wikipedia.org)
(1: google.com.br)
(2: coccoc.com)
(3: twitch.tv)
(4: jd.com)
(5: ok.ru)
(6: bilibili.com)
(7: empty)
(8: sohu.com)
(9: tianya.cn)
(10: empty)
(11: google.co.kr)
(12: yandex.ru)
(13: weibo.com)
(14: chinadaily.com.cn)
(15: google.it)
(16: bbc.co.uk)
(17: googleusercontent.com)
(18: hao123.com)
(19: t.co)
(20: tianya.cn)
(21: empty)
(22: twitter.com)
(23: empty)
(24: rakuten.co.jp)
(25: empty)
(26: empty)
(27: 163.com)
(28: empty)
(29: empty)
(30: baidu.com)
(31: empty)
(32: craigslist.org)
(33: google.com.au)
(34: google.de)
(35: amazon.co.uk)
(36: baidu.com)
(37: empty)
(38: empty)
(39: t.co)
(40: empty)
(41: zhihu.com)
(42: craigslist.org)
(43: yahoo.com)
(44: alipay.com)
(45: ebay.com)
(46: accuweather.com)
(47: empty)
(48: empty)
(49: twitch.tv)
(50: empty)
(51: empty)
(52: empty)
(53: empty)
(54: empty)
(55: empty)
(56: empty)
(57: empty)
(58: empty)
(59: accuweather.com)
(60: yahoo.co.jp)
(61: empty)
(62: empty)
(63: empty)
(64: aliexpress.com)
(65: empty)
(66: alibaba.com)
(67: empty)
(68: empty)
(69: empty)
(70: yahoo.co.jp)
(71: empty)
(72: empty)
(73: bilibili.com)
(74: empty)
(75: empty)
(76: google.co.in)
(77: google.co.uk)
(78: bbc.co.uk)
(79: google.de)
(80: empty)
(81: qq.com)
(82: google.co.uk)
(83: linkedin.com)
(84: empty)
(85: qq.com)
(86: empty)
(87: blogger.com)
(88: empty)
(89: google.de)
(90: empty)
(91: googleadservices.com)
(92: empty)
(93: empty)
(94: google.co.kr)
(95: empty)
(0: wikipedia.org)
(1: google.com.br)
(2: coccoc.com)
(3: twitch.tv)
(4: jd.com)
(5: ok.ru)
(6: bilibili.com)
(7: empty)
(8: sohu.com)
(9: tianya.cn)
(10: empty)
(11: google.co.kr)
(12: yandex.ru)
(13: weibo.com)
(14: chinadaily.com.cn)
(15: google.it)
(16: bbc.co.uk)
(17: googleusercontent.com)
(18: hao123.com)
(19: t.co)
(20: tianya.cn)
(21: empty)
(22: twitter.com)
(23: empty)
(24: rakuten.co.jp)
(25: empty)
(26: empty)
(27: 163.com)
(28: empty)
(29: empty)
(30: baidu.com)
(31: empty)
(32: craigslist.org)
(33: google.com.au)
(34: google.de)
(35: amazon.co.uk)
(36: baidu.com)
(37: empty)
(38: empty)
(39: t.co)
(40: empty)
(41: zhihu.com)
(42: craigslist.org)
(43: yahoo.com)
(44: alipay.com)
(45: ebay.com)
(46: accuweather.com)
(47: empty)
(48: empty)
(49: twitch.tv)
(50: empty)
(51: empty)
(52: empty)
(53: empty)
(54: empty)
(55: empty)
(56: empty)
(57: empty)
(58: empty)
(59: accuweather.com)
(60: yahoo.co.jp)
(61: empty)
(62: empty)
(63: empty)
(64: aliexpress.com)
(65: empty)
(66: alibaba.com)
(67: empty)
(68: empty)
(69: empty)
(70: yahoo.co.jp)
(71: empty)
(72: empty)
(73: bilibili.com)
(74: empty)
(75: empty)
(76: google.co.in)
(77: google.co.uk)
(78: bbc.co.uk)
(79: google.de)
(80: empty)
(81: qq.com)
(82: google.co.uk)
(83: linkedin.com)
(84: empty)
(85: qq.com)
(86: empty)
(87: blogger.com)
(88: empty)
(89: google.de)
(90: empty)
(91: googleadservices.com)
(92: empty)
(93: empty)
(94: google.co.kr)
(95: googleusercontent.com)
(96: google.co.th)
(97: empty)
(0: wikipedia.org)
(1: google.com.br)
(2: coccoc.com)
(3: twitch.tv)
(4: jd.com)
(5: ok.ru)
(6: bilibili.com)
(7: empty)
(8: sohu.com)
(9: tianya.cn)
(10: empty)
(11: google.co.kr)
(12: yandex.ru)
(13: weibo.com)
(14: chinadaily.com.cn)
(15: google.it)
(16: bbc.co.uk)
(17: googleusercontent.com)
(18: hao123.com)
(19: t.co)
(20: tianya.cn)
(21: empty)
(22: twitter.com)
(23: empty)
(24: rakuten.co.jp)
(25: empty)
(26: empty)
(27: 163.com)
(28: empty)
(29: empty)
(30: baidu.com)
(31: empty)
(32: craigslist.org)
(33: google.com.au)
(34: google.de)
(35: amazon.co.uk)
(36: baidu.com)
(37: empty)
(38: empty)
(39: t.co)
(40: empty)
(41: zhihu.com)
(42: craigslist.org)
(43: yahoo.com)
(44: alipay.com)
(45: ebay.com)
(46: accuweather.com)
(47: empty)
(48: empty)
(49: twitch.tv)
(50: empty)
(51: empty)
(52: empty)
(53: empty)
(54: empty)
(55: empty)
(56: empty)
(57: empty)
(58: empty)
(59: accuweather.com)
(60: yahoo.co.jp)
(61: empty)
(62: empty)
(63: empty)
(64: aliexpress.com)
(65: empty)
(66: alibaba.com)
(67: empty)
(68: empty)
(69: empty)
(70: yahoo.co.jp)
(71: empty)
(72: empty)
(73: bilibili.com)
(74: empty)
(75: empty)
(76: google.co.in)
(77: google.co.uk)
(78: bbc.co.uk)
(79: google.de)
(80: empty)
(81: qq.com)
(82: google.co.uk)
(83: linkedin.com)
(84: empty)
(85: qq.com)
(86: empty)
(87: blogger.com)
(88: empty)
(89: google.de)
(90: empty)
(91: googleadservices.com)
(92: empty)
(93: empty)
(94: google.co.kr)
(95: googleusercontent.com)
(96: google.co.th)
(97: googleusercontent.com)
(98: empty)
(0: wikipedia.org)
(1: google.com.br)
(2: coccoc.com)
(3: twitch.tv)
(4: jd.com)
(5: ok.ru)
(6: bilibili.com)
(7: empty)
(8: sohu.com)
(9: tianya.cn)
(10: empty)
(11: google.co.kr)
(12: yandex.ru)
(13: weibo.com)
(14: chinadaily.com.cn)
(15: google.it)
(16: bbc.co.uk)
(17: googleusercontent.com)
(18: hao123.com)
(19: t.co)
(20: tianya.cn)
(21: empty)
(22: twitter.com)
(23: empty)
(24: rakuten.co.jp)
(25: empty)
(26: empty)
(27: 163.com)
(28: empty)
(29: empty)
(30: baidu.com)
(31: empty)
(32: craigslist.org)
(33: google.com.au)
(34: google.de)
(35: amazon.co.uk)
(36: baidu.com)
(37: empty)
(38: empty)
(39: t.co)
(40: empty)
(41: zhihu.com)
(42: craigslist.org)
(43: yahoo.com)
(44: alipay.com)
(45: ebay.com)
(46: accuweather.com)
(47: empty)
(48: empty)
(49: twitch.tv)
(50: empty)
(51: empty)
(52: empty)
(53: empty)
(54: empty)
(55: empty)
(56: empty)
(57: empty)
(58: empty)
(59: accuweather.com)
(60: yahoo.co.jp)
(61: empty)
(62: empty)
(63: empty)
(64: go.com)
(65: empty)
(66: alibaba.com)
(67: empty)
(68: empty)
(69: empty)
(70: yahoo.co.jp)
(71: empty)
(72: empty)
(73: bilibili.com)
(74: empty)
(75: empty)
(76: google.co.in)
(77: google.co.uk)
(78: bbc.co.uk)
(79: google.de)
(80: empty)
(81: qq.com)
(82: google.co.uk)
(83: linkedin.com)
(84: empty)
(85: qq.com)
(86: empty)
(87: blogger.com)
(88: empty)
(89: google.de)
(90: empty)
(91: googleadservices.com)
(92: empty)
(93: empty)
(94: google.co.kr)
(95: googleusercontent.com)
(96: google.co.th)
(97: googleusercontent.com)
(98: empty)
(99: empty)
(100: empty)
(101: empty)
(0: wikipedia.org)
(1: google.com.br)
(2: coccoc.com)
(3: twitch.tv)
(4: jd.com)
(5: ok.ru)
(6: bilibili.com)
(7: empty)
(8: sohu.com)
(9: tianya.cn)
(10: empty)
(11: google.co.kr)
(12: yandex.ru)
(13: weibo.com)
(14: chinadaily.com.cn)
(15: google.it)
(16: bbc.co.uk)
(17: googleusercontent.com)
(18: hao123.com)
(19: t.co)
(20: tianya.cn)
(21: empty)
(22: twitter.com)
(23: empty)
(24: rakuten.co.jp)
(25: empty)
(26: empty)
(27: 163.com)
(28: empty)
(29: empty)
(30: baidu.com)
(31: empty)
(32: craigslist.org)
(33: google.com.au)
(34: google.de)
(35: amazon.co.uk)
(36: baidu.com)
(37: empty)
(38: empty)
(39: t.co)
(40: empty)
(41: zhihu.com)
(42: craigslist.org)
(43: yahoo.com)
(44: alipay.com)
(45: ebay.com)
(46: accuweather.com)
(47: empty)
(48: empty)
(49: twitch.tv)
(50: empty)
(51: empty)
(52: empty)
(53: empty)
(54: empty)
(55: empty)
(56: empty)
(57: empty)
(58: empty)
(59: accuweather.com)
(60: yahoo.co.jp)
(61: empty)
(62: empty)
(63: empty)
(64: go.com)
(65: empty)
(66: alibaba.com)
(67: empty)
(68: empty)
(69: empty)
(70: yahoo.co.jp)
(71: empty)
(72: empty)
(73: twitter.com)
(74: empty)
(75: empty)
(76: google.co.in)
(77: google.co.uk)
(78: bbc.co.uk)
(79: google.de)
(80: empty)
(81: qq.com)
(82: google.co.uk)
(83: linkedin.com)
(84: empty)
(85: qq.com)
(86: empty)
(87: blogger.com)
(88: empty)
(89: google.de)
(90: empty)
(91: googleadservices.com)
(92: empty)
(93: empty)
(94: google.co.kr)
(95: googleusercontent.com)
(96: google.co.th)
(97: googleusercontent.com)
(98: empty)
(99: empty)
(100: empty)
(0: wikipedia.org)
(1: google.com.br)
(2: coccoc.com)
(3: twitch.tv)
(4: microsoftonline.com)
(5: ok.ru)
(6: bilibili.com)
(7: empty)
(8: sohu.com)
(9: tianya.cn)
(10: empty)
(11: google.co.kr)
(12: yandex.ru)
(13: weibo.com)
(14: chinadaily.com.cn)
(15: google.it)
(16: bbc.co.uk)
(17: googleusercontent.com)
(18: hao123.com)
(19: t.co)
(20: tianya.cn)
(21: empty)
(22: twitter.com)
(23: empty)
(24: rakuten.co.jp)
(25: empty)
(26: empty)
(27: 163.com)
(28: empty)
(29: empty)
(30: baidu.com)
(31: empty)
(32: craigslist.org)
(33: google.com.au)
(34: google.de)
(35: amazon.co.uk)
(36: baidu.com)
(37: empty)
(38: empty)
(39: t.co)
(40: empty)
(41: zhihu.com)
(42: craigslist.org)
(43: yahoo.com)
(44: alipay.com)
(45: ebay.com)
(46: accuweather.com)
(47: empty)
(48: empty)
(49: twitch.tv)
(50: empty)
(51: empty)
(52: empty)
(53: empty)
(54: empty)
(55: empty)
(56: empty)
(57: empty)
(58: empty)
(59: accuweather.com)
(60: yahoo.co.jp)
(61: empty)
(62: empty)
(63: empty)
(64: go.com)
(65: empty)
(66: alibaba.com)
(67: empty)
(68: empty)
(69: empty)
(70: yahoo.co.jp)
(71: empty)
(72: empty)
(73: twitter.com)
(74: empty)
(75: empty)
(76: google.co.in)
(77: google.co.uk)
(78: bbc.co.uk)
(79: google.de)
(80: empty)
(81: qq.com)
(82: google.co.uk)
(83: linkedin.com)
(84: empty)
(85: qq.com)
(86: empty)
(87: blogger.com)
(88: empty)
(89: google.de)
(90: empty)
(91: googleadservices.com)
(92: empty)
(93: empty)
(94: google.co.kr)
(95: googleusercontent.com)
(96: wikia.com)
(97: googleusercontent.com)
(98: empty)
(99: empty)
(100: empty)
(101: booking.com)
(0: wikipedia.org)
(1: google.com.br)
(2: coccoc.com)
(3: twitch.tv)
(4: xinhuanet.com)
(5: ok.ru)
(6: bilibili.com)
(7: empty)
(8: sohu.com)
(9: tianya.cn)
(10: empty)
(11: google.co.kr)
(12: yandex.ru)
(13: weibo.com)
(14: chinadaily.com.cn)
(15: google.it)
(16: bbc.co.uk)
(17: googleusercontent.com)
(18: hao123.com)
(19: t.co)
(20: tianya.cn)
(21: empty)
(22: twitter.com)
(23: empty)
(24: rakuten.co.jp)
(25: empty)
(26: empty)
(27: 163.com)
(28: empty)
(29: empty)
(30: microsoft.com)
(31: empty)
(32: craigslist.org)
(33: google.com.au)
(34: google.de)
(35: amazon.co.uk)
(36: baidu.com)
(37: empty)
(38: empty)
(39: t.co)
(40: empty)
(41: zhihu.com)
(42: craigslist.org)
(43: yahoo.com)
(44: alipay.com)
(45: ebay.com)
(46: accuweather.com)
(47: empty)
(48: empty)
(49: twitch.tv)
(50: empty)
(51: empty)
(52: empty)
(53: empty)
(54: empty)
(55: empty)
(56: empty)
(57: empty)
(58: empty)
(59: accuweather.com)
(60: yahoo.co.jp)
(61: empty)
(62: empty)
(63: empty)
(64: go.com)
(65: empty)
(66: alibaba.com)
(67: empty)
(68: empty)
(69: empty)
(70: yahoo.co.jp)
(71: empty)
(72: empty)
(73: twitter.com)
(74: empty)
(75: empty)
(76: google.co.in)
(77: google.co.uk)
(78: bbc.co.uk)
(79: google.de)
(80: empty)
(81: qq.com)
(82: google.co.uk)
(83: linkedin.com)
(84: empty)
(85: qq.com)
(86: empty)
(87: blogger.com)
(88: empty)
(89: google.de)
(90: empty)
(91: googleadservices.com)
(92: empty)
(93: empty)
(94: google.co.kr)
(95: googleusercontent.com)
(96: wikia.com)
(97: googleusercontent.com)
(98: empty)
(99: empty)
(100: empty)
(101: empty)
(102: yahoo.co.jp)
(103: empty)
(104: empty)
(0: wikipedia.org)
(1: google.com.br)
(2: coccoc.com)
(3: twitch.tv)
(4: xinhuanet.com)
(5: ok.ru)
(6: bilibili.com)
(7: empty)
(8: sohu.com)
(9: tianya.cn)
(10: empty)
(11: google.co.kr)
(12: yandex.ru)
(13: weibo.com)
(14: chinadaily.com.cn)
(15: google.it)
(16: bbc.co.uk)
(17: googleusercontent.com)
(18: hao123.com)
(19: t.co)
(20: tianya.cn)
(21: empty)
(22: twitter.com)
(23: empty)
(24: rakuten.co.jp)
(25: empty)
(26: empty)
(27: 163.com)
(28: empty)
(29: empty)
(30: microsoft.com)
(31: empty)
(32: craigslist.org)
(33: google.com.au)
(34: google.de)
(35: amazon.co.uk)
(36: baidu.com)
(37: empty)
(38: empty)
(39: t.co)
(40: empty)
(41: zhihu.com)
(42: craigslist.org)
(43: yahoo.com)
(44: alipay.com)
(45: ebay.com)
(46: accuweather.com)
(47: empty)
(48: empty)
(49: twitch.tv)
(50: empty)
(51: empty)
(52: empty)
(53: empty)
(54: empty)
(55: empty)
(56: empty)
(57: empty)
(58: empty)
(59: accuweather.com)
(60: yahoo.co.jp)
(61: empty)
(62: empty)
(63: empty)
(64: go.com)
(65: empty)
(66: alibaba.com)
(67: empty)
(68: empty)
(69: empty)
(70: yahoo.co.jp)
(71: empty)
(72: empty)
(73: twitter.com)
(74: empty)
(75: empty)
(76: google.co.in)
(77: google.co.uk)
(78: bbc.co.uk)
(79: google.de)
(80: empty)
(81: qq.com)
(82: google.co.uk)
(83: linkedin.com)
(84: empty)
(85: qq.com)
(86: empty)
(87: blogger.com)
(88: empty)
(89: google.de)
(90: empty)
(91: googleadservices.com)
(92: empty)
(93: empty)
(94: google.co.kr)
(95: googleusercontent.com)
(96: wikia.com)
(97: googleusercontent.com)
(98: empty)
(99: empty)
(100: empty)
(101: empty)
(102: yahoo.co.jp)
(103: empty)
(104: empty)
(105: alipay.com)
(106: nicovideo.jp)
(0: wikipedia.org)
(1: google.com.br)
(2: coccoc.com)
(3: twitch.tv)
(4: xinhuanet.com)
(5: ok.ru)
(6: bilibili.com)
(7: empty)
(8: sohu.com)
(9: tianya.cn)
(10: empty)
(11: google.co.kr)
(12: yandex.ru)
(13: weibo.com)
(14: chinadaily.com.cn)
(15: google.it)
(16: bbc.co.uk)
(17: googleusercontent.com)
(18: hao123.com)
(19: t.co)
(20: tianya.cn)
(21: empty)
(22: twitter.com)
(23: empty)
(24: rakuten.co.jp)
(25: empty)
(26: empty)
(27: 163.com)
(28: empty)
(29: empty)
(30: microsoft.com)
(31: empty)
(32: craigslist.org)
(33: google.com.au)
(34: google.de)
(35: amazon.co.uk)
(36: baidu.com)
(37: empty)
(38: empty)
(39: t.co)
(40: empty)
(41: zhihu.com)
(42: craigslist.org)
(43: yahoo.com)
(44: alipay.com)
(45: ebay.com)
(46: accuweather.com)
(47: empty)
(48: empty)
(49: twitch.tv)
(50: empty)
(51: empty)
(52: empty)
(53: empty)
(54: empty)
(55: empty)
(56: empty)
(57: empty)
(58: empty)
(59: accuweather.com)
(60: yahoo.co.jp)
(61: empty)
(62: empty)
(63: empty)
(64: go.com)
(65: empty)
(66: alibaba.com)
(67: empty)
(68: empty)
(69: empty)
(70: yahoo.co.jp)
(71: empty)
(72: empty)
(73: twitter.com)
(74: empty)
(75: empty)
(76: google.co.in)
(77: google.co.uk)
(78: bbc.co.uk)
(79: google.de)
(80: empty)
(81: qq.com)
(82: google.co.uk)
(83: linkedin.com)
(84: empty)
(85: qq.com)
(86: empty)
(87: blogger.com)
(88: empty)
(89: google.de)
(90: empty)
(91: googleadservices.com)
(92: empty)
(93: empty)
(94: google.co.kr)
(95: googleusercontent.com)
(96: wikia.com)
(97: googleusercontent.com)
(98: empty)
(99: booking.com)
(100: empty)
(101: empty)
(102: yahoo.co.jp)
(103: empty)
(104: empty)
(105: alipay.com)
(0: linkedin.com)
(1: google.com.br)
(2: coccoc.com)
(3: twitch.tv)
(4: xinhuanet.com)
(5: ok.ru)
(6: bilibili.com)
(7: empty)
(8: sohu.com)
(9: tianya.cn)
(10: empty)
(11: google.co.kr)
(12: yandex.ru)
(13: weibo.com)
(14: chinadaily.com.cn)
(15: google.it)
(16: bbc.co.uk)
(17: googleusercontent.com)
(18: hao123.com)
(19: t.co)
(20: tianya.cn)
(21: empty)
(22: twitter.com)
(23: empty)
(24: rakuten.co.jp)
(25: empty)
(26: empty)
(27: 163.com)
(28: empty)
(29: empty)
(30: microsoft.com)
(31: empty)
(32: craigslist.org)
(33: google.com.au)
(34: google.de)
(35: amazon.co.uk)
(36: baidu.com)
(37: empty)
(38: empty)
(39: t.co)
(40: empty)
(41: zhihu.com)
(42: craigslist.org)
(43: yahoo.com)
(44: alipay.com)
(45: ebay.com)
(46: accuweather.com)
(47: empty)
(48: empty)
(49: twitch.tv)
(50: empty)
(51: empty)
(52: empty)
(53: empty)
(54: empty)
(55: empty)
(56: empty)
(57: empty)
(58: empty)
(59: accuweather.com)
(60: yahoo.co.jp)
(61: empty)
(62: empty)
(63: empty)
(64: go.com)
(65: empty)
(66: alibaba.com)
(67: empty)
(68: empty)
(69: empty)
(70: yahoo.co.jp)
(71: empty)
(72: empty)
(73: twitter.com)
(74: empty)
(75: empty)
(76: google.co.in)
(77: google.co.uk)
(78: bbc.co.uk)
(79: google.de)
(80: empty)
(81: qq.com)
(82: google.co.uk)
(83: linkedin.com)
(84: empty)
(85: qq.com)
(86: empty)
(87: blogger.com)
(88: empty)
(89: google.de)
(90: empty)
(91: googleadservices.com)
(92: empty)
(93: empty)
(94: google.co.kr)
(95: googleusercontent.com)
(96: wikia.com)
(97: googleusercontent.com)
(98: empty)
(99: booking.com)
(100: empty)
(101: empty)
(102: yahoo.co.jp)
(103: empty)
(104: empty)
(105: alipay.com)
(0: linkedin.com)
(1: google.com.br)
(2: coccoc.com)
(3: twitch.tv)
(4: xinhuanet.com)
(5: ok.ru)
(6: wikia.com)
(7: empty)
(8: sohu.com)
(9: tianya.cn)
(10: empty)
(11: google.co.kr)
(12: yandex.ru)
(13: weibo.com)
(14: chinadaily.com.cn)
(15: google.it)
(16: bbc.co.uk)
(17: googleusercontent.com)
(18: hao123.com)
(19: t.co)
(20: tianya.cn)
(21: empty)
(22: twitter.com)
(23: empty)
(24: rakuten.co.jp)
(25: empty)
(26: empty)
(27: 163.com)
(28: empty)
(29: empty)
(30: microsoft.com)
(31: empty)
(32: craigslist.org)
(33: google.com.au)
(34: google.de)
(35: amazon.co.uk)
(36: baidu.com)
(37: empty)
(38: empty)
(39: t.co)
(40: empty)
(41: zhihu.com)
(42: craigslist.org)
(43: yahoo.com)
(44: alipay.com)
(45: ebay.com)
(46: accuweather.com)
(47: empty)
(48: empty)
(49: twitch.tv)
(50: empty)
(51: empty)
(52: empty)
(53: empty)
(54: empty)
(55: empty)
(56: empty)
(57: empty)
(58: empty)
(59: accuweather.com)
(60: yahoo.co.jp)
(61: empty)
(62: empty)
(63: empty)
(64: go.com)
(65: empty)
(66: alibaba.com)
(67: empty)
(68: empty)
(69: empty)
(70: chinadaily.com.cn)
(71: empty)
(72: empty)
(73: twitter.com)
(74: empty)
(75: empty)
(76: google.co.in)
(77: google.co.uk)
(78: bbc.co.uk)
(79: google.de)
(80: empty)
(81: qq.com)
(82: google.co.uk)
(83: linkedin.com)
(84: empty)
(85: qq.com)
(86: empty)
(87: blogger.com)
(88: empty)
(89: google.de)
(90: empty)
(91: googleadservices.com)
(92: empty)
(93: empty)
(94: google.co.kr)
(95: googleusercontent.com)
(96: wikia.com)
(97: googleusercontent.com)
(98: google.es)
(99: booking.com)
(100: empty)
(101: empty)
(102: yahoo.co.jp)
(103: empty)
(104: empty)
(105: alipay.com)
(0: linkedin.com)
(1: google.com.br)
(2: coccoc.com)
(3: twitch.tv)
(4: xinhuanet.com)
(5: ok.ru)
(6: xinhuanet.com)
(7: empty)
(8: sohu.com)
(9: tianya.cn)
(10: empty)
(11: google.co.kr)
(12: yandex.ru)
(13: weibo.com)
(14: chinadaily.com.cn)
(15: google.it)
(16: bbc.co.uk)
(17: googleusercontent.com)
(18: hao123.com)
(19: t.co)
(20: tianya.cn)
(21: empty)
(22: twitter.com)
(23: empty)
(24: rakuten.co.jp)
(25: empty)
(26: empty)
(27: 163.com)
(28: empty)
(29: empty)
(30: microsoft.com)
(31: empty)
(32: craigslist.org)
(33: google.com.au)
(34: google.de)
(35: amazon.co.uk)
(36: baidu.com)
(37: empty)
(38: empty)
(39: t.co)
(40: empty)
(41: zhihu.com)
(42: craigslist.org)
(43: yahoo.com)
(44: alipay.com)
(45: ebay.com)
(46: accuweather.com)
(47: empty)
(48: empty)
(49: twitch.tv)
(50: empty)
(51: empty)
(52: empty)
(53: empty)
(54: empty)
(55: empty)
(56: empty)
(57: empty)
(58: empty)
(59: accuweather.com)
(60: yahoo.co.jp)
(61: empty)
(62: bbc.co.uk)
(63: empty)
(64: go.com)
(65: empty)
(66: alibaba.com)
(67: empty)
(68: empty)
(69: empty)
(70: chinadaily.com.cn)
(71: empty)
(72: empty)
(73: twitter.com)
(74: empty)
(75: empty)
(76: google.co.in)
(77: google.co.uk)
(78: bbc.co.uk)
(79: google.de)
(80: empty)
(81: qq.com)
(82: google.co.uk)
(83: linkedin.com)
(84: empty)
(85: qq.com)
(86: empty)
(87: blogger.com)
(88: empty)
(89: google.de)
(90: empty)
(91: googleadservices.com)
(92: empty)
(93: empty)
(94: google.co.kr)
(95: googleusercontent.com)
(96: wikia.com)
(97: googleusercontent.com)
(98: google.es)
(99: booking.com)
(100: empty)
(101: empty)
(102: yahoo.co.jp)
(103: empty)
(104: empty)
(105: empty)
(0: linkedin.com)
(1: google.com.br)
(2: coccoc.com)
(3: twitch.tv)
(4: xinhuanet.com)
(5: ok.ru)
(6: xinhuanet.com)
(7: empty)
(8: sohu.com)
(9: tianya.cn)
(10: empty)
(11: google.co.kr)
(12: yandex.ru)
(13: weibo.com)
(14: chinadaily.com.cn)
(15: google.it)
(16: bbc.co.uk)
(17: googleusercontent.com)
(18: hao123.com)
(19: t.co)
(20: tianya.cn)
(21: empty)
(22: twitter.com)
(23: empty)
(24: rakuten.co.jp)
(25: empty)
(26: empty)
(27: 163.com)
(28: empty)
(29: empty)
(30: microsoft.com)
(31: empty)
(32: craigslist.org)
(33: google.com.au)
(34: google.de)
(35: amazon.co.uk)
(36: baidu.com)
(37: empty)
(38: empty)
(39: t.co)
(40: empty)
(41: zhihu.com)
(42: craigslist.org)
(43: yahoo.com)
(44: alipay.com)
(45: ebay.com)
(46: accuweather.com)
(47: empty)
(48: empty)
(49: twitch.tv)
(50: empty)
(51: empty)
(52: empty)
(53: empty)
(54: empty)
(55: empty)
(56: empty)
(57: empty)
(58: empty)
(59: accuweather.com)
(60: yahoo.co.jp)
(61: empty)
(62: bbc.co.uk)
(63: empty)
(64: go.com)
(65: empty)
(66: alibaba.com)
(67: empty)
(68: empty)
(69: empty)
(70: chinadaily.com.cn)
(71: empty)
(72: empty)
(73: twitter.com)
(74: empty)
(75: empty)
(76: google.co.in)
(77: google.co.uk)
(78: bbc.co.uk)
(79: google.de)
(80: empty)
(81: qq.com)
(82: google.co.uk)
(83: linkedin.com)
(84: empty)
(85: qq.com)
(86: empty)
(87: blogger.com)
(88: empty)
(89: google.de)
(90: empty)
(91: googleadservices.com)
(92: empty)
(93: empty)
(94: google.co.kr)
(95: googleusercontent.com)
(96: wikia.com)
(97: googleusercontent.com)
(98: google.es)
(99: booking.com)
(100: empty)
(101: empty)
(102: yahoo.co.jp)
(103: empty)
(104: empty)
(105: empty)
(0: linkedin.com)
(1: google.com.br)
(2: coccoc.com)
(3: twitch.tv)
(4: xinhuanet.com)
(5: ok.ru)
(6: xinhuanet.com)
(7: empty)
(8: sohu.com)
(9: tianya.cn)
(10: empty)
(11: google.co.kr)
(12: yandex.ru)
(13: weibo.com)
(14: chinadaily.com.cn)
(15: google.it)
(16: bbc.co.uk)
(17: googleusercontent.com)
(18: hao123.com)
(19: t.co)
(20: tianya.cn)
(21: empty)
(22: twitter.com)
(23: empty)
(24: rakuten.co.jp)
(25: empty)
(26: empty)
(27: 163.com)
(28: empty)
(29: empty)
(30: microsoft.com)
(31: empty)
(32: craigslist.org)
(33: google.com.au)
(34: google.de)
(35: amazon.co.uk)
(36: baidu.com)
(37: empty)
(38: empty)
(39: t.co)
(40: empty)
(41: zhihu.com)
(42: craigslist.org)
(43: yahoo.com)
(44: alipay.com)
(45: ebay.com)
(46: accuweather.com)
(47: empty)
(48: empty)
(49: twitch.tv)
(50: empty)
(51: empty)
(52: empty)
(53: empty)
(54: empty)
(55: empty)
(56: empty)
(57: empty)
(58: empty)
(59: accuweather.com)
(60: yahoo.co.jp)
(61: empty)
(62: bbc.co.uk)
(63: empty)
(64: go.com)
(65: empty)
(66: alibaba.com)
(67: empty)
(68: empty)
(69: empty)
(70: chinadaily.com.cn)
(71: empty)
(72: empty)
(73: twitter.com)
(74: empty)
(75: empty)
(76: google.co.in)
(77: google.co.uk)
(78: bbc.co.uk)
(79: google.de)
(80: empty)
(81: qq.com)
(82: google.co.uk)
(83: linkedin.com)
(84: empty)
(85: qq.com)
(86: empty)
(87: blogger.com)
(88: empty)
(89: google.de)
(90: empty)
(91: googleadservices.com)
(92: empty)
(93: empty)
(94: google.co.kr)
(95: googleusercontent.com)
(96: wikia.com)
(97: googleusercontent.com)
(98: google.es)
(99: booking.com)
(100: empty)
(101: empty)
(102: yahoo.co.jp)
(103: empty)
(104: empty)
(105: amazon.co.uk)
(106: empty)
(0: linkedin.com)
(1: google.com.br)
(2: coccoc.com)
(3: twitch.tv)
(4: xinhuanet.com)
(5: ok.ru)
(6: xinhuanet.com)
(7: empty)
(8: sohu.com)
(9: tianya.cn)
(10: empty)
(11: google.co.kr)
(12: yandex.ru)
(13: weibo.com)
(14: chinadaily.com.cn)
(15: google.it)
(16: bbc.co.uk)
(17: googleusercontent.com)
(18: hao123.com)
(19: t.co)
(20: tianya.cn)
(21: empty)
(22: twitter.com)
(23: empty)
(24: rakuten.co.jp)
(25: empty)
(26: empty)
(27: 163.com)
(28: empty)
(29: empty)
(30: microsoft.com)
(31: empty)
(32: craigslist.org)
(33: google.com.au)
(34: google.de)
(35: amazon.co.uk)
(36: baidu.com)
(37: empty)
(38: empty)
(39: t.co)
(40: empty)
(41: zhihu.com)
(42: craigslist.org)
(43: yahoo.com)
(44: alipay.com)
(45: ebay.com)
(46: accuweather.com)
(47: empty)
(48: empty)
(49: twitch.tv)
(50: empty)
(51: empty)
(52: empty)
(53: empty)
(54: empty)
(55: empty)
(56: empty)
(57: empty)
(58: empty)
(59: accuweather.com)
(60: yahoo.co.jp)
(61: empty)
(62: bbc.co.uk)
(63: empty)
(64: go.com)
(65: empty)
(66: alibaba.com)
(67: empty)
(68: empty)
(69: empty)
(70: chinadaily.com.cn)
(71: empty)
(72: twitch.tv)
(73: twitter.com)
(74: empty)
(75: empty)
(76: google.co.in)
(77: google.co.uk)
(78: bbc.co.uk)
(79: google.de)
(80: empty)
(81: qq.com)
(82: google.co.uk)
(83: linkedin.com)
(84: empty)
(85: qq.com)
(86: empty)
(87: blogger.com)
(88: empty)
(89: google.de)
(90: empty)
(91: googleadservices.com)
(92: empty)
(93: empty)
(94: google.co.kr)
(95: googleusercontent.com)
(96: wikia.com)
(97: googleusercontent.com)
(98: google.es)
(99: booking.com)
(100: empty)
(101: empty)
(102: yahoo.co.jp)
(103: fc2.com)
(104: empty)
(105: amazon.co.uk)
