[0 - "answers.yahoo.com-(0)" : 65794731]
[1 - "answers.yahoo.com-(1)" : 57930547]
[2 - "answers.yahoo.com-(2)" : 8122781]
[3 - "answers.yahoo.com-(3)" : 63173136]
[4 - "answers.yahoo.com-(4)" : 254697]
[5 - "answers.yahoo.com-(5)" : 55304197]
[6 - "answers.yahoo.com-(6)" : 26468742]
[7 - "answers.yahoo.com-(7)" : 39576349]
[8 - "answers.yahoo.com-(8)" : 81519719]
[9 - "answers.yahoo.com-(9)" : 73654810]
(0: answers.yahoo.com)
["answers.yahoo.com-(2)" : 8122781/8122781]
