(0: craigslist.org)
(1: empty)
(2: alibaba.com)
(3: soso.com)
(4: empty)
(0: imgur.com)
(1: empty)
(2: alibaba.com)
(3: soso.com)
(0: imgur.com)
(1: empty)
(2: alibaba.com)
(3: soso.com)
(4: empty)
(0: imgur.com)
(1: instagram.com)
(2: alibaba.com)
(3: soso.com)
(4: empty)
(5: google.ca)
(6: yahoo.com)
(7: empty)
(8: github.com)
(0: imgur.com)
(1: instagram.com)
(2: alibaba.com)
(3: soso.com)
(4: empty)
(5: google.ca)
(6: yahoo.com)
(7: outbrain.com)
(0: imgur.com)
(1: instagram.com)
(2: alibaba.com)
(3: soso.com)
(4: empty)
(5: google.ca)
(6: yahoo.com)
(7: outbrain.com)
(8: empty)
(9: empty)
(10: google.it)
(11: naver.com)
(0: imgur.com)
(1: instagram.com)
(2: alibaba.com)
(3: soso.com)
(4: empty)
(5: google.ca)
(6: yahoo.com)
(7: t.co)
(8: empty)
(9: empty)
(10: google.it)
(11: empty)
(0: imgur.com)
(1: instagram.com)
(2: alibaba.com)
(3: soso.com)
(4: empty)
(5: google.ca)
(6: yahoo.com)
(7: t.co)
(8: empty)
(9: empty)
(10: google.it)
(11: empty)
(12: google.com.au)
(0: imgur.com)
(1: instagram.com)
(2: alibaba.com)
(3: soso.com)
(4: empty)
(5: google.ca)
(6: yahoo.com)
(7: t.co)
(8: empty)
(9: empty)
(10: google.it)
(11: empty)
(12: empty)
(13: empty)
(0: imgur.com)
(1: instagram.com)
(2: google.co.kr)
(3: soso.com)
(4: empty)
(5: google.ca)
(6: yahoo.com)
(7: t.co)
(8: empty)
(9: empty)
(10: google.it)
(11: bilibili.com)
(12: empty)
(0: imgur.com)
(1: instagram.com)
(2: google.co.kr)
(3: soso.com)
(4: empty)
(5: google.ca)
(6: yahoo.com)
(7: t.co)
(8: empty)
(9: empty)
(10: google.it)
(11: bilibili.com)
(12: empty)
(13: youku.com)
(14: empty)
(15: empty)
(16: empty)
(0: imgur.com)
(1: instagram.com)
(2: google.co.kr)
(3: soso.com)
(4: empty)
(5: google.ca)
(6: yahoo.com)
(7: t.co)
(8: empty)
(9: empty)
(10: google.it)
(11: bilibili.com)
(12: empty)
(13: youku.com)
(14: empty)
(15: empty)
(16: empty)
(17: rakuten.co.jp)
(18: alibaba.com)
(0: craigslist.org)
(1: instagram.com)
(2: google.co.kr)
(3: soso.com)
(4: empty)
(5: google.ca)
(6: yahoo.com)
(7: t.co)
(8: empty)
(9: empty)
(10: google.it)
(11: bilibili.com)
(12: empty)
(13: youku.com)
(14: empty)
(15: empty)
(16: empty)
(17: rakuten.co.jp)
(18: empty)
(19: empty)
(20: bilibili.com)
(0: craigslist.org)
(1: instagram.com)
(2: google.co.kr)
(3: soso.com)
(4: empty)
(5: google.ca)
(6: yahoo.com)
(7: t.co)
(8: empty)
(9: empty)
(10: google.it)
(11: bilibili.com)
(12: empty)
(13: youku.com)
(14: empty)
(15: empty)
(16: empty)
(17: rakuten.co.jp)
(18: empty)
(19: empty)
(20: xinhuanet.com)
(0: blogger.com)
(1: instagram.com)
(2: google.co.kr)
(3: soso.com)
(4: empty)
(5: google.ca)
(6: yahoo.com)
(7: t.co)
(8: empty)
(9: empty)
(10: google.it)
(11: bilibili.com)
(12: empty)
(13: youku.com)
(14: empty)
(15: empty)
(16: empty)
(17: rakuten.co.jp)
(18: empty)
(19: empty)
(20: xinhuanet.com)
(0: google.com.au)
(1: instagram.com)
(2: google.co.id)
(3: soso.com)
(4: empty)
(5: google.ca)
(6: yahoo.com)
(7: t.co)
(8: empty)
(9: empty)
(10: google.it)
(11: bilibili.com)
(12: empty)
(13: youku.com)
(14: empty)
(15: empty)
(16: empty)
(17: rakuten.co.jp)
(18: empty)
(19: empty)
(20: empty)
(0: blogger.com)
(1: instagram.com)
(2: google.co.id)
(3: soso.com)
(4: empty)
(5: google.ca)
(6: yahoo.com)
(7: t.co)
(8: empty)
(9: empty)
(10: google.it)
(11: bilibili.com)
(12: empty)
(13: youku.com)
(14: empty)
(15: empty)
(16: empty)
(17: rakuten.co.jp)
(18: empty)
(19: coccoc.com)
(20: empty)
(0: blogger.com)
(1: instagram.com)
(2: google.co.id)
(3: soso.com)
(4: empty)
(5: google.ca)
(6: yahoo.com)
(7: t.co)
(8: empty)
(9: empty)
(10: google.it)
(11: bilibili.com)
(12: empty)
(13: youku.com)
(14: empty)
(15: empty)
(16: empty)
(17: rakuten.co.jp)
(18: empty)
(19: coccoc.com)
(20: empty)
(21: empty)
(22: empty)
(0: blogger.com)
(1: instagram.com)
(2: google.co.id)
(3: soso.com)
(4: empty)
(5: google.ca)
(6: nicovideo.jp)
(7: t.co)
(8: empty)
(9: empty)
(10: google.it)
(11: bilibili.com)
(12: empty)
(13: youku.com)
(14: empty)
(15: empty)
(16: empty)
(17: rakuten.co.jp)
(18: empty)
(19: coccoc.com)
(20: empty)
(21: empty)
(22: pinterest.com)
(0: blogger.com)
(1: instagram.com)
(2: google.co.id)
(3: soso.com)
(4: empty)
(5: google.ca)
(6: google.de)
(7: t.co)
(8: empty)
(9: empty)
(10: google.it)
(11: bilibili.com)
(12: empty)
(13: youku.com)
(14: empty)
(15: empty)
(16: empty)
(17: rakuten.co.jp)
(18: empty)
(19: coccoc.com)
(20: empty)
(21: empty)
(22: empty)
(0: blogger.com)
(1: instagram.com)
(2: google.co.id)
(3: soso.com)
(4: empty)
(5: google.ca)
(6: dropbox.com)
(7: t.co)
(8: empty)
(9: empty)
(10: google.it)
(11: bilibili.com)
(12: empty)
(13: youku.com)
(14: empty)
(15: empty)
(16: empty)
(17: rakuten.co.jp)
(18: empty)
(19: coccoc.com)
(20: empty)
(21: empty)
(22: empty)
(0: blogger.com)
(1: craigslist.org)
(2: google.co.id)
(3: soso.com)
(4: empty)
(5: google.ca)
(6: dropbox.com)
(7: t.co)
(8: empty)
(9: empty)
(10: google.it)
(11: bilibili.com)
(12: empty)
(13: youku.com)
(14: empty)
(15: empty)
(16: empty)
(17: rakuten.co.jp)
(18: empty)
(19: coccoc.com)
(20: empty)
(21: empty)
(22: empty)
(23: empty)
(24: hao123.com)
(0: blogger.com)
(1: craigslist.org)
(2: google.co.id)
(3: soso.com)
(4: empty)
(5: google.ca)
(6: dropbox.com)
(7: t.co)
(8: empty)
(9: empty)
(10: google.it)
(11: bilibili.com)
(12: empty)
(13: youku.com)
(14: empty)
(15: empty)
(16: empty)
(17: rakuten.co.jp)
(18: empty)
(19: coccoc.com)
(20: empty)
(21: empty)
(22: empty)
(23: empty)
(24: google.co.in)
(25: empty)
(0: blogger.com)
(1: craigslist.org)
(2: google.co.id)
(3: soso.com)
(4: empty)
(5: google.ca)
(6: dropbox.com)
(7: t.co)
(8: empty)
(9: empty)
(10: google.it)
(11: bilibili.com)
(12: empty)
(13: youku.com)
(14: empty)
(15: empty)
(16: empty)
(17: bbc.co.uk)
(18: empty)
(19: coccoc.com)
(20: empty)
(21: empty)
(22: empty)
(23: empty)
(24: google.co.in)
(25: empty)
(26: gmw.cn)
(0: blogger.com)
(1: craigslist.org)
(2: google.co.id)
(3: soso.com)
(4: empty)
(5: google.ca)
(6: dropbox.com)
(7: t.co)
(8: empty)
(9: empty)
(10: google.it)
(11: bilibili.com)
(12: empty)
(13: youku.com)
(14: empty)
(15: empty)
(16: empty)
(17: imgur.com)
(18: empty)
(19: coccoc.com)
(20: empty)
(21: empty)
(22: empty)
(23: empty)
(24: google.co.in)
(25: empty)
(0: blogger.com)
(1: craigslist.org)
(2: google.co.id)
(3: soso.com)
(4: empty)
(5: google.ca)
(6: dropbox.com)
(7: t.co)
(8: yahoo.com)
(9: empty)
(10: google.it)
(11: bilibili.com)
(12: empty)
(13: youku.com)
(14: empty)
(15: empty)
(16: empty)
(17: google.com.br)
(18: empty)
(19: coccoc.com)
(20: empty)
(21: empty)
(22: empty)
(23: empty)
(24: google.co.in)
(0: blogger.com)
(1: craigslist.org)
(2: google.co.id)
(3: soso.com)
(4: empty)
(5: google.ca)
(6: dropbox.com)
(7: t.co)
(8: yahoo.com)
(9: empty)
(10: google.it)
(11: bilibili.com)
(12: empty)
(13: youku.com)
(14: empty)
(15: empty)
(16: empty)
(17: google.de)
(18: empty)
(19: coccoc.com)
(20: empty)
(21: empty)
(22: empty)
(23: empty)
(24: google.co.in)
(25: empty)
(0: blogger.com)
(1: craigslist.org)
(2: google.co.id)
(3: soso.com)
(4: empty)
(5: google.ca)
(6: dropbox.com)
(7: t.co)
(8: yahoo.com)
(9: empty)
(10: google.it)
(11: bilibili.com)
(12: empty)
(13: youku.com)
(14: empty)
(15: empty)
(16: empty)
(17: google.de)
(18: empty)
(19: coccoc.com)
(20: empty)
(21: empty)
(22: empty)
(23: empty)
(24: google.co.in)
(25: empty)
(26: hao123.com)
(0: blogger.com)
(1: craigslist.org)
(2: google.co.id)
(3: soso.com)
(4: empty)
(5: google.ca)
(6: dropbox.com)
(7: t.co)
(8: yahoo.com)
(9: empty)
(10: google.it)
(11: bilibili.com)
(12: empty)
(13: youku.com)
(14: empty)
(15: empty)
(16: empty)
(17: google.de)
(18: empty)
(19: coccoc.com)
(20: empty)
(21: empty)
(22: empty)
(23: empty)
(24: google.co.in)
(25: empty)
(26: yahoo.com)
(27: empty)
(28: reddit.com)
(0: blogger.com)
(1: craigslist.org)
(2: google.co.id)
(3: soso.com)
(4: empty)
(5: google.ca)
(6: dropbox.com)
(7: t.co)
(8: yahoo.com)
(9: empty)
(10: google.it)
(11: bilibili.com)
(12: empty)
(13: youku.com)
(14: empty)
(15: empty)
(16: empty)
(17: google.de)
(18: empty)
(19: coccoc.com)
(20: empty)
(21: empty)
(22: empty)
(23: empty)
(24: hao123.com)
(25: empty)
(26: yahoo.com)
(27: empty)
(28: reddit.com)
(0: blogger.com)
(1: craigslist.org)
(2: google.co.id)
(3: soso.com)
(4: empty)
(5: google.ca)
(6: dropbox.com)
(7: t.co)
(8: yahoo.com)
(9: empty)
(10: google.it)
(11: bilibili.com)
(12: empty)
(13: youku.com)
(14: empty)
(15: booking.com)
(16: empty)
(17: google.de)
(18: chinadaily.com.cn)
(19: coccoc.com)
(20: empty)
(21: empty)
(22: empty)
(23: empty)
(24: hao123.com)
(25: empty)
(26: yahoo.com)
(27: empty)
(28: ebay.com)
(0: blogger.com)
(1: craigslist.org)
(2: google.co.id)
(3: soso.com)
(4: empty)
(5: google.ca)
(6: dropbox.com)
(7: t.co)
(8: yahoo.com)
(9: empty)
(10: google.it)
(11: bilibili.com)
(12: empty)
(13: youku.com)
(14: empty)
(15: booking.com)
(16: empty)
(17: google.de)
(18: chinadaily.com.cn)
(19: coccoc.com)
(20: empty)
(21: empty)
(22: empty)
(23: empty)
(24: hao123.com)
(25: empty)
(26: yahoo.com)
(27: empty)
(28: ebay.com)
(29: bbc.co.uk)
(30: google.es)
(0: blogger.com)
(1: craigslist.org)
(2: google.co.id)
(3: soso.com)
(4: empty)
(5: google.ca)
(6: dropbox.com)
(7: t.co)
(8: yahoo.com)
(9: empty)
(10: google.it)
(11: bilibili.com)
(12: empty)
(13: youku.com)
(14: empty)
(15: booking.com)
(16: empty)
(17: google.de)
(18: chinadaily.com.cn)
(19: coccoc.com)
(20: empty)
(21: empty)
(22: empty)
(23: empty)
(24: hao123.com)
(25: empty)
(26: yahoo.com)
(27: empty)
(28: ebay.com)
(29: bbc.co.uk)
(30: baidu.com)
(0: blogger.com)
(1: craigslist.org)
(2: google.co.id)
(3: soso.com)
(4: empty)
(5: google.ca)
(6: dropbox.com)
(7: t.co)
(8: yahoo.com)
(9: empty)
(10: google.it)
(11: bilibili.com)
(12: empty)
(13: booking.com)
(14: empty)
(15: booking.com)
(16: empty)
(17: google.de)
(18: chinadaily.com.cn)
(19: coccoc.com)
(20: empty)
(21: empty)
(22: empty)
(23: empty)
(24: hao123.com)
(25: empty)
(26: yahoo.com)
(27: empty)
(28: ebay.com)
(0: blogger.com)
(1: craigslist.org)
(2: google.co.id)
(3: soso.com)
(4: empty)
(5: google.ca)
(6: dropbox.com)
(7: t.co)
(8: yahoo.com)
(9: empty)
(10: google.it)
(11: bilibili.com)
(12: empty)
(13: microsoft.com)
(14: empty)
(15: booking.com)
(16: empty)
(17: google.de)
(18: chinadaily.com.cn)
(19: coccoc.com)
(20: empty)
(21: empty)
(22: empty)
(23: empty)
(24: hao123.com)
(25: empty)
(26: yahoo.com)
(27: empty)
(0: blogger.com)
(1: craigslist.org)
(2: google.co.id)
(3: soso.com)
(4: empty)
(5: google.ca)
(6: dropbox.com)
(7: t.co)
(8: yahoo.com)
(9: empty)
(10: google.it)
(11: bilibili.com)
(12: empty)
(13: craigslist.org)
(14: empty)
(15: booking.com)
(16: empty)
(17: google.de)
(18: chinadaily.com.cn)
(19: coccoc.com)
(20: empty)
(21: empty)
(22: empty)
(23: empty)
(24: hao123.com)
(25: empty)
(26: yahoo.com)
(27: empty)
(0: blogger.com)
(1: craigslist.org)
(2: google.co.id)
(3: soso.com)
(4: empty)
(5: google.ca)
(6: dropbox.com)
(7: t.co)
(8: yahoo.com)
(9: empty)
(10: google.it)
(11: bilibili.com)
(12: empty)
(13: craigslist.org)
(14: empty)
(15: booking.com)
(16: empty)
(17: google.de)
(18: chinadaily.com.cn)
(19: coccoc.com)
(20: empty)
(21: empty)
(22: empty)
(23: empty)
(24: hao123.com)
(25: empty)
(26: yahoo.com)
(27: empty)
(28: empty)
(0: blogger.com)
(1: craigslist.org)
(2: zhihu.com)
(3: soso.com)
(4: empty)
(5: google.ca)
(6: dropbox.com)
(7: t.co)
(8: yahoo.com)
(9: empty)
(10: google.it)
(11: bilibili.com)
(12: empty)
(13: craigslist.org)
(14: empty)
(15: booking.com)
(16: empty)
(17: google.de)
(18: chinadaily.com.cn)
(19: coccoc.com)
(20: empty)
(21: empty)
(22: empty)
(23: empty)
(24: hao123.com)
(25: empty)
(26: yahoo.com)
