(0: popads.net)
(1: empty)
(2: cnn.com)
(3: empty)
(0: qq.com)
(1: empty)
(2: cnn.com)
(3: craigslist.org)
(0: googleadservices.com)
(1: empty)
(2: cnn.com)
(3: empty)
(4: empty)
(0: googleadservices.com)
(1: outbrain.com)
(2: linkedin.com)
(3: empty)
(4: booking.com)
(5: google.fr)
(0: googleadservices.com)
(1: outbrain.com)
(2: linkedin.com)
(3: empty)
(4: booking.com)
(5: wikia.com)
(6: empty)
(7: empty)
(8: empty)
(0: googleadservices.com)
(1: weibo.com)
(2: linkedin.com)
(3: empty)
(4: tumblr.com)
(5: ebay.com)
(6: empty)
(7: empty)
(0: googleadservices.com)
(1: weibo.com)
(2: linkedin.com)
(3: empty)
(4: chinadaily.com.cn)
(5: ebay.com)
(6: empty)
(7: empty)
