sina.com.cn
nicovideo.jp
live.com
(0: nicovideo.jp)
(1: live.com)
(2: empty)
(0: nicovideo.jp)
(1: live.com)
(2: empty)
(3: empty)
(4: go.com)
(0: nicovideo.jp)
(1: live.com)
(2: google.es)
(3: empty)
(4: go.com)
(5: chinadaily.com.cn)
(6: empty)
(0: nicovideo.jp)
(1: live.com)
(2: google.es)
(3: empty)
(4: go.com)
(5: chinadaily.com.cn)
office.com
bbc.co.uk
ebay.com
msn.com
(0: nicovideo.jp)
(1: doubleclick.net)
(2: google.es)
(3: empty)
(4: go.com)
(5: bbc.co.uk)
(6: googleweblight.com)
(7: msn.com)
ebay.com
msn.com
googleweblight.com
doubleclick.net
(0: nicovideo.jp)
(1: doubleclick.net)
(2: google.es)
(3: empty)
(4: go.com)
(5: bbc.co.uk)
(6: googleweblight.com)
(7: msn.com)
(8: empty)
(9: empty)
(10: empty)
(0: nicovideo.jp)
(1: doubleclick.net)
(2: google.es)
(3: empty)
(4: go.com)
(5: chinadaily.com.cn)
(6: googleweblight.com)
(7: msn.com)
(8: empty)
(9: empty)
(10: empty)
(0: nicovideo.jp)
(1: doubleclick.net)
(2: google.es)
(3: empty)
(4: go.com)
(5: chinadaily.com.cn)
(6: googleweblight.com)
(7: msn.com)
(8: empty)
(9: empty)
(10: wikia.com)
(11: youtube.com)
google.fr
hao123.com
sohu.com
(0: nicovideo.jp)
(1: doubleclick.net)
(2: google.es)
(3: empty)
(4: go.com)
(5: chinadaily.com.cn)
(6: googleweblight.com)
(7: msn.com)
(8: empty)
(9: netflix.com)
(10: empty)
(11: sohu.com)
(12: empty)
(13: empty)
(14: empty)
apple.com
netflix.com
(0: nicovideo.jp)
(1: doubleclick.net)
(2: google.es)
(3: empty)
(4: go.com)
(5: chinadaily.com.cn)
(6: googleweblight.com)
(7: msn.com)
(8: empty)
(9: netflix.com)
(10: empty)
(11: sohu.com)
(12: empty)
(13: empty)
(14: empty)
(15: empty)
(0: nicovideo.jp)
(1: doubleclick.net)
(2: google.es)
(3: empty)
(4: go.com)
(5: chinadaily.com.cn)
(6: googleweblight.com)
(7: msn.com)
(8: empty)
(9: netflix.com)
(10: empty)
(11: sohu.com)
(12: empty)
(13: empty)
(14: empty)
(15: empty)
(16: empty)
(17: empty)
(0: nicovideo.jp)
(1: doubleclick.net)
(2: google.es)
(3: empty)
(4: accuweather.com)
(5: chinadaily.com.cn)
(6: googleweblight.com)
(7: msn.com)
(8: empty)
(9: netflix.com)
(10: empty)
(11: sohu.com)
(12: empty)
(13: empty)
(14: empty)
(15: empty)
(16: empty)
(17: empty)
(18: empty)
accuweather.com
(0: gmw.cn)
(1: doubleclick.net)
(2: google.es)
(3: empty)
(4: accuweather.com)
(5: chinadaily.com.cn)
(6: googleweblight.com)
(7: msn.com)
(8: empty)
(9: netflix.com)
(10: empty)
(11: sohu.com)
(12: empty)
(13: empty)
(14: empty)
(15: empty)
(16: empty)
(17: empty)
(18: empty)
gmw.cn
(0: gmw.cn)
(1: doubleclick.net)
(2: google.es)
(3: empty)
(4: accuweather.com)
(5: chinadaily.com.cn)
(6: googleweblight.com)
(7: msn.com)
(8: empty)
(9: netflix.com)
(10: empty)
(11: sohu.com)
(12: empty)
(13: empty)
(14: empty)
(15: empty)
(16: empty)
(17: empty)
(18: empty)
(19: weibo.com)
(0: gmw.cn)
(1: doubleclick.net)
(2: google.es)
(3: empty)
(4: accuweather.com)
(5: chinadaily.com.cn)
(6: googleweblight.com)
(7: msn.com)
(8: empty)
(9: netflix.com)
(10: empty)
(11: sohu.com)
(12: empty)
(13: empty)
(14: empty)
(15: empty)
(16: empty)
(17: empty)
(18: google.fr)
google.fr
bing.com
